Component: ARM Compiler 5.06 update 7 (build 960) Tool: armlink [4d3601]

==============================================================================

Section Cross References

    startup_stm32f103xb.o(RESET) refers to startup_stm32f103xb.o(STACK) for __initial_sp
    startup_stm32f103xb.o(RESET) refers to startup_stm32f103xb.o(.text) for Reset_Handler
    startup_stm32f103xb.o(RESET) refers to stm32f1xx_it.o(i.NMI_Handler) for NMI_Handler
    startup_stm32f103xb.o(RESET) refers to stm32f1xx_it.o(i.HardFault_Handler) for HardFault_Handler
    startup_stm32f103xb.o(RESET) refers to stm32f1xx_it.o(i.MemManage_Handler) for MemManage_Handler
    startup_stm32f103xb.o(RESET) refers to stm32f1xx_it.o(i.BusFault_Handler) for BusFault_Handler
    startup_stm32f103xb.o(RESET) refers to stm32f1xx_it.o(i.UsageFault_Handler) for UsageFault_Handler
    startup_stm32f103xb.o(RESET) refers to port.o(.emb_text) for SVC_Handler
    startup_stm32f103xb.o(RESET) refers to stm32f1xx_it.o(i.DebugMon_Handler) for DebugMon_Handler
    startup_stm32f103xb.o(RESET) refers to cmsis_os2.o(i.SysTick_Handler) for SysTick_Handler
    startup_stm32f103xb.o(RESET) refers to stm32f1xx_it.o(i.USB_LP_CAN1_RX0_IRQHandler) for USB_LP_CAN1_RX0_IRQHandler
    startup_stm32f103xb.o(RESET) refers to stm32f1xx_it.o(i.TIM4_IRQHandler) for TIM4_IRQHandler
    startup_stm32f103xb.o(RESET) refers to stm32f1xx_it.o(i.USART2_IRQHandler) for USART2_IRQHandler
    startup_stm32f103xb.o(.text) refers to system_stm32f1xx.o(i.SystemInit) for SystemInit
    startup_stm32f103xb.o(.text) refers to entry.o(.ARM.Collect$$$$00000000) for __main
    main.o(i.HAL_TIM_PeriodElapsedCallback) refers to stm32f1xx_hal.o(i.HAL_IncTick) for HAL_IncTick
    main.o(i.SystemClock_Config) refers to memseta.o(.text) for __aeabi_memclr4
    main.o(i.SystemClock_Config) refers to stm32f1xx_hal_rcc.o(i.HAL_RCC_OscConfig) for HAL_RCC_OscConfig
    main.o(i.SystemClock_Config) refers to stm32f1xx_hal_rcc.o(i.HAL_RCC_ClockConfig) for HAL_RCC_ClockConfig
    main.o(i.main) refers to stm32f1xx_hal.o(i.HAL_Init) for HAL_Init
    main.o(i.main) refers to main.o(i.SystemClock_Config) for SystemClock_Config
    main.o(i.main) refers to gpio.o(i.MX_GPIO_Init) for MX_GPIO_Init
    main.o(i.main) refers to can.o(i.MX_CAN_Init) for MX_CAN_Init
    main.o(i.main) refers to usart.o(i.MX_USART1_UART_Init) for MX_USART1_UART_Init
    main.o(i.main) refers to usart.o(i.MX_USART2_UART_Init) for MX_USART2_UART_Init
    main.o(i.main) refers to stm32f1xx_hal_uart.o(i.HAL_UART_Receive_IT) for HAL_UART_Receive_IT
    main.o(i.main) refers to cmsis_os2.o(i.osKernelInitialize) for osKernelInitialize
    main.o(i.main) refers to freertos.o(i.MX_FREERTOS_Init) for MX_FREERTOS_Init
    main.o(i.main) refers to cmsis_os2.o(i.osKernelStart) for osKernelStart
    main.o(i.main) refers to esp8266.o(.data) for aRxBuffer
    main.o(i.main) refers to usart.o(.bss) for huart2
    gpio.o(i.MX_GPIO_Init) refers to stm32f1xx_hal_gpio.o(i.HAL_GPIO_WritePin) for HAL_GPIO_WritePin
    gpio.o(i.MX_GPIO_Init) refers to stm32f1xx_hal_gpio.o(i.HAL_GPIO_Init) for HAL_GPIO_Init
    freertos.o(i.MX_FREERTOS_Init) refers to cmsis_os2.o(i.osMessageQueueNew) for osMessageQueueNew
    freertos.o(i.MX_FREERTOS_Init) refers to cmsis_os2.o(i.osThreadNew) for osThreadNew
    freertos.o(i.MX_FREERTOS_Init) refers to freertos.o(.constdata) for .constdata
    freertos.o(i.MX_FREERTOS_Init) refers to freertos.o(.data) for .data
    freertos.o(i.MX_FREERTOS_Init) refers to freertos.o(i.StartDefaultTask) for StartDefaultTask
    freertos.o(i.MX_FREERTOS_Init) refers to wifi_task.o(i.WiFiStartTask) for WiFiStartTask
    freertos.o(i.MX_FREERTOS_Init) refers to can_task.o(i.CANStartTask) for CANStartTask
    freertos.o(i.MX_FREERTOS_Init) refers to oled_task.o(i.OLEDStartTask) for OLEDStartTask
    freertos.o(i.StartDefaultTask) refers to cmsis_os2.o(i.osDelay) for osDelay
    freertos.o(.constdata) refers to freertos.o(.conststring) for .conststring
    can.o(i.HAL_CAN_MspDeInit) refers to stm32f1xx_hal_gpio.o(i.HAL_GPIO_DeInit) for HAL_GPIO_DeInit
    can.o(i.HAL_CAN_MspDeInit) refers to stm32f1xx_hal_cortex.o(i.HAL_NVIC_DisableIRQ) for HAL_NVIC_DisableIRQ
    can.o(i.HAL_CAN_MspInit) refers to stm32f1xx_hal_gpio.o(i.HAL_GPIO_Init) for HAL_GPIO_Init
    can.o(i.HAL_CAN_MspInit) refers to stm32f1xx_hal_cortex.o(i.HAL_NVIC_SetPriority) for HAL_NVIC_SetPriority
    can.o(i.HAL_CAN_MspInit) refers to stm32f1xx_hal_cortex.o(i.HAL_NVIC_EnableIRQ) for HAL_NVIC_EnableIRQ
    can.o(i.MX_CAN_Init) refers to stm32f1xx_hal_can.o(i.HAL_CAN_Init) for HAL_CAN_Init
    can.o(i.MX_CAN_Init) refers to main.o(i.Error_Handler) for Error_Handler
    can.o(i.MX_CAN_Init) refers to can.o(.bss) for .bss
    usart.o(i.HAL_UART_MspDeInit) refers to stm32f1xx_hal_gpio.o(i.HAL_GPIO_DeInit) for HAL_GPIO_DeInit
[...]
    i.UsageFault_Handler                     0x08002edc   Section        0  stm32f1xx_it.o(i.UsageFault_Handler)
    i.Usart_SendString                       0x08002ede   Section        0  usart.o(i.Usart_SendString)
    i.WiFiStartTask                          0x08002f0c   Section        0  wifi_task.o(i.WiFiStartTask)
    i.__0printf                              0x08002fc4   Section        0  printfa.o(i.__0printf)
    i.__0sprintf                             0x08002fe4   Section        0  printfa.o(i.__0sprintf)
    i.__NVIC_SetPriority                     0x0800300c   Section        0  stm32f1xx_hal_cortex.o(i.__NVIC_SetPriority)
    __NVIC_SetPriority                       0x0800300d   Thumb Code    32  stm32f1xx_hal_cortex.o(i.__NVIC_SetPriority)
    i.__scatterload_copy                     0x0800302c   Section       14  handlers.o(i.__scatterload_copy)
    i.__scatterload_null                     0x0800303a   Section        2  handlers.o(i.__scatterload_null)
    i.__scatterload_zeroinit                 0x0800303c   Section       14  handlers.o(i.__scatterload_zeroinit)
    i._fp_digits                             0x0800304c   Section        0  printfa.o(i._fp_digits)
    _fp_digits                               0x0800304d   Thumb Code   366  printfa.o(i._fp_digits)
    i._printf_core                           0x080031d0   Section        0  printfa.o(i._printf_core)
    _printf_core                             0x080031d1   Thumb Code  1704  printfa.o(i._printf_core)
    i._printf_post_padding                   0x08003884   Section        0  printfa.o(i._printf_post_padding)
    _printf_post_padding                     0x08003885   Thumb Code    36  printfa.o(i._printf_post_padding)
    i._printf_pre_padding                    0x080038a8   Section        0  printfa.o(i._printf_pre_padding)
    _printf_pre_padding                      0x080038a9   Thumb Code    46  printfa.o(i._printf_pre_padding)
    i._sputc                                 0x080038d6   Section        0  printfa.o(i._sputc)
    _sputc                                   0x080038d7   Thumb Code    10  printfa.o(i._sputc)
    i.fputc                                  0x080038e0   Section        0  usart.o(i.fputc)
    i.main                                   0x080038f8   Section        0  main.o(i.main)
    i.osDelay                                0x08003930   Section        0  cmsis_os2.o(i.osDelay)
    i.osKernelInitialize                     0x0800394c   Section        0  cmsis_os2.o(i.osKernelInitialize)
    i.osKernelStart                          0x08003970   Section        0  cmsis_os2.o(i.osKernelStart)
    i.osMessageQueueGet                      0x080039a8   Section        0  cmsis_os2.o(i.osMessageQueueGet)
    i.osMessageQueueNew                      0x08003a0c   Section        0  cmsis_os2.o(i.osMessageQueueNew)
    i.osMessageQueuePut                      0x08003a64   Section        0  cmsis_os2.o(i.osMessageQueuePut)
    i.osThreadNew                            0x08003acc   Section        0  cmsis_os2.o(i.osThreadNew)
    i.prvAddCurrentTaskToDelayedList         0x08003b58   Section        0  tasks.o(i.prvAddCurrentTaskToDelayedList)
    prvAddCurrentTaskToDelayedList           0x08003b59   Thumb Code    84  tasks.o(i.prvAddCurrentTaskToDelayedList)
    i.prvAddNewTaskToReadyList               0x08003bb4   Section        0  tasks.o(i.prvAddNewTaskToReadyList)
    prvAddNewTaskToReadyList                 0x08003bb5   Thumb Code   190  tasks.o(i.prvAddNewTaskToReadyList)
    i.prvCheckForValidListAndQueue           0x08003c84   Section        0  timers.o(i.prvCheckForValidListAndQueue)
    prvCheckForValidListAndQueue             0x08003c85   Thumb Code    72  timers.o(i.prvCheckForValidListAndQueue)
    i.prvCopyDataFromQueue                   0x08003cdc   Section        0  queue.o(i.prvCopyDataFromQueue)
    prvCopyDataFromQueue                     0x08003cdd   Thumb Code    38  queue.o(i.prvCopyDataFromQueue)
    i.prvCopyDataToQueue                     0x08003d02   Section        0  queue.o(i.prvCopyDataToQueue)
    prvCopyDataToQueue                       0x08003d03   Thumb Code   108  queue.o(i.prvCopyDataToQueue)
    i.prvDeleteTCB                           0x08003d6e   Section        0  tasks.o(i.prvDeleteTCB)
    prvDeleteTCB                             0x08003d6f   Thumb Code    52  tasks.o(i.prvDeleteTCB)
    i.prvHeapInit                            0x08003da4   Section        0  heap_4.o(i.prvHeapInit)
    prvHeapInit                              0x08003da5   Thumb Code    66  heap_4.o(i.prvHeapInit)
    i.prvIdleTask                            0x08003df0   Section        0  tasks.o(i.prvIdleTask)
    prvIdleTask                              0x08003df1   Thumb Code    82  tasks.o(i.prvIdleTask)
    i.prvInitialiseNewQueue                  0x08003e50   Section        0  queue.o(i.prvInitialiseNewQueue)
    prvInitialiseNewQueue                    0x08003e51   Thumb Code    34  queue.o(i.prvInitialiseNewQueue)
    i.prvInitialiseNewTask                   0x08003e74   Section        0  tasks.o(i.prvInitialiseNewTask)
    prvInitialiseNewTask                     0x08003e75   Thumb Code   176  tasks.o(i.prvInitialiseNewTask)
    i.prvInsertBlockIntoFreeList             0x08003f24   Section        0  heap_4.o(i.prvInsertBlockIntoFreeList)
    prvInsertBlockIntoFreeList               0x08003f25   Thumb Code    72  heap_4.o(i.prvInsertBlockIntoFreeList)
    i.prvInsertTimerInActiveList             0x08003f70   Section        0  timers.o(i.prvInsertTimerInActiveList)
    prvInsertTimerInActiveList               0x08003f71   Thumb Code    52  timers.o(i.prvInsertTimerInActiveList)
    i.prvIsQueueEmpty                        0x08003fa8   Section        0  queue.o(i.prvIsQueueEmpty)
    prvIsQueueEmpty                          0x08003fa9   Thumb Code    28  queue.o(i.prvIsQueueEmpty)
    i.prvProcessReceivedCommands             0x08003fc4   Section        0  timers.o(i.prvProcessReceivedCommands)
    prvProcessReceivedCommands               0x08003fc5   Thumb Code   248  timers.o(i.prvProcessReceivedCommands)
    i.prvProcessTimerOrBlockTask             0x080040c0   Section        0  timers.o(i.prvProcessTimerOrBlockTask)
    prvProcessTimerOrBlockTask               0x080040c1   Thumb Code   182  timers.o(i.prvProcessTimerOrBlockTask)
    i.prvResetNextTaskUnblockTime            0x08004180   Section        0  tasks.o(i.prvResetNextTaskUnblockTime)
    prvResetNextTaskUnblockTime              0x08004181   Thumb Code    26  tasks.o(i.prvResetNextTaskUnblockTime)
    i.prvSampleTimeNow                       0x080041a0   Section        0  timers.o(i.prvSampleTimeNow)
    prvSampleTimeNow                         0x080041a1   Thumb Code    36  timers.o(i.prvSampleTimeNow)
    i.prvSwitchTimerLists                    0x080041c8   Section        0  timers.o(i.prvSwitchTimerLists)
    prvSwitchTimerLists                      0x080041c9   Thumb Code   104  timers.o(i.prvSwitchTimerLists)
    i.prvTaskExitError                       0x08004234   Section        0  port.o(i.prvTaskExitError)
    prvTaskExitError                         0x08004235   Thumb Code    36  port.o(i.prvTaskExitError)
    i.prvTimerTask                           0x0800425c   Section        0  timers.o(i.prvTimerTask)
    prvTimerTask                             0x0800425d   Thumb Code    32  timers.o(i.prvTimerTask)
    i.prvUnlockQueue                         0x08004280   Section        0  queue.o(i.prvUnlockQueue)
    prvUnlockQueue                           0x08004281   Thumb Code   106  queue.o(i.prvUnlockQueue)
    i.pvPortMalloc                           0x080042ec   Section        0  heap_4.o(i.pvPortMalloc)
    i.pxPortInitialiseStack                  0x080043c8   Section        0  port.o(i.pxPortInitialiseStack)
    i.uxListRemove                           0x080043ec   Section        0  list.o(i.uxListRemove)
    i.vApplicationGetIdleTaskMemory          0x08004414   Section        0  cmsis_os2.o(i.vApplicationGetIdleTaskMemory)
    i.vApplicationGetTimerTaskMemory         0x08004428   Section        0  cmsis_os2.o(i.vApplicationGetTimerTaskMemory)
    i.vListInitialise                        0x08004440   Section        0  list.o(i.vListInitialise)
    i.vListInitialiseItem                    0x08004456   Section        0  list.o(i.vListInitialiseItem)
    i.vListInsert                            0x0800445c   Section        0  list.o(i.vListInsert)
    i.vListInsertEnd                         0x0800448c   Section        0  list.o(i.vListInsertEnd)
    i.vPortEnterCritical                     0x080044a4   Section        0  port.o(i.vPortEnterCritical)
    i.vPortExitCritical                      0x080044e4   Section        0  port.o(i.vPortExitCritical)
    i.vPortFree                              0x0800450c   Section        0  heap_4.o(i.vPortFree)
    i.vPortSetupTimerInterrupt               0x08004570   Section        0  port.o(i.vPortSetupTimerInterrupt)
    i.vPortValidateInterruptPriority         0x08004594   Section        0  port.o(i.vPortValidateInterruptPriority)
    i.vQueueAddToRegistry                    0x080045e8   Section        0  queue.o(i.vQueueAddToRegistry)
    i.vQueueWaitForMessageRestricted         0x08004610   Section        0  queue.o(i.vQueueWaitForMessageRestricted)
    i.vTaskDelay                             0x08004654   Section        0  tasks.o(i.vTaskDelay)
    i.vTaskInternalSetTimeOutState           0x080046a0   Section        0  tasks.o(i.vTaskInternalSetTimeOutState)
    i.vTaskMissedYield                       0x080046b0   Section        0  tasks.o(i.vTaskMissedYield)
    i.vTaskPlaceOnEventList                  0x080046bc   Section        0  tasks.o(i.vTaskPlaceOnEventList)
    i.vTaskPlaceOnEventListRestricted        0x080046ec   Section        0  tasks.o(i.vTaskPlaceOnEventListRestricted)
    i.vTaskStartScheduler                    0x08004724   Section        0  tasks.o(i.vTaskStartScheduler)
    i.vTaskSuspendAll                        0x080047ac   Section        0  tasks.o(i.vTaskSuspendAll)
    i.vTaskSwitchContext                     0x080047bc   Section        0  tasks.o(i.vTaskSwitchContext)
    i.xPortStartScheduler                    0x08004820   Section        0  port.o(i.xPortStartScheduler)
    i.xPortSysTickHandler                    0x080048c8   Section        0  port.o(i.xPortSysTickHandler)
    i.xQueueGenericCreate                    0x080048f4   Section        0  queue.o(i.xQueueGenericCreate)
    i.xQueueGenericCreateStatic              0x08004936   Section        0  queue.o(i.xQueueGenericCreateStatic)
    i.xQueueGenericReset                     0x0800499c   Section        0  queue.o(i.xQueueGenericReset)
    i.xQueueGenericSend                      0x08004a24   Section        0  queue.o(i.xQueueGenericSend)
    i.xQueueGenericSendFromISR               0x08004b84   Section        0  queue.o(i.xQueueGenericSendFromISR)
    i.xQueueReceive                          0x08004c44   Section        0  queue.o(i.xQueueReceive)
    i.xQueueReceiveFromISR                   0x08004d7c   Section        0  queue.o(i.xQueueReceiveFromISR)
    i.xTaskCheckForTimeOut                   0x08004e18   Section        0  tasks.o(i.xTaskCheckForTimeOut)
    i.xTaskCreate                            0x08004e8c   Section        0  tasks.o(i.xTaskCreate)
    i.xTaskCreateStatic                      0x08004ee6   Section        0  tasks.o(i.xTaskCreateStatic)
    i.xTaskGetSchedulerState                 0x08004f3c   Section        0  tasks.o(i.xTaskGetSchedulerState)
    i.xTaskGetTickCount                      0x08004f58   Section        0  tasks.o(i.xTaskGetTickCount)
    i.xTaskIncrementTick                     0x08004f64   Section        0  tasks.o(i.xTaskIncrementTick)
    i.xTaskPriorityDisinherit                0x0800502c   Section        0  tasks.o(i.xTaskPriorityDisinherit)
    i.xTaskRemoveFromEventList               0x080050ac   Section        0  tasks.o(i.xTaskRemoveFromEventList)
    i.xTaskResumeAll                         0x0800511c   Section        0  tasks.o(i.xTaskResumeAll)
    i.xTimerCreateTimerTask                  0x080051e0   Section        0  timers.o(i.xTimerCreateTimerTask)
    i.xTimerGenericCommand                   0x08005240   Section        0  timers.o(i.xTimerGenericCommand)
    .constdata                               0x080052a8   Section      192  freertos.o(.constdata)
    .constdata                               0x08005368   Section     2608  oled.o(.constdata)
    .constdata                               0x08005d98   Section       18  stm32f1xx_hal_rcc.o(.constdata)
    aPredivFactorTable                       0x08005d98   Data           2  stm32f1xx_hal_rcc.o(.constdata)
    aPLLMULFactorTable                       0x08005d9a   Data          16  stm32f1xx_hal_rcc.o(.constdata)
    .constdata                               0x08005daa   Section       16  system_stm32f1xx.o(.constdata)
    .constdata                               0x08005dba   Section        8  system_stm32f1xx.o(.constdata)
    .conststring                             0x08005dc4   Section       68  freertos.o(.conststring)
    .conststring                             0x08005e08   Section      401  esp8266.o(.conststring)
    .data                                    0x20000000   Section       24  freertos.o(.data)
    .data                                    0x20000018   Section       36  esp8266.o(.data)
    .data                                    0x2000003c   Section       12  stm32f1xx_hal.o(.data)
    .data                                    0x20000048   Section        4  system_stm32f1xx.o(.data)
    .data                                    0x2000004c   Section       60  tasks.o(.data)
    uxDeletedTasksWaitingCleanUp             0x20000050   Data           4  tasks.o(.data)
    uxCurrentNumberOfTasks                   0x20000054   Data           4  tasks.o(.data)
    xTickCount                               0x20000058   Data           4  tasks.o(.data)
    uxTopReadyPriority                       0x2000005c   Data           4  tasks.o(.data)
    xSchedulerRunning                        0x20000060   Data           4  tasks.o(.data)
    xPendedTicks                             0x20000064   Data           4  tasks.o(.data)
    xYieldPending                            0x20000068   Data           4  tasks.o(.data)
    xNumOfOverflows                          0x2000006c   Data           4  tasks.o(.data)
    uxTaskNumber                             0x20000070   Data           4  tasks.o(.data)
    xNextTaskUnblockTime                     0x20000074   Data           4  tasks.o(.data)
    xIdleTaskHandle                          0x20000078   Data           4  tasks.o(.data)
    uxSchedulerSuspended                     0x2000007c   Data           4  tasks.o(.data)
    pxDelayedTaskList                        0x20000080   Data           4  tasks.o(.data)
    pxOverflowDelayedTaskList                0x20000084   Data           4  tasks.o(.data)
    .data                                    0x20000088   Section       20  timers.o(.data)
    xTimerQueue                              0x20000088   Data           4  timers.o(.data)
    xTimerTaskHandle                         0x2000008c   Data           4  timers.o(.data)
    xLastTime                                0x20000090   Data           4  timers.o(.data)
    pxCurrentTimerList                       0x20000094   Data           4  timers.o(.data)
    pxOverflowTimerList                      0x20000098   Data           4  timers.o(.data)
    .data                                    0x2000009c   Section        4  cmsis_os2.o(.data)
    KernelState                              0x2000009c   Data           4  cmsis_os2.o(.data)
    .data                                    0x200000a0   Section       32  heap_4.o(.data)
    pxEnd                                    0x200000a0   Data           4  heap_4.o(.data)
    xFreeBytesRemaining                      0x200000a4   Data           4  heap_4.o(.data)
    xMinimumEverFreeBytesRemaining           0x200000a8   Data           4  heap_4.o(.data)
    xNumberOfSuccessfulAllocations           0x200000ac   Data           4  heap_4.o(.data)
    xNumberOfSuccessfulFrees                 0x200000b0   Data           4  heap_4.o(.data)
    xBlockAllocatedBit                       0x200000b4   Data           4  heap_4.o(.data)
    xStart                                   0x200000b8   Data           8  heap_4.o(.data)
    .data                                    0x200000c0   Section       12  port.o(.data)
    ucMaxSysCallPriority                     0x200000c0   Data           1  port.o(.data)
    uxCriticalNesting                        0x200000c4   Data           4  port.o(.data)
    ulMaxPRIGROUPValue                       0x200000c8   Data           4  port.o(.data)
    .data                                    0x200000cc   Section        4  stdout.o(.data)
    .bss                                     0x200000d0   Section       40  can.o(.bss)
    .bss                                     0x200000f8   Section      144  usart.o(.bss)
    .bss                                     0x20000188   Section       72  stm32f1xx_hal_timebase_tim.o(.bss)
    .bss                                     0x200001d0   Section      512  esp8266.o(.bss)
    .bss                                     0x200003d0   Section       64  queue.o(.bss)
    .bss                                     0x20000410   Section     1220  tasks.o(.bss)
    pxReadyTasksLists                        0x20000410   Data        1120  tasks.o(.bss)
    xDelayedTaskList1                        0x20000870   Data          20  tasks.o(.bss)
    xDelayedTaskList2                        0x20000884   Data          20  tasks.o(.bss)
    xPendingReadyList                        0x20000898   Data          20  tasks.o(.bss)
    xTasksWaitingTermination                 0x200008ac   Data          20  tasks.o(.bss)
    xSuspendedTaskList                       0x200008c0   Data          20  tasks.o(.bss)
    .bss                                     0x200008d4   Section      280  timers.o(.bss)
    xStaticTimerQueue                        0x200008d4   Data          80  timers.o(.bss)
    ucStaticTimerQueueStorage                0x20000924   Data         160  timers.o(.bss)
    xActiveTimerList1                        0x200009c4   Data          20  timers.o(.bss)
    xActiveTimerList2                        0x200009d8   Data          20  timers.o(.bss)
    .bss                                     0x200009ec   Section     1720  cmsis_os2.o(.bss)
    Idle_TCB                                 0x200009ec   Data          92  cmsis_os2.o(.bss)
    Idle_Stack                               0x20000a48   Data         512  cmsis_os2.o(.bss)
    Timer_TCB                                0x20000c48   Data          92  cmsis_os2.o(.bss)
    Timer_Stack                              0x20000ca4   Data        1024  cmsis_os2.o(.bss)
    .bss                                     0x200010a4   Section     5120  heap_4.o(.bss)
    ucHeap                                   0x200010a4   Data        5120  heap_4.o(.bss)
    STACK                                    0x200024a8   Section     1024  startup_stm32f103xb.o(STACK)

    Global Symbols

    Symbol Name                              Value     Ov Type        Size  Object(Section)

    BuildAttributes$$THM_ISAv4$P$D$K$B$S$PE$A:L22UL41UL21$X:L11$S22US41US21$IEEE1$IW$USESV6$~STKCKD$USESV7$~SHL$OTIME$ROPI$EBA8$MICROLIB$REQ8$PRES8$EABIv2 0x00000000   Number         0  anon$$obj.o ABSOLUTE
    __ARM_use_no_argv                        0x00000000   Number         0  main.o ABSOLUTE
    _printf_a                                0x00000000   Number         0  stubs.o ABSOLUTE
    _printf_c                                0x00000000   Number         0  stubs.o ABSOLUTE
    _printf_charcount                        0x00000000   Number         0  stubs.o ABSOLUTE
    _printf_d                                0x00000000   Number         0  stubs.o ABSOLUTE
    _printf_e                                0x00000000   Number         0  stubs.o ABSOLUTE
    _printf_f                                0x00000000   Number         0  stubs.o ABSOLUTE
    _printf_flags                            0x00000000   Number         0  stubs.o ABSOLUTE
    _printf_fp_dec                           0x00000000   Number         0  stubs.o ABSOLUTE
    _printf_fp_hex                           0x00000000   Number         0  stubs.o ABSOLUTE
    _printf_g                                0x00000000   Number         0  stubs.o ABSOLUTE
    _printf_i                                0x00000000   Number         0  stubs.o ABSOLUTE
    _printf_int_dec                          0x00000000   Number         0  stubs.o ABSOLUTE
    _printf_l                                0x00000000   Number         0  stubs.o ABSOLUTE
    _printf_lc                               0x00000000   Number         0  stubs.o ABSOLUTE
    _printf_ll                               0x00000000   Number         0  stubs.o ABSOLUTE
    _printf_lld                              0x00000000   Number         0  stubs.o ABSOLUTE
    _printf_lli                              0x00000000   Number         0  stubs.o ABSOLUTE
    _printf_llo                              0x00000000   Number         0  stubs.o ABSOLUTE
    _printf_llu                              0x00000000   Number         0  stubs.o ABSOLUTE
    _printf_llx                              0x00000000   Number         0  stubs.o ABSOLUTE
    _printf_longlong_dec                     0x00000000   Number         0  stubs.o ABSOLUTE
    _printf_longlong_hex                     0x00000000   Number         0  stubs.o ABSOLUTE
    _printf_longlong_oct                     0x00000000   Number         0  stubs.o ABSOLUTE
    _printf_ls                               0x00000000   Number         0  stubs.o ABSOLUTE
    _printf_mbtowc                           0x00000000   Number         0  stubs.o ABSOLUTE
    _printf_n                                0x00000000   Number         0  stubs.o ABSOLUTE
    _printf_o                                0x00000000   Number         0  stubs.o ABSOLUTE
    _printf_p                                0x00000000   Number         0  stubs.o ABSOLUTE
    _printf_percent                          0x00000000   Number         0  stubs.o ABSOLUTE
    _printf_pre_padding                      0x00000000   Number         0  stubs.o ABSOLUTE
    _printf_return_value                     0x00000000   Number         0  stubs.o ABSOLUTE
    _printf_s                                0x00000000   Number         0  stubs.o ABSOLUTE
    _printf_sizespec                         0x00000000   Number         0  stubs.o ABSOLUTE
    _printf_str                              0x00000000   Number         0  stubs.o ABSOLUTE
    _printf_truncate_signed                  0x00000000   Number         0  stubs.o ABSOLUTE
    _printf_truncate_unsigned                0x00000000   Number         0  stubs.o ABSOLUTE
    _printf_u                                0x00000000   Number         0  stubs.o ABSOLUTE
    _printf_wc                               0x00000000   Number         0  stubs.o ABSOLUTE
    _printf_wctomb                           0x00000000   Number         0  stubs.o ABSOLUTE
    _printf_widthprec                        0x00000000   Number         0  stubs.o ABSOLUTE
    _printf_x                                0x00000000   Number         0  stubs.o ABSOLUTE
    __arm_fini_                               - Undefined Weak Reference
    __cpp_initialize__aeabi_                  - Undefined Weak Reference
    __cxa_finalize                            - Undefined Weak Reference
    __decompress                              - Undefined Weak Reference
    _clock_init                               - Undefined Weak Reference
    _microlib_exit                            - Undefined Weak Reference
    __Vectors_Size                           0x000000ec   Number         0  startup_stm32f103xb.o ABSOLUTE
    __Vectors                                0x08000000   Data           4  startup_stm32f103xb.o(RESET)
    __Vectors_End                            0x080000ec   Data           0  startup_stm32f103xb.o(RESET)
    __main                                   0x080000ed   Thumb Code     0  entry.o(.ARM.Collect$$$$00000000)
    _main_stk                                0x080000ed   Thumb Code     0  entry2.o(.ARM.Collect$$$$00000001)
    _main_scatterload                        0x080000f1   Thumb Code     0  entry5.o(.ARM.Collect$$$$00000004)
    __main_after_scatterload                 0x080000f5   Thumb Code     0  entry5.o(.ARM.Collect$$$$00000004)
    _main_clock                              0x080000f5   Thumb Code     0  entry7b.o(.ARM.Collect$$$$00000008)
    _main_cpp_init                           0x080000f5   Thumb Code     0  entry8b.o(.ARM.Collect$$$$0000000A)
    _main_init                               0x080000f5   Thumb Code     0  entry9a.o(.ARM.Collect$$$$0000000B)
    __rt_lib_shutdown_fini                   0x080000fd   Thumb Code     0  entry12b.o(.ARM.Collect$$$$0000000E)
    __rt_final_cpp                           0x08000101   Thumb Code     0  entry10a.o(.ARM.Collect$$$$0000000F)
    __rt_final_exit                          0x08000101   Thumb Code     0  entry11a.o(.ARM.Collect$$$$00000011)
    SVC_Handler                              0x08000105   Thumb Code    32  port.o(.emb_text)
    __asm___6_port_c_39a90d8d__prvStartFirstTask 0x08000129   Thumb Code    28  port.o(.emb_text)
    PendSV_Handler                           0x08000149   Thumb Code    72  port.o(.emb_text)
    vPortGetIPSR                             0x08000195   Thumb Code     6  port.o(.emb_text)
    Reset_Handler                            0x0800019d   Thumb Code     8  startup_stm32f103xb.o(.text)
    ADC1_2_IRQHandler                        0x080001b7   Thumb Code     0  startup_stm32f103xb.o(.text)
    CAN1_RX1_IRQHandler                      0x080001b7   Thumb Code     0  startup_stm32f103xb.o(.text)
    CAN1_SCE_IRQHandler                      0x080001b7   Thumb Code     0  startup_stm32f103xb.o(.text)
    DMA1_Channel1_IRQHandler                 0x080001b7   Thumb Code     0  startup_stm32f103xb.o(.text)
    DMA1_Channel2_IRQHandler                 0x080001b7   Thumb Code     0  startup_stm32f103xb.o(.text)
    DMA1_Channel3_IRQHandler                 0x080001b7   Thumb Code     0  startup_stm32f103xb.o(.text)
    DMA1_Channel4_IRQHandler                 0x080001b7   Thumb Code     0  startup_stm32f103xb.o(.text)
    DMA1_Channel5_IRQHandler                 0x080001b7   Thumb Code     0  startup_stm32f103xb.o(.text)
    DMA1_Channel6_IRQHandler                 0x080001b7   Thumb Code     0  startup_stm32f103xb.o(.text)
    DMA1_Channel7_IRQHandler                 0x080001b7   Thumb Code     0  startup_stm32f103xb.o(.text)
    EXTI0_IRQHandler                         0x080001b7   Thumb Code     0  startup_stm32f103xb.o(.text)
    EXTI15_10_IRQHandler                     0x080001b7   Thumb Code     0  startup_stm32f103xb.o(.text)
    EXTI1_IRQHandler                         0x080001b7   Thumb Code     0  startup_stm32f103xb.o(.text)
    EXTI2_IRQHandler                         0x080001b7   Thumb Code     0  startup_stm32f103xb.o(.text)
    EXTI3_IRQHandler                         0x080001b7   Thumb Code     0  startup_stm32f103xb.o(.text)
    EXTI4_IRQHandler                         0x080001b7   Thumb Code     0  startup_stm32f103xb.o(.text)
    EXTI9_5_IRQHandler                       0x080001b7   Thumb Code     0  startup_stm32f103xb.o(.text)
    FLASH_IRQHandler                         0x080001b7   Thumb Code     0  startup_stm32f103xb.o(.text)
    I2C1_ER_IRQHandler                       0x080001b7   Thumb Code     0  startup_stm32f103xb.o(.text)
    I2C1_EV_IRQHandler                       0x080001b7   Thumb Code     0  startup_stm32f103xb.o(.text)
    I2C2_ER_IRQHandler                       0x080001b7   Thumb Code     0  startup_stm32f103xb.o(.text)
    I2C2_EV_IRQHandler                       0x080001b7   Thumb Code     0  startup_stm32f103xb.o(.text)
    PVD_IRQHandler                           0x080001b7   Thumb Code     0  startup_stm32f103xb.o(.text)
    RCC_IRQHandler                           0x080001b7   Thumb Code     0  startup_stm32f103xb.o(.text)
    RTC_Alarm_IRQHandler                     0x080001b7   Thumb Code     0  startup_stm32f103xb.o(.text)
    RTC_IRQHandler                           0x080001b7   Thumb Code     0  startup_stm32f103xb.o(.text)
    SPI1_IRQHandler                          0x080001b7   Thumb Code     0  startup_stm32f103xb.o(.text)
    SPI2_IRQHandler                          0x080001b7   Thumb Code     0  startup_stm32f103xb.o(.text)
    TAMPER_IRQHandler                        0x080001b7   Thumb Code     0  startup_stm32f103xb.o(.text)
    TIM1_BRK_IRQHandler                      0x080001b7   Thumb Code     0  startup_stm32f103xb.o(.text)
    TIM1_CC_IRQHandler                       0x080001b7   Thumb Code     0  startup_stm32f103xb.o(.text)
    TIM1_TRG_COM_IRQHandler                  0x080001b7   Thumb Code     0  startup_stm32f103xb.o(.text)
    TIM1_UP_IRQHandler                       0x080001b7   Thumb Code     0  startup_stm32f103xb.o(.text)
    TIM2_IRQHandler                          0x080001b7   Thumb Code     0  startup_stm32f103xb.o(.text)
    TIM3_IRQHandler                          0x080001b7   Thumb Code     0  startup_stm32f103xb.o(.text)
    USART1_IRQHandler                        0x080001b7   Thumb Code     0  startup_stm32f103xb.o(.text)
    USART3_IRQHandler                        0x080001b7   Thumb Code     0  startup_stm32f103xb.o(.text)
    USBWakeUp_IRQHandler                     0x080001b7   Thumb Code     0  startup_stm32f103xb.o(.text)
    USB_HP_CAN1_TX_IRQHandler                0x080001b7   Thumb Code     0  startup_stm32f103xb.o(.text)
    WWDG_IRQHandler                          0x080001b7   Thumb Code     0  startup_stm32f103xb.o(.text)
    __aeabi_llsr                             0x080001c1   Thumb Code    32  llushr.o(.text)
    _ll_ushift_r                             0x080001c1   Thumb Code     0  llushr.o(.text)
    __aeabi_memcpy                           0x080001e1   Thumb Code    36  memcpya.o(.text)
    __aeabi_memcpy4                          0x080001e1   Thumb Code     0  memcpya.o(.text)
    __aeabi_memcpy8                          0x080001e1   Thumb Code     0  memcpya.o(.text)
    __aeabi_memset                           0x08000205   Thumb Code    14  memseta.o(.text)
    __aeabi_memset4                          0x08000205   Thumb Code     0  memseta.o(.text)
    __aeabi_memset8                          0x08000205   Thumb Code     0  memseta.o(.text)
    __aeabi_memclr                           0x08000213   Thumb Code     4  memseta.o(.text)
    __aeabi_memclr4                          0x08000213   Thumb Code     0  memseta.o(.text)
    __aeabi_memclr8                          0x08000213   Thumb Code     0  memseta.o(.text)
    memset                                   0x08000217   Thumb Code    18  memseta.o(.text)
    strstr                                   0x08000229   Thumb Code    36  strstr.o(.text)
    strlen                                   0x0800024d   Thumb Code    14  strlen.o(.text)
    __aeabi_fadd                             0x0800025b   Thumb Code   164  fadd.o(.text)
    __aeabi_fsub                             0x080002ff   Thumb Code     6  fadd.o(.text)
    __aeabi_frsub                            0x08000305   Thumb Code     6  fadd.o(.text)
    __aeabi_fmul                             0x0800030b   Thumb Code   100  fmul.o(.text)
    __aeabi_fdiv                             0x0800036f   Thumb Code   124  fdiv.o(.text)
    __aeabi_ui2f                             0x080003eb   Thumb Code    10  ffltui.o(.text)
    __aeabi_f2uiz                            0x080003f5   Thumb Code    40  ffixui.o(.text)
    __aeabi_f2d                              0x0800041d   Thumb Code    38  f2d.o(.text)
    __aeabi_uidiv                            0x08000443   Thumb Code     0  uidiv.o(.text)
    __aeabi_uidivmod                         0x08000443   Thumb Code    44  uidiv.o(.text)
    __aeabi_uldivmod                         0x0800046f   Thumb Code    98  uldiv.o(.text)
    __I$use$fp                               0x080004d1   Thumb Code     0  iusefp.o(.text)
    _float_round                             0x080004d1   Thumb Code    18  fepilogue.o(.text)
    _float_epilogue                          0x080004e3   Thumb Code    92  fepilogue.o(.text)
    __aeabi_dadd                             0x0800053f   Thumb Code   322  dadd.o(.text)
    __aeabi_dsub                             0x08000681   Thumb Code     6  dadd.o(.text)
    __aeabi_drsub                            0x08000687   Thumb Code     6  dadd.o(.text)
    __aeabi_dmul                             0x0800068d   Thumb Code   228  dmul.o(.text)
    __aeabi_ddiv                             0x08000771   Thumb Code   222  ddiv.o(.text)
    __aeabi_d2ulz                            0x0800084f   Thumb Code    48  dfixul.o(.text)
    __aeabi_cdrcmple                         0x08000881   Thumb Code    48  cdrcmple.o(.text)
    __scatterload                            0x080008b1   Thumb Code    28  init.o(.text)
    __scatterload_rt2                        0x080008b1   Thumb Code     0  init.o(.text)
    __aeabi_llsl                             0x080008d5   Thumb Code    30  llshl.o(.text)
    _ll_shift_l                              0x080008d5   Thumb Code     0  llshl.o(.text)
    __aeabi_lasr                             0x080008f3   Thumb Code    36  llsshr.o(.text)
    _ll_sshift_r                             0x080008f3   Thumb Code     0  llsshr.o(.text)
    _double_round                            0x08000917   Thumb Code    30  depilogue.o(.text)
    _double_epilogue                         0x08000935   Thumb Code   156  depilogue.o(.text)
    BusFault_Handler                         0x080009d1   Thumb Code     2  stm32f1xx_it.o(i.BusFault_Handler)
    CANStartTask                             0x080009d3   Thumb Code    16  can_task.o(i.CANStartTask)
    CAN_Init                                 0x080009e5   Thumb Code    78  can_config.o(i.CAN_Init)
    CAN_ReceiveHandler                       0x08000a39   Thumb Code   142  can_task.o(i.CAN_ReceiveHandler)
    DebugMon_Handler                         0x08000af9   Thumb Code     2  stm32f1xx_it.o(i.DebugMon_Handler)
    ESP8266_Clear                            0x08000afd   Thumb Code    20  esp8266.o(i.ESP8266_Clear)
    ESP8266_Init                             0x08000b19   Thumb Code   332  esp8266.o(i.ESP8266_Init)
    ESP8266_SendCmd                          0x08000da1   Thumb Code   164  esp8266.o(i.ESP8266_SendCmd)
    ESP8266_WaitRecive                       0x08000e4d   Thumb Code    28  esp8266.o(i.ESP8266_WaitRecive)
    Error_Handler                            0x08000e6d   Thumb Code     4  main.o(i.Error_Handler)
    Esp_PUB                                  0x08000e71   Thumb Code    64  esp8266.o(i.Esp_PUB)
    HAL_CAN_ActivateNotification             0x08000ebd   Thumb Code    36  stm32f1xx_hal_can.o(i.HAL_CAN_ActivateNotification)
    HAL_CAN_ConfigFilter                     0x08000ee1   Thumb Code   238  stm32f1xx_hal_can.o(i.HAL_CAN_ConfigFilter)
    HAL_CAN_ErrorCallback                    0x08000fcf   Thumb Code     2  stm32f1xx_hal_can.o(i.HAL_CAN_ErrorCallback)
    HAL_CAN_GetRxMessage                     0x08000fd1   Thumb Code   244  stm32f1xx_hal_can.o(i.HAL_CAN_GetRxMessage)
    HAL_CAN_IRQHandler                       0x080010c5   Thumb Code   508  stm32f1xx_hal_can.o(i.HAL_CAN_IRQHandler)
    HAL_CAN_Init                             0x080012c1   Thumb Code   282  stm32f1xx_hal_can.o(i.HAL_CAN_Init)
    HAL_CAN_MspInit                          0x080013dd   Thumb Code   112  can.o(i.HAL_CAN_MspInit)
    HAL_CAN_RxFifo0FullCallback              0x08001459   Thumb Code     2  stm32f1xx_hal_can.o(i.HAL_CAN_RxFifo0FullCallback)
    HAL_CAN_RxFifo0MsgPendingCallback        0x0800145b   Thumb Code     4  can_config.o(i.HAL_CAN_RxFifo0MsgPendingCallback)
    HAL_CAN_RxFifo1FullCallback              0x0800145f   Thumb Code     2  stm32f1xx_hal_can.o(i.HAL_CAN_RxFifo1FullCallback)
    HAL_CAN_RxFifo1MsgPendingCallback        0x08001461   Thumb Code     2  stm32f1xx_hal_can.o(i.HAL_CAN_RxFifo1MsgPendingCallback)
    HAL_CAN_SleepCallback                    0x08001463   Thumb Code     2  stm32f1xx_hal_can.o(i.HAL_CAN_SleepCallback)
    HAL_CAN_Start                            0x08001465   Thumb Code    88  stm32f1xx_hal_can.o(i.HAL_CAN_Start)
    HAL_CAN_TxMailbox0AbortCallback          0x080014bd   Thumb Code     2  stm32f1xx_hal_can.o(i.HAL_CAN_TxMailbox0AbortCallback)
    HAL_CAN_TxMailbox0CompleteCallback       0x080014bf   Thumb Code     2  stm32f1xx_hal_can.o(i.HAL_CAN_TxMailbox0CompleteCallback)
    HAL_CAN_TxMailbox1AbortCallback          0x080014c1   Thumb Code     2  stm32f1xx_hal_can.o(i.HAL_CAN_TxMailbox1AbortCallback)
    HAL_CAN_TxMailbox1CompleteCallback       0x080014c3   Thumb Code     2  stm32f1xx_hal_can.o(i.HAL_CAN_TxMailbox1CompleteCallback)
    HAL_CAN_TxMailbox2AbortCallback          0x080014c5   Thumb Code     2  stm32f1xx_hal_can.o(i.HAL_CAN_TxMailbox2AbortCallback)
    HAL_CAN_TxMailbox2CompleteCallback       0x080014c7   Thumb Code     2  stm32f1xx_hal_can.o(i.HAL_CAN_TxMailbox2CompleteCallback)
    HAL_CAN_WakeUpFromRxMsgCallback          0x080014c9   Thumb Code     2  stm32f1xx_hal_can.o(i.HAL_CAN_WakeUpFromRxMsgCallback)
    HAL_DMA_Abort                            0x080014cb   Thumb Code    70  stm32f1xx_hal_dma.o(i.HAL_DMA_Abort)
    HAL_DMA_Abort_IT                         0x08001511   Thumb Code   148  stm32f1xx_hal_dma.o(i.HAL_DMA_Abort_IT)
    HAL_Delay                                0x080015a9   Thumb Code    32  stm32f1xx_hal.o(i.HAL_Delay)
    HAL_GPIO_Init                            0x080015cd   Thumb Code   446  stm32f1xx_hal_gpio.o(i.HAL_GPIO_Init)
    HAL_GPIO_WritePin                        0x080017ad   Thumb Code    10  stm32f1xx_hal_gpio.o(i.HAL_GPIO_WritePin)
    HAL_GetTick                              0x080017b9   Thumb Code     6  stm32f1xx_hal.o(i.HAL_GetTick)
    HAL_IncTick                              0x080017c5   Thumb Code    12  stm32f1xx_hal.o(i.HAL_IncTick)
    HAL_Init                                 0x080017d5   Thumb Code    32  stm32f1xx_hal.o(i.HAL_Init)
    HAL_InitTick                             0x080017f9   Thumb Code   132  stm32f1xx_hal_timebase_tim.o(i.HAL_InitTick)
    HAL_MspInit                              0x08001891   Thumb Code    62  stm32f1xx_hal_msp.o(i.HAL_MspInit)
    HAL_NVIC_EnableIRQ                       0x080018d9   Thumb Code    26  stm32f1xx_hal_cortex.o(i.HAL_NVIC_EnableIRQ)
    HAL_NVIC_SetPriority                     0x080018f5   Thumb Code    60  stm32f1xx_hal_cortex.o(i.HAL_NVIC_SetPriority)
    HAL_NVIC_SetPriorityGrouping             0x08001935   Thumb Code    26  stm32f1xx_hal_cortex.o(i.HAL_NVIC_SetPriorityGrouping)
    HAL_RCC_ClockConfig                      0x08001959   Thumb Code   280  stm32f1xx_hal_rcc.o(i.HAL_RCC_ClockConfig)
    HAL_RCC_GetClockConfig                   0x08001a85   Thumb Code    54  stm32f1xx_hal_rcc.o(i.HAL_RCC_GetClockConfig)
    HAL_RCC_GetPCLK1Freq                     0x08001ac5   Thumb Code    20  stm32f1xx_hal_rcc.o(i.HAL_RCC_GetPCLK1Freq)
    HAL_RCC_GetPCLK2Freq                     0x08001ae5   Thumb Code    20  stm32f1xx_hal_rcc.o(i.HAL_RCC_GetPCLK2Freq)
    HAL_RCC_GetSysClockFreq                  0x08001b05   Thumb Code    58  stm32f1xx_hal_rcc.o(i.HAL_RCC_GetSysClockFreq)
    HAL_RCC_OscConfig                        0x08001b51   Thumb Code   778  stm32f1xx_hal_rcc.o(i.HAL_RCC_OscConfig)
    HAL_TIMEx_BreakCallback                  0x08001e71   Thumb Code     2  stm32f1xx_hal_tim_ex.o(i.HAL_TIMEx_BreakCallback)
    HAL_TIMEx_CommutCallback                 0x08001e73   Thumb Code     2  stm32f1xx_hal_tim_ex.o(i.HAL_TIMEx_CommutCallback)
    HAL_TIM_Base_Init                        0x08001e75   Thumb Code    90  stm32f1xx_hal_tim.o(i.HAL_TIM_Base_Init)
    HAL_TIM_Base_MspInit                     0x08001ecf   Thumb Code     2  stm32f1xx_hal_tim.o(i.HAL_TIM_Base_MspInit)
    HAL_TIM_Base_Start_IT                    0x08001ed1   Thumb Code    76  stm32f1xx_hal_tim.o(i.HAL_TIM_Base_Start_IT)
    HAL_TIM_IC_CaptureCallback               0x08001f29   Thumb Code     2  stm32f1xx_hal_tim.o(i.HAL_TIM_IC_CaptureCallback)
    HAL_TIM_IRQHandler                       0x08001f2b   Thumb Code   304  stm32f1xx_hal_tim.o(i.HAL_TIM_IRQHandler)
    HAL_TIM_OC_DelayElapsedCallback          0x0800205b   Thumb Code     2  stm32f1xx_hal_tim.o(i.HAL_TIM_OC_DelayElapsedCallback)
    HAL_TIM_PWM_PulseFinishedCallback        0x0800205d   Thumb Code     2  stm32f1xx_hal_tim.o(i.HAL_TIM_PWM_PulseFinishedCallback)
    HAL_TIM_PeriodElapsedCallback            0x08002061   Thumb Code    14  main.o(i.HAL_TIM_PeriodElapsedCallback)
    HAL_TIM_TriggerCallback                  0x08002075   Thumb Code     2  stm32f1xx_hal_tim.o(i.HAL_TIM_TriggerCallback)
    HAL_UARTEx_RxEventCallback               0x08002077   Thumb Code     2  stm32f1xx_hal_uart.o(i.HAL_UARTEx_RxEventCallback)
    HAL_UART_ErrorCallback                   0x08002079   Thumb Code     2  stm32f1xx_hal_uart.o(i.HAL_UART_ErrorCallback)
    HAL_UART_IRQHandler                      0x0800207d   Thumb Code   616  stm32f1xx_hal_uart.o(i.HAL_UART_IRQHandler)
    HAL_UART_Init                            0x080022e9   Thumb Code   100  stm32f1xx_hal_uart.o(i.HAL_UART_Init)
    HAL_UART_MspInit                         0x0800234d   Thumb Code   186  usart.o(i.HAL_UART_MspInit)
    HAL_UART_Receive_IT                      0x08002419   Thumb Code    28  stm32f1xx_hal_uart.o(i.HAL_UART_Receive_IT)
    HAL_UART_RxCpltCallback                  0x08002435   Thumb Code    62  esp8266.o(i.HAL_UART_RxCpltCallback)
    HAL_UART_Transmit                        0x08002485   Thumb Code   160  stm32f1xx_hal_uart.o(i.HAL_UART_Transmit)
    HAL_UART_TxCpltCallback                  0x08002525   Thumb Code     2  stm32f1xx_hal_uart.o(i.HAL_UART_TxCpltCallback)
    HardFault_Handler                        0x08002527   Thumb Code     2  stm32f1xx_it.o(i.HardFault_Handler)
    MX_CAN_Init                              0x08002529   Thumb Code    58  can.o(i.MX_CAN_Init)
    MX_FREERTOS_Init                         0x0800256d   Thumb Code    88  freertos.o(i.MX_FREERTOS_Init)
    MX_GPIO_Init                             0x080025dd   Thumb Code   138  gpio.o(i.MX_GPIO_Init)
    MX_USART1_UART_Init                      0x08002675   Thumb Code    48  usart.o(i.MX_USART1_UART_Init)
    MX_USART2_UART_Init                      0x080026ad   Thumb Code    48  usart.o(i.MX_USART2_UART_Init)
    MemManage_Handler                        0x080026e5   Thumb Code     2  stm32f1xx_it.o(i.MemManage_Handler)
    NMI_Handler                              0x080026e7   Thumb Code     2  stm32f1xx_it.o(i.NMI_Handler)
    OLEDStartTask                            0x080026e9   Thumb Code   286  oled_task.o(i.OLEDStartTask)
    OLED_Clear                               0x08002881   Thumb Code    38  oled.o(i.OLED_Clear)
    OLED_I2C_Init                            0x080028a7   Thumb Code    22  oled.o(i.OLED_I2C_Init)
    OLED_I2C_SendByte                        0x080028bd   Thumb Code    58  oled.o(i.OLED_I2C_SendByte)
    OLED_I2C_Start                           0x080028f7   Thumb Code    30  oled.o(i.OLED_I2C_Start)
    OLED_I2C_Stop                            0x08002915   Thumb Code    24  oled.o(i.OLED_I2C_Stop)
    OLED_Init                                0x0800292d   Thumb Code   172  oled.o(i.OLED_Init)
    OLED_Pow                                 0x080029d9   Thumb Code    14  oled.o(i.OLED_Pow)
    OLED_SetCursor                           0x080029e7   Thumb Code    34  oled.o(i.OLED_SetCursor)
    OLED_ShowChar                            0x08002a09   Thumb Code    98  oled.o(i.OLED_ShowChar)
    OLED_ShowNum                             0x08002a71   Thumb Code    66  oled.o(i.OLED_ShowNum)
    OLED_ShowString                          0x08002ab3   Thumb Code    38  oled.o(i.OLED_ShowString)
    OLED_W_SCL                               0x08002ad9   Thumb Code    12  oled.o(i.OLED_W_SCL)
    OLED_W_SDA                               0x08002ae9   Thumb Code    12  oled.o(i.OLED_W_SDA)
    OLED_WriteCommand                        0x08002af9   Thumb Code    34  oled.o(i.OLED_WriteCommand)
    OLED_WriteData                           0x08002b1b   Thumb Code    34  oled.o(i.OLED_WriteData)
    StartDefaultTask                         0x08002b3d   Thumb Code     8  freertos.o(i.StartDefaultTask)
    SysTick_Handler                          0x08002b45   Thumb Code    26  cmsis_os2.o(i.SysTick_Handler)
    SystemClock_Config                       0x08002b5f   Thumb Code    94  main.o(i.SystemClock_Config)
    SystemInit                               0x08002bbd   Thumb Code     2  system_stm32f1xx.o(i.SystemInit)
    TIM4_IRQHandler                          0x08002bc1   Thumb Code     6  stm32f1xx_it.o(i.TIM4_IRQHandler)
    TIM_Base_SetConfig                       0x08002bcd   Thumb Code   108  stm32f1xx_hal_tim.o(i.TIM_Base_SetConfig)
    UART_Start_Receive_IT                    0x08002e1d   Thumb Code    54  stm32f1xx_hal_uart.o(i.UART_Start_Receive_IT)
    USART2_IRQHandler                        0x08002ec5   Thumb Code     6  stm32f1xx_it.o(i.USART2_IRQHandler)
    USB_LP_CAN1_RX0_IRQHandler               0x08002ed1   Thumb Code     6  stm32f1xx_it.o(i.USB_LP_CAN1_RX0_IRQHandler)
    UsageFault_Handler                       0x08002edd   Thumb Code     2  stm32f1xx_it.o(i.UsageFault_Handler)
    Usart_SendString                         0x08002edf   Thumb Code    46  usart.o(i.Usart_SendString)
    WiFiStartTask                            0x08002f0d   Thumb Code   108  wifi_task.o(i.WiFiStartTask)
    __0printf                                0x08002fc5   Thumb Code    22  printfa.o(i.__0printf)
    __1printf                                0x08002fc5   Thumb Code     0  printfa.o(i.__0printf)
    __2printf                                0x08002fc5   Thumb Code     0  printfa.o(i.__0printf)
    __c89printf                              0x08002fc5   Thumb Code     0  printfa.o(i.__0printf)
    printf                                   0x08002fc5   Thumb Code     0  printfa.o(i.__0printf)
    __0sprintf                               0x08002fe5   Thumb Code    34  printfa.o(i.__0sprintf)
    __1sprintf                               0x08002fe5   Thumb Code     0  printfa.o(i.__0sprintf)
    __2sprintf                               0x08002fe5   Thumb Code     0  printfa.o(i.__0sprintf)
    __c89sprintf                             0x08002fe5   Thumb Code     0  printfa.o(i.__0sprintf)
    sprintf                                  0x08002fe5   Thumb Code     0  printfa.o(i.__0sprintf)
    __scatterload_copy                       0x0800302d   Thumb Code    14  handlers.o(i.__scatterload_copy)
    __scatterload_null                       0x0800303b   Thumb Code     2  handlers.o(i.__scatterload_null)
    __scatterload_zeroinit                   0x0800303d   Thumb Code    14  handlers.o(i.__scatterload_zeroinit)
    fputc                                    0x080038e1   Thumb Code    20  usart.o(i.fputc)
    main                                     0x080038f9   Thumb Code    48  main.o(i.main)
    osDelay                                  0x08003931   Thumb Code    26  cmsis_os2.o(i.osDelay)
    osKernelInitialize                       0x0800394d   Thumb Code    32  cmsis_os2.o(i.osKernelInitialize)
    osKernelStart                            0x08003971   Thumb Code    48  cmsis_os2.o(i.osKernelStart)
    osMessageQueueGet                        0x080039a9   Thumb Code    96  cmsis_os2.o(i.osMessageQueueGet)
    osMessageQueueNew                        0x08003a0d   Thumb Code    88  cmsis_os2.o(i.osMessageQueueNew)
    osMessageQueuePut                        0x08003a65   Thumb Code   100  cmsis_os2.o(i.osMessageQueuePut)
    osThreadNew                              0x08003acd   Thumb Code   138  cmsis_os2.o(i.osThreadNew)
    pvPortMalloc                             0x080042ed   Thumb Code   216  heap_4.o(i.pvPortMalloc)
    pxPortInitialiseStack                    0x080043c9   Thumb Code    32  port.o(i.pxPortInitialiseStack)
    uxListRemove                             0x080043ed   Thumb Code    38  list.o(i.uxListRemove)
    vApplicationGetIdleTaskMemory            0x08004415   Thumb Code    16  cmsis_os2.o(i.vApplicationGetIdleTaskMemory)
    vApplicationGetTimerTaskMemory           0x08004429   Thumb Code    18  cmsis_os2.o(i.vApplicationGetTimerTaskMemory)
    vListInitialise                          0x08004441   Thumb Code    22  list.o(i.vListInitialise)
    vListInitialiseItem                      0x08004457   Thumb Code     6  list.o(i.vListInitialiseItem)
    vListInsert                              0x0800445d   Thumb Code    48  list.o(i.vListInsert)
    vListInsertEnd                           0x0800448d   Thumb Code    24  list.o(i.vListInsertEnd)
    vPortEnterCritical                       0x080044a5   Thumb Code    54  port.o(i.vPortEnterCritical)
    vPortExitCritical                        0x080044e5   Thumb Code    34  port.o(i.vPortExitCritical)
    vPortFree                                0x0800450d   Thumb Code    94  heap_4.o(i.vPortFree)
    vPortSetupTimerInterrupt                 0x08004571   Thumb Code    32  port.o(i.vPortSetupTimerInterrupt)
    vPortValidateInterruptPriority           0x08004595   Thumb Code    74  port.o(i.vPortValidateInterruptPriority)
    vQueueAddToRegistry                      0x080045e9   Thumb Code    34  queue.o(i.vQueueAddToRegistry)
    vQueueWaitForMessageRestricted           0x08004611   Thumb Code    68  queue.o(i.vQueueWaitForMessageRestricted)
    vTaskDelay                               0x08004655   Thumb Code    66  tasks.o(i.vTaskDelay)
    vTaskInternalSetTimeOutState             0x080046a1   Thumb Code    12  tasks.o(i.vTaskInternalSetTimeOutState)
    vTaskMissedYield                         0x080046b1   Thumb Code     8  tasks.o(i.vTaskMissedYield)
    vTaskPlaceOnEventList                    0x080046bd   Thumb Code    44  tasks.o(i.vTaskPlaceOnEventList)
    vTaskPlaceOnEventListRestricted          0x080046ed   Thumb Code    52  tasks.o(i.vTaskPlaceOnEventListRestricted)
    vTaskStartScheduler                      0x08004725   Thumb Code   118  tasks.o(i.vTaskStartScheduler)
    vTaskSuspendAll                          0x080047ad   Thumb Code    10  tasks.o(i.vTaskSuspendAll)
    vTaskSwitchContext                       0x080047bd   Thumb Code    90  tasks.o(i.vTaskSwitchContext)
    xPortStartScheduler                      0x08004821   Thumb Code   154  port.o(i.xPortStartScheduler)
    xPortSysTickHandler                      0x080048c9   Thumb Code    38  port.o(i.xPortSysTickHandler)
    xQueueGenericCreate                      0x080048f5   Thumb Code    66  queue.o(i.xQueueGenericCreate)
    xQueueGenericCreateStatic                0x08004937   Thumb Code   102  queue.o(i.xQueueGenericCreateStatic)
    xQueueGenericReset                       0x0800499d   Thumb Code   132  queue.o(i.xQueueGenericReset)
    xQueueGenericSend                        0x08004a25   Thumb Code   346  queue.o(i.xQueueGenericSend)
    xQueueGenericSendFromISR                 0x08004b85   Thumb Code   190  queue.o(i.xQueueGenericSendFromISR)
    xQueueReceive                            0x08004c45   Thumb Code   308  queue.o(i.xQueueReceive)
    xQueueReceiveFromISR                     0x08004d7d   Thumb Code   154  queue.o(i.xQueueReceiveFromISR)
    xTaskCheckForTimeOut                     0x08004e19   Thumb Code   112  tasks.o(i.xTaskCheckForTimeOut)
    xTaskCreate                              0x08004e8d   Thumb Code    90  tasks.o(i.xTaskCreate)
    xTaskCreateStatic                        0x08004ee7   Thumb Code    86  tasks.o(i.xTaskCreateStatic)
    xTaskGetSchedulerState                   0x08004f3d   Thumb Code    22  tasks.o(i.xTaskGetSchedulerState)
    xTaskGetTickCount                        0x08004f59   Thumb Code     6  tasks.o(i.xTaskGetTickCount)
    xTaskIncrementTick                       0x08004f65   Thumb Code   192  tasks.o(i.xTaskIncrementTick)
    xTaskPriorityDisinherit                  0x0800502d   Thumb Code   118  tasks.o(i.xTaskPriorityDisinherit)
    xTaskRemoveFromEventList                 0x080050ad   Thumb Code    98  tasks.o(i.xTaskRemoveFromEventList)
    xTaskResumeAll                           0x0800511d   Thumb Code   182  tasks.o(i.xTaskResumeAll)
    xTimerCreateTimerTask                    0x080051e1   Thumb Code    78  timers.o(i.xTimerCreateTimerTask)
    xTimerGenericCommand                     0x08005241   Thumb Code    98  timers.o(i.xTimerGenericCommand)
    defaultTask_attributes                   0x080052a8   Data          36  freertos.o(.constdata)
    WiFiTask_attributes                      0x080052cc   Data          36  freertos.o(.constdata)
    CANTask_attributes                       0x080052f0   Data          36  freertos.o(.constdata)
    OLEDTask_attributes                      0x08005314   Data          36  freertos.o(.constdata)
    OLEDQueue_attributes                     0x08005338   Data          24  freertos.o(.constdata)
    WiFiQueue_attributes                     0x08005350   Data          24  freertos.o(.constdata)
    OLED_F8x16                               0x08005368   Data        1520  oled.o(.constdata)
    Hzk1                                     0x08005958   Data        1088  oled.o(.constdata)
    AHBPrescTable                            0x08005daa   Data          16  system_stm32f1xx.o(.constdata)
    APBPrescTable                            0x08005dba   Data           8  system_stm32f1xx.o(.constdata)
    Region$$Table$$Base                      0x08005f9c   Number         0  anon$$obj.o(Region$$Table)
    Region$$Table$$Limit                     0x08005fbc   Number         0  anon$$obj.o(Region$$Table)
    defaultTaskHandle                        0x20000000   Data           4  freertos.o(.data)
    WiFiTaskHandle                           0x20000004   Data           4  freertos.o(.data)
    CANTaskHandle                            0x20000008   Data           4  freertos.o(.data)
    OLEDTaskHandle                           0x2000000c   Data           4  freertos.o(.data)
    OLEDQueueHandle                          0x20000010   Data           4  freertos.o(.data)
    WiFiQueueHandle                          0x20000014   Data           4  freertos.o(.data)
    aRxBuffer                                0x20000018   Data           1  esp8266.o(.data)
    ESP8266_cnt                              0x2000001a   Data           2  esp8266.o(.data)
    ESP8266_cntPre                           0x2000001c   Data           2  esp8266.o(.data)
    ClintID                                  0x20000020   Data           4  esp8266.o(.data)
    username                                 0x20000024   Data           4  esp8266.o(.data)
    passwd                                   0x20000028   Data           4  esp8266.o(.data)
    Url                                      0x2000002c   Data           4  esp8266.o(.data)
    pubtopic                                 0x20000030   Data           4  esp8266.o(.data)
    subtopic                                 0x20000034   Data           4  esp8266.o(.data)
    set_topic                                0x20000038   Data           4  esp8266.o(.data)
    uwTickFreq                               0x2000003c   Data           1  stm32f1xx_hal.o(.data)
    uwTickPrio                               0x20000040   Data           4  stm32f1xx_hal.o(.data)
    uwTick                                   0x20000044   Data           4  stm32f1xx_hal.o(.data)
    SystemCoreClock                          0x20000048   Data           4  system_stm32f1xx.o(.data)
    pxCurrentTCB                             0x2000004c   Data           4  tasks.o(.data)
    __stdout                                 0x200000cc   Data           4  stdout.o(.data)
    hcan                                     0x200000d0   Data          40  can.o(.bss)
    huart1                                   0x200000f8   Data          72  usart.o(.bss)
    huart2                                   0x20000140   Data          72  usart.o(.bss)
    htim4                                    0x20000188   Data          72  stm32f1xx_hal_timebase_tim.o(.bss)
    ESP8266_buf                              0x200001d0   Data         512  esp8266.o(.bss)
    xQueueRegistry                           0x200003d0   Data          64  queue.o(.bss)
    __initial_sp                             0x200028a8   Data           0  startup_stm32f103xb.o(STACK)



==============================================================================

Memory Map of the image

  Image Entry point : 0x080000ed

  Load Region LR_IROM1 (Base: 0x08000000, Size: 0x0000608c, Max: 0x00010000, ABSOLUTE)

    Execution Region ER_IROM1 (Exec base: 0x08000000, Load base: 0x08000000, Size: 0x00005fbc, Max: 0x00010000, ABSOLUTE)

    Exec Addr    Load Addr    Size         Type   Attr      Idx    E Section Name        Object

    0x08000000   0x08000000   0x000000ec   Data   RO            3    RESET               startup_stm32f103xb.o
    0x080000ec   0x080000ec   0x00000000   Code   RO         5249  * .ARM.Collect$$$$00000000  mc_w.l(entry.o)
    0x080000ec   0x080000ec   0x00000004   Code   RO         5539    .ARM.Collect$$$$00000001  mc_w.l(entry2.o)
    0x080000f0   0x080000f0   0x00000004   Code   RO         5542    .ARM.Collect$$$$00000004  mc_w.l(entry5.o)
    0x080000f4   0x080000f4   0x00000000   Code   RO         5544    .ARM.Collect$$$$00000008  mc_w.l(entry7b.o)
    0x080000f4   0x080000f4   0x00000000   Code   RO         5546    .ARM.Collect$$$$0000000A  mc_w.l(entry8b.o)
    0x080000f4   0x080000f4   0x00000008   Code   RO         5547    .ARM.Collect$$$$0000000B  mc_w.l(entry9a.o)
    0x080000fc   0x080000fc   0x00000004   Code   RO         5554    .ARM.Collect$$$$0000000E  mc_w.l(entry12b.o)
    0x08000100   0x08000100   0x00000000   Code   RO         5549    .ARM.Collect$$$$0000000F  mc_w.l(entry10a.o)
    0x08000100   0x08000100   0x00000000   Code   RO         5551    .ARM.Collect$$$$00000011  mc_w.l(entry11a.o)
    0x08000100   0x08000100   0x00000004   Code   RO         5540    .ARM.Collect$$$$00002712  mc_w.l(entry2.o)
    0x08000104   0x08000104   0x00000096   Code   RO         5172    .emb_text           port.o
    0x0800019a   0x0800019a   0x00000002   PAD
    0x0800019c   0x0800019c   0x00000024   Code   RO            4    .text               startup_stm32f103xb.o
    0x080001c0   0x080001c0   0x00000020   Code   RO         5252    .text               mc_w.l(llushr.o)
    0x080001e0   0x080001e0   0x00000024   Code   RO         5254    .text               mc_w.l(memcpya.o)
    0x08000204   0x08000204   0x00000024   Code   RO         5258    .text               mc_w.l(memseta.o)
    0x08000228   0x08000228   0x00000024   Code   RO         5260    .text               mc_w.l(strstr.o)
    0x0800024c   0x0800024c   0x0000000e   Code   RO         5262    .text               mc_w.l(strlen.o)
    0x0800025a   0x0800025a   0x000000b0   Code   RO         5527    .text               mf_w.l(fadd.o)
    0x0800030a   0x0800030a   0x00000064   Code   RO         5529    .text               mf_w.l(fmul.o)
    0x0800036e   0x0800036e   0x0000007c   Code   RO         5531    .text               mf_w.l(fdiv.o)
    0x080003ea   0x080003ea   0x0000000a   Code   RO         5533    .text               mf_w.l(ffltui.o)
    0x080003f4   0x080003f4   0x00000028   Code   RO         5535    .text               mf_w.l(ffixui.o)
    0x0800041c   0x0800041c   0x00000026   Code   RO         5537    .text               mf_w.l(f2d.o)
    0x08000442   0x08000442   0x0000002c   Code   RO         5556    .text               mc_w.l(uidiv.o)
    0x0800046e   0x0800046e   0x00000062   Code   RO         5558    .text               mc_w.l(uldiv.o)
    0x080004d0   0x080004d0   0x00000000   Code   RO         5560    .text               mc_w.l(iusefp.o)
    0x080004d0   0x080004d0   0x0000006e   Code   RO         5561    .text               mf_w.l(fepilogue.o)
    0x0800053e   0x0800053e   0x0000014e   Code   RO         5563    .text               mf_w.l(dadd.o)
    0x0800068c   0x0800068c   0x000000e4   Code   RO         5565    .text               mf_w.l(dmul.o)
    0x08000770   0x08000770   0x000000de   Code   RO         5567    .text               mf_w.l(ddiv.o)
    0x0800084e   0x0800084e   0x00000030   Code   RO         5569    .text               mf_w.l(dfixul.o)
    0x0800087e   0x0800087e   0x00000002   PAD
    0x08000880   0x08000880   0x00000030   Code   RO         5571    .text               mf_w.l(cdrcmple.o)
    0x080008b0   0x080008b0   0x00000024   Code   RO         5573    .text               mc_w.l(init.o)
    0x080008d4   0x080008d4   0x0000001e   Code   RO         5575    .text               mc_w.l(llshl.o)
    0x080008f2   0x080008f2   0x00000024   Code   RO         5577    .text               mc_w.l(llsshr.o)
    0x08000916   0x08000916   0x000000ba   Code   RO         5579    .text               mf_w.l(depilogue.o)
    0x080009d0   0x080009d0   0x00000002   Code   RO          399    i.BusFault_Handler  stm32f1xx_it.o
    0x080009d2   0x080009d2   0x00000010   Code   RO          571    i.CANStartTask      can_task.o
    0x080009e2   0x080009e2   0x00000002   PAD
    0x080009e4   0x080009e4   0x00000054   Code   RO          538    i.CAN_Init          can_config.o
    0x08000a38   0x08000a38   0x000000c0   Code   RO          572    i.CAN_ReceiveHandler  can_task.o
    0x08000af8   0x08000af8   0x00000002   Code   RO          400    i.DebugMon_Handler  stm32f1xx_it.o
    0x08000afa   0x08000afa   0x00000002   PAD
    0x08000afc   0x08000afc   0x0000001c   Code   RO          798    i.ESP8266_Clear     esp8266.o
    0x08000b18   0x08000b18   0x00000288   Code   RO          799    i.ESP8266_Init      esp8266.o
    0x08000da0   0x08000da0   0x000000ac   Code   RO          800    i.ESP8266_SendCmd   esp8266.o
    0x08000e4c   0x08000e4c   0x00000020   Code   RO          801    i.ESP8266_WaitRecive  esp8266.o
    0x08000e6c   0x08000e6c   0x00000004   Code   RO           13    i.Error_Handler     main.o
    0x08000e70   0x08000e70   0x0000004c   Code   RO          802    i.Esp_PUB           esp8266.o
    0x08000ebc   0x08000ebc   0x00000024   Code   RO         1892    i.HAL_CAN_ActivateNotification  stm32f1xx_hal_can.o
    0x08000ee0   0x08000ee0   0x000000ee   Code   RO         1894    i.HAL_CAN_ConfigFilter  stm32f1xx_hal_can.o
    0x08000fce   0x08000fce   0x00000002   Code   RO         1897    i.HAL_CAN_ErrorCallback  stm32f1xx_hal_can.o
    0x08000fd0   0x08000fd0   0x000000f4   Code   RO         1900    i.HAL_CAN_GetRxMessage  stm32f1xx_hal_can.o
    0x080010c4   0x080010c4   0x000001fc   Code   RO         1904    i.HAL_CAN_IRQHandler  stm32f1xx_hal_can.o
    0x080012c0   0x080012c0   0x0000011a   Code   RO         1905    i.HAL_CAN_Init      stm32f1xx_hal_can.o
    0x080013da   0x080013da   0x00000002   PAD
    0x080013dc   0x080013dc   0x0000007c   Code   RO          285    i.HAL_CAN_MspInit   can.o
    0x08001458   0x08001458   0x00000002   Code   RO         1912    i.HAL_CAN_RxFifo0FullCallback  stm32f1xx_hal_can.o
    0x0800145a   0x0800145a   0x00000004   Code   RO          539    i.HAL_CAN_RxFifo0MsgPendingCallback  can_config.o
    0x0800145e   0x0800145e   0x00000002   Code   RO         1914    i.HAL_CAN_RxFifo1FullCallback  stm32f1xx_hal_can.o
    0x08001460   0x08001460   0x00000002   Code   RO         1915    i.HAL_CAN_RxFifo1MsgPendingCallback  stm32f1xx_hal_can.o
    0x08001462   0x08001462   0x00000002   Code   RO         1916    i.HAL_CAN_SleepCallback  stm32f1xx_hal_can.o
    0x08001464   0x08001464   0x00000058   Code   RO         1917    i.HAL_CAN_Start     stm32f1xx_hal_can.o
    0x080014bc   0x080014bc   0x00000002   Code   RO         1919    i.HAL_CAN_TxMailbox0AbortCallback  stm32f1xx_hal_can.o
    0x080014be   0x080014be   0x00000002   Code   RO         1920    i.HAL_CAN_TxMailbox0CompleteCallback  stm32f1xx_hal_can.o
    0x080014c0   0x080014c0   0x00000002   Code   RO         1921    i.HAL_CAN_TxMailbox1AbortCallback  stm32f1xx_hal_can.o
    0x080014c2   0x080014c2   0x00000002   Code   RO         1922    i.HAL_CAN_TxMailbox1CompleteCallback  stm32f1xx_hal_can.o
    0x080014c4   0x080014c4   0x00000002   Code   RO         1923    i.HAL_CAN_TxMailbox2AbortCallback  stm32f1xx_hal_can.o
    0x080014c6   0x080014c6   0x00000002   Code   RO         1924    i.HAL_CAN_TxMailbox2CompleteCallback  stm32f1xx_hal_can.o
    0x080014c8   0x080014c8   0x00000002   Code   RO         1926    i.HAL_CAN_WakeUpFromRxMsgCallback  stm32f1xx_hal_can.o
    0x080014ca   0x080014ca   0x00000046   Code   RO         2506    i.HAL_DMA_Abort     stm32f1xx_hal_dma.o
    0x08001510   0x08001510   0x00000098   Code   RO         2507    i.HAL_DMA_Abort_IT  stm32f1xx_hal_dma.o
    0x080015a8   0x080015a8   0x00000024   Code   RO         2132    i.HAL_Delay         stm32f1xx_hal.o
    0x080015cc   0x080015cc   0x000001e0   Code   RO         2442    i.HAL_GPIO_Init     stm32f1xx_hal_gpio.o
    0x080017ac   0x080017ac   0x0000000a   Code   RO         2446    i.HAL_GPIO_WritePin  stm32f1xx_hal_gpio.o
    0x080017b6   0x080017b6   0x00000002   PAD
    0x080017b8   0x080017b8   0x0000000c   Code   RO         2136    i.HAL_GetTick       stm32f1xx_hal.o
    0x080017c4   0x080017c4   0x00000010   Code   RO         2142    i.HAL_IncTick       stm32f1xx_hal.o
    0x080017d4   0x080017d4   0x00000024   Code   RO         2143    i.HAL_Init          stm32f1xx_hal.o
    0x080017f8   0x080017f8   0x00000098   Code   RO          499    i.HAL_InitTick      stm32f1xx_hal_timebase_tim.o
    0x08001890   0x08001890   0x00000048   Code   RO          475    i.HAL_MspInit       stm32f1xx_hal_msp.o
    0x080018d8   0x080018d8   0x0000001a   Code   RO         2602    i.HAL_NVIC_EnableIRQ  stm32f1xx_hal_cortex.o
    0x080018f2   0x080018f2   0x00000002   PAD
    0x080018f4   0x080018f4   0x00000040   Code   RO         2608    i.HAL_NVIC_SetPriority  stm32f1xx_hal_cortex.o
    0x08001934   0x08001934   0x00000024   Code   RO         2609    i.HAL_NVIC_SetPriorityGrouping  stm32f1xx_hal_cortex.o
    0x08001958   0x08001958   0x0000012c   Code   RO         2300    i.HAL_RCC_ClockConfig  stm32f1xx_hal_rcc.o
    0x08001a84   0x08001a84   0x00000040   Code   RO         2304    i.HAL_RCC_GetClockConfig  stm32f1xx_hal_rcc.o
    0x08001ac4   0x08001ac4   0x00000020   Code   RO         2307    i.HAL_RCC_GetPCLK1Freq  stm32f1xx_hal_rcc.o
    0x08001ae4   0x08001ae4   0x00000020   Code   RO         2308    i.HAL_RCC_GetPCLK2Freq  stm32f1xx_hal_rcc.o
    0x08001b04   0x08001b04   0x0000004c   Code   RO         2309    i.HAL_RCC_GetSysClockFreq  stm32f1xx_hal_rcc.o
    0x08001b50   0x08001b50   0x00000320   Code   RO         2312    i.HAL_RCC_OscConfig  stm32f1xx_hal_rcc.o
    0x08001e70   0x08001e70   0x00000002   Code   RO         1624    i.HAL_TIMEx_BreakCallback  stm32f1xx_hal_tim_ex.o
    0x08001e72   0x08001e72   0x00000002   Code   RO         1625    i.HAL_TIMEx_CommutCallback  stm32f1xx_hal_tim_ex.o
    0x08001e74   0x08001e74   0x0000005a   Code   RO          920    i.HAL_TIM_Base_Init  stm32f1xx_hal_tim.o
    0x08001ece   0x08001ece   0x00000002   Code   RO          922    i.HAL_TIM_Base_MspInit  stm32f1xx_hal_tim.o
    0x08001ed0   0x08001ed0   0x00000058   Code   RO          925    i.HAL_TIM_Base_Start_IT  stm32f1xx_hal_tim.o
    0x08001f28   0x08001f28   0x00000002   Code   RO          954    i.HAL_TIM_IC_CaptureCallback  stm32f1xx_hal_tim.o
    0x08001f2a   0x08001f2a   0x00000130   Code   RO          968    i.HAL_TIM_IRQHandler  stm32f1xx_hal_tim.o
    0x0800205a   0x0800205a   0x00000002   Code   RO          971    i.HAL_TIM_OC_DelayElapsedCallback  stm32f1xx_hal_tim.o
    0x0800205c   0x0800205c   0x00000002   Code   RO          998    i.HAL_TIM_PWM_PulseFinishedCallback  stm32f1xx_hal_tim.o
    0x0800205e   0x0800205e   0x00000002   PAD
    0x08002060   0x08002060   0x00000014   Code   RO           14    i.HAL_TIM_PeriodElapsedCallback  main.o
    0x08002074   0x08002074   0x00000002   Code   RO         1011    i.HAL_TIM_TriggerCallback  stm32f1xx_hal_tim.o
    0x08002076   0x08002076   0x00000002   Code   RO         3114    i.HAL_UARTEx_RxEventCallback  stm32f1xx_hal_uart.o
    0x08002078   0x08002078   0x00000002   Code   RO         3128    i.HAL_UART_ErrorCallback  stm32f1xx_hal_uart.o
    0x0800207a   0x0800207a   0x00000002   PAD
    0x0800207c   0x0800207c   0x0000026c   Code   RO         3131    i.HAL_UART_IRQHandler  stm32f1xx_hal_uart.o
    0x080022e8   0x080022e8   0x00000064   Code   RO         3132    i.HAL_UART_Init     stm32f1xx_hal_uart.o
    0x0800234c   0x0800234c   0x000000cc   Code   RO          327    i.HAL_UART_MspInit  usart.o
    0x08002418   0x08002418   0x0000001c   Code   RO         3137    i.HAL_UART_Receive_IT  stm32f1xx_hal_uart.o
    0x08002434   0x08002434   0x00000050   Code   RO          803    i.HAL_UART_RxCpltCallback  esp8266.o
    0x08002484   0x08002484   0x000000a0   Code   RO         3140    i.HAL_UART_Transmit  stm32f1xx_hal_uart.o
    0x08002524   0x08002524   0x00000002   Code   RO         3143    i.HAL_UART_TxCpltCallback  stm32f1xx_hal_uart.o
    0x08002526   0x08002526   0x00000002   Code   RO          401    i.HardFault_Handler  stm32f1xx_it.o
    0x08002528   0x08002528   0x00000044   Code   RO          286    i.MX_CAN_Init       can.o
    0x0800256c   0x0800256c   0x00000070   Code   RO          224    i.MX_FREERTOS_Init  freertos.o
    0x080025dc   0x080025dc   0x00000098   Code   RO          200    i.MX_GPIO_Init      gpio.o
    0x08002674   0x08002674   0x00000038   Code   RO          328    i.MX_USART1_UART_Init  usart.o
    0x080026ac   0x080026ac   0x00000038   Code   RO          329    i.MX_USART2_UART_Init  usart.o
    0x080026e4   0x080026e4   0x00000002   Code   RO          402    i.MemManage_Handler  stm32f1xx_it.o
    0x080026e6   0x080026e6   0x00000002   Code   RO          403    i.NMI_Handler       stm32f1xx_it.o
    0x080026e8   0x080026e8   0x00000198   Code   RO          741    i.OLEDStartTask     oled_task.o
    0x08002880   0x08002880   0x00000026   Code   RO          612    i.OLED_Clear        oled.o
    0x080028a6   0x080028a6   0x00000016   Code   RO          613    i.OLED_I2C_Init     oled.o
    0x080028bc   0x080028bc   0x0000003a   Code   RO          614    i.OLED_I2C_SendByte  oled.o
    0x080028f6   0x080028f6   0x0000001e   Code   RO          615    i.OLED_I2C_Start    oled.o
    0x08002914   0x08002914   0x00000018   Code   RO          616    i.OLED_I2C_Stop     oled.o
    0x0800292c   0x0800292c   0x000000ac   Code   RO          617    i.OLED_Init         oled.o
    0x080029d8   0x080029d8   0x0000000e   Code   RO          618    i.OLED_Pow          oled.o
    0x080029e6   0x080029e6   0x00000022   Code   RO          619    i.OLED_SetCursor    oled.o
    0x08002a08   0x08002a08   0x00000068   Code   RO          621    i.OLED_ShowChar     oled.o
    0x08002a70   0x08002a70   0x00000042   Code   RO          624    i.OLED_ShowNum      oled.o
    0x08002ab2   0x08002ab2   0x00000026   Code   RO          626    i.OLED_ShowString   oled.o
    0x08002ad8   0x08002ad8   0x00000010   Code   RO          627    i.OLED_W_SCL        oled.o
    0x08002ae8   0x08002ae8   0x00000010   Code   RO          628    i.OLED_W_SDA        oled.o
    0x08002af8   0x08002af8   0x00000022   Code   RO          629    i.OLED_WriteCommand  oled.o
    0x08002b1a   0x08002b1a   0x00000022   Code   RO          630    i.OLED_WriteData    oled.o
    0x08002b3c   0x08002b3c   0x00000008   Code   RO          225    i.StartDefaultTask  freertos.o
    0x08002b44   0x08002b44   0x0000001a   Code   RO         4607    i.SysTick_Handler   cmsis_os2.o
    0x08002b5e   0x08002b5e   0x0000005e   Code   RO           15    i.SystemClock_Config  main.o
    0x08002bbc   0x08002bbc   0x00000002   Code   RO         3466    i.SystemInit        system_stm32f1xx.o
    0x08002bbe   0x08002bbe   0x00000002   PAD
    0x08002bc0   0x08002bc0   0x0000000c   Code   RO          404    i.TIM4_IRQHandler   stm32f1xx_it.o
    0x08002bcc   0x08002bcc   0x00000078   Code   RO         1013    i.TIM_Base_SetConfig  stm32f1xx_hal_tim.o
    0x08002c44   0x08002c44   0x00000010   Code   RO         3145    i.UART_DMAAbortOnError  stm32f1xx_hal_uart.o
    0x08002c54   0x08002c54   0x0000004e   Code   RO         3155    i.UART_EndRxTransfer  stm32f1xx_hal_uart.o
    0x08002ca2   0x08002ca2   0x000000c2   Code   RO         3157    i.UART_Receive_IT   stm32f1xx_hal_uart.o
    0x08002d64   0x08002d64   0x000000b8   Code   RO         3158    i.UART_SetConfig    stm32f1xx_hal_uart.o
    0x08002e1c   0x08002e1c   0x00000036   Code   RO         3160    i.UART_Start_Receive_IT  stm32f1xx_hal_uart.o
    0x08002e52   0x08002e52   0x00000072   Code   RO         3161    i.UART_WaitOnFlagUntilTimeout  stm32f1xx_hal_uart.o
    0x08002ec4   0x08002ec4   0x0000000c   Code   RO          405    i.USART2_IRQHandler  stm32f1xx_it.o
    0x08002ed0   0x08002ed0   0x0000000c   Code   RO          406    i.USB_LP_CAN1_RX0_IRQHandler  stm32f1xx_it.o
    0x08002edc   0x08002edc   0x00000002   Code   RO          407    i.UsageFault_Handler  stm32f1xx_it.o
    0x08002ede   0x08002ede   0x0000002e   Code   RO          331    i.Usart_SendString  usart.o
    0x08002f0c   0x08002f0c   0x000000b8   Code   RO          773    i.WiFiStartTask     wifi_task.o
    0x08002fc4   0x08002fc4   0x00000020   Code   RO         5499    i.__0printf         mc_w.l(printfa.o)
    0x08002fe4   0x08002fe4   0x00000028   Code   RO         5501    i.__0sprintf        mc_w.l(printfa.o)
    0x0800300c   0x0800300c   0x00000020   Code   RO         2615    i.__NVIC_SetPriority  stm32f1xx_hal_cortex.o
    0x0800302c   0x0800302c   0x0000000e   Code   RO         5583    i.__scatterload_copy  mc_w.l(handlers.o)
    0x0800303a   0x0800303a   0x00000002   Code   RO         5584    i.__scatterload_null  mc_w.l(handlers.o)
    0x0800303c   0x0800303c   0x0000000e   Code   RO         5585    i.__scatterload_zeroinit  mc_w.l(handlers.o)
    0x0800304a   0x0800304a   0x00000002   PAD
    0x0800304c   0x0800304c   0x00000184   Code   RO         5506    i._fp_digits        mc_w.l(printfa.o)
    0x080031d0   0x080031d0   0x000006b4   Code   RO         5507    i._printf_core      mc_w.l(printfa.o)
    0x08003884   0x08003884   0x00000024   Code   RO         5508    i._printf_post_padding  mc_w.l(printfa.o)
    0x080038a8   0x080038a8   0x0000002e   Code   RO         5509    i._printf_pre_padding  mc_w.l(printfa.o)
    0x080038d6   0x080038d6   0x0000000a   Code   RO         5511    i._sputc            mc_w.l(printfa.o)
    0x080038e0   0x080038e0   0x00000018   Code   RO          332    i.fputc             usart.o
    0x080038f8   0x080038f8   0x00000038   Code   RO           16    i.main              main.o
    0x08003930   0x08003930   0x0000001a   Code   RO         4609    i.osDelay           cmsis_os2.o
    0x0800394a   0x0800394a   0x00000002   PAD
    0x0800394c   0x0800394c   0x00000024   Code   RO         4623    i.osKernelInitialize  cmsis_os2.o
    0x08003970   0x08003970   0x00000038   Code   RO         4626    i.osKernelStart     cmsis_os2.o
    0x080039a8   0x080039a8   0x00000064   Code   RO         4638    i.osMessageQueueGet  cmsis_os2.o
    0x08003a0c   0x08003a0c   0x00000058   Code   RO         4643    i.osMessageQueueNew  cmsis_os2.o
    0x08003a64   0x08003a64   0x00000068   Code   RO         4644    i.osMessageQueuePut  cmsis_os2.o
    0x08003acc   0x08003acc   0x0000008a   Code   RO         4668    i.osThreadNew       cmsis_os2.o
    0x08003b56   0x08003b56   0x00000002   PAD
    0x08003b58   0x08003b58   0x0000005c   Code   RO         4068    i.prvAddCurrentTaskToDelayedList  tasks.o
    0x08003bb4   0x08003bb4   0x000000d0   Code   RO         4069    i.prvAddNewTaskToReadyList  tasks.o
    0x08003c84   0x08003c84   0x00000058   Code   RO         4433    i.prvCheckForValidListAndQueue  timers.o
    0x08003cdc   0x08003cdc   0x00000026   Code   RO         3671    i.prvCopyDataFromQueue  queue.o
    0x08003d02   0x08003d02   0x0000006c   Code   RO         3672    i.prvCopyDataToQueue  queue.o
    0x08003d6e   0x08003d6e   0x00000034   Code   RO         4070    i.prvDeleteTCB      tasks.o
    0x08003da2   0x08003da2   0x00000002   PAD
    0x08003da4   0x08003da4   0x0000004c   Code   RO         5117    i.prvHeapInit       heap_4.o
    0x08003df0   0x08003df0   0x00000060   Code   RO         4071    i.prvIdleTask       tasks.o
    0x08003e50   0x08003e50   0x00000022   Code   RO         3674    i.prvInitialiseNewQueue  queue.o
    0x08003e72   0x08003e72   0x00000002   PAD
    0x08003e74   0x08003e74   0x000000b0   Code   RO         4072    i.prvInitialiseNewTask  tasks.o
    0x08003f24   0x08003f24   0x0000004c   Code   RO         5118    i.prvInsertBlockIntoFreeList  heap_4.o
    0x08003f70   0x08003f70   0x00000038   Code   RO         4435    i.prvInsertTimerInActiveList  timers.o
    0x08003fa8   0x08003fa8   0x0000001c   Code   RO         3675    i.prvIsQueueEmpty   queue.o
    0x08003fc4   0x08003fc4   0x000000fc   Code   RO         4436    i.prvProcessReceivedCommands  timers.o
    0x080040c0   0x080040c0   0x000000c0   Code   RO         4437    i.prvProcessTimerOrBlockTask  timers.o
    0x08004180   0x08004180   0x00000020   Code   RO         4074    i.prvResetNextTaskUnblockTime  tasks.o
    0x080041a0   0x080041a0   0x00000028   Code   RO         4438    i.prvSampleTimeNow  timers.o
    0x080041c8   0x080041c8   0x0000006c   Code   RO         4439    i.prvSwitchTimerLists  timers.o
    0x08004234   0x08004234   0x00000028   Code   RO         5173    i.prvTaskExitError  port.o
    0x0800425c   0x0800425c   0x00000024   Code   RO         4440    i.prvTimerTask      timers.o
    0x08004280   0x08004280   0x0000006a   Code   RO         3676    i.prvUnlockQueue    queue.o
    0x080042ea   0x080042ea   0x00000002   PAD
    0x080042ec   0x080042ec   0x000000dc   Code   RO         5119    i.pvPortMalloc      heap_4.o
    0x080043c8   0x080043c8   0x00000024   Code   RO         5174    i.pxPortInitialiseStack  port.o
    0x080043ec   0x080043ec   0x00000026   Code   RO         3631    i.uxListRemove      list.o
    0x08004412   0x08004412   0x00000002   PAD
    0x08004414   0x08004414   0x00000014   Code   RO         4680    i.vApplicationGetIdleTaskMemory  cmsis_os2.o
    0x08004428   0x08004428   0x00000018   Code   RO         4681    i.vApplicationGetTimerTaskMemory  cmsis_os2.o
    0x08004440   0x08004440   0x00000016   Code   RO         3632    i.vListInitialise   list.o
    0x08004456   0x08004456   0x00000006   Code   RO         3633    i.vListInitialiseItem  list.o
    0x0800445c   0x0800445c   0x00000030   Code   RO         3634    i.vListInsert       list.o
    0x0800448c   0x0800448c   0x00000018   Code   RO         3635    i.vListInsertEnd    list.o
    0x080044a4   0x080044a4   0x00000040   Code   RO         5176    i.vPortEnterCritical  port.o
    0x080044e4   0x080044e4   0x00000028   Code   RO         5177    i.vPortExitCritical  port.o
    0x0800450c   0x0800450c   0x00000064   Code   RO         5120    i.vPortFree         heap_4.o
    0x08004570   0x08004570   0x00000024   Code   RO         5178    i.vPortSetupTimerInterrupt  port.o
    0x08004594   0x08004594   0x00000054   Code   RO         5179    i.vPortValidateInterruptPriority  port.o
    0x080045e8   0x080045e8   0x00000028   Code   RO         3682    i.vQueueAddToRegistry  queue.o
    0x08004610   0x08004610   0x00000044   Code   RO         3686    i.vQueueWaitForMessageRestricted  queue.o
    0x08004654   0x08004654   0x0000004c   Code   RO         4087    i.vTaskDelay        tasks.o
    0x080046a0   0x080046a0   0x00000010   Code   RO         4092    i.vTaskInternalSetTimeOutState  tasks.o
    0x080046b0   0x080046b0   0x0000000c   Code   RO         4093    i.vTaskMissedYield  tasks.o
    0x080046bc   0x080046bc   0x00000030   Code   RO         4095    i.vTaskPlaceOnEventList  tasks.o
    0x080046ec   0x080046ec   0x00000038   Code   RO         4096    i.vTaskPlaceOnEventListRestricted  tasks.o
    0x08004724   0x08004724   0x00000088   Code   RO         4104    i.vTaskStartScheduler  tasks.o
    0x080047ac   0x080047ac   0x00000010   Code   RO         4106    i.vTaskSuspendAll   tasks.o
    0x080047bc   0x080047bc   0x00000064   Code   RO         4107    i.vTaskSwitchContext  tasks.o
    0x08004820   0x08004820   0x000000a8   Code   RO         5180    i.xPortStartScheduler  port.o
    0x080048c8   0x080048c8   0x0000002c   Code   RO         5181    i.xPortSysTickHandler  port.o
    0x080048f4   0x080048f4   0x00000042   Code   RO         3691    i.xQueueGenericCreate  queue.o
    0x08004936   0x08004936   0x00000066   Code   RO         3692    i.xQueueGenericCreateStatic  queue.o
    0x0800499c   0x0800499c   0x00000088   Code   RO         3693    i.xQueueGenericReset  queue.o
    0x08004a24   0x08004a24   0x00000160   Code   RO         3694    i.xQueueGenericSend  queue.o
    0x08004b84   0x08004b84   0x000000be   Code   RO         3695    i.xQueueGenericSendFromISR  queue.o
    0x08004c42   0x08004c42   0x00000002   PAD
    0x08004c44   0x08004c44   0x00000138   Code   RO         3704    i.xQueueReceive     queue.o
    0x08004d7c   0x08004d7c   0x0000009a   Code   RO         3705    i.xQueueReceiveFromISR  queue.o
    0x08004e16   0x08004e16   0x00000002   PAD
    0x08004e18   0x08004e18   0x00000074   Code   RO         4109    i.xTaskCheckForTimeOut  tasks.o
    0x08004e8c   0x08004e8c   0x0000005a   Code   RO         4110    i.xTaskCreate       tasks.o
    0x08004ee6   0x08004ee6   0x00000056   Code   RO         4111    i.xTaskCreateStatic  tasks.o
    0x08004f3c   0x08004f3c   0x0000001c   Code   RO         4115    i.xTaskGetSchedulerState  tasks.o
    0x08004f58   0x08004f58   0x0000000c   Code   RO         4116    i.xTaskGetTickCount  tasks.o
    0x08004f64   0x08004f64   0x000000c8   Code   RO         4118    i.xTaskIncrementTick  tasks.o
    0x0800502c   0x0800502c   0x00000080   Code   RO         4121    i.xTaskPriorityDisinherit  tasks.o
    0x080050ac   0x080050ac   0x00000070   Code   RO         4123    i.xTaskRemoveFromEventList  tasks.o
    0x0800511c   0x0800511c   0x000000c4   Code   RO         4124    i.xTaskResumeAll    tasks.o
    0x080051e0   0x080051e0   0x00000060   Code   RO         4449    i.xTimerCreateTimerTask  timers.o
    0x08005240   0x08005240   0x00000068   Code   RO         4450    i.xTimerGenericCommand  timers.o
    0x080052a8   0x080052a8   0x000000c0   Data   RO          226    .constdata          freertos.o
    0x08005368   0x08005368   0x00000a30   Data   RO          631    .constdata          oled.o
    0x08005d98   0x08005d98   0x00000012   Data   RO         2313    .constdata          stm32f1xx_hal_rcc.o
    0x08005daa   0x08005daa   0x00000010   Data   RO         3467    .constdata          system_stm32f1xx.o
    0x08005dba   0x08005dba   0x00000008   Data   RO         3468    .constdata          system_stm32f1xx.o
    0x08005dc2   0x08005dc2   0x00000002   PAD
    0x08005dc4   0x08005dc4   0x00000044   Data   RO          227    .conststring        freertos.o
    0x08005e08   0x08005e08   0x00000191   Data   RO          805    .conststring        esp8266.o
    0x08005f99   0x08005f99   0x00000003   PAD
    0x08005f9c   0x08005f9c   0x00000020   Data   RO         5581    Region$$Table       anon$$obj.o


    Execution Region RW_IRAM1 (Exec base: 0x20000000, Load base: 0x08005fbc, Size: 0x000028a8, Max: 0x00005000, ABSOLUTE)

    Exec Addr    Load Addr    Size         Type   Attr      Idx    E Section Name        Object

    0x20000000   0x08005fbc   0x00000018   Data   RW          228    .data               freertos.o
    0x20000018   0x08005fd4   0x00000024   Data   RW          806    .data               esp8266.o
    0x2000003c   0x08005ff8   0x0000000c   Data   RW         2150    .data               stm32f1xx_hal.o
    0x20000048   0x08006004   0x00000004   Data   RW         3469    .data               system_stm32f1xx.o
    0x2000004c   0x08006008   0x0000003c   Data   RW         4127    .data               tasks.o
    0x20000088   0x08006044   0x00000014   Data   RW         4458    .data               timers.o
    0x2000009c   0x08006058   0x00000004   Data   RW         4683    .data               cmsis_os2.o
    0x200000a0   0x0800605c   0x00000020   Data   RW         5126    .data               heap_4.o
    0x200000c0   0x0800607c   0x0000000c   Data   RW         5182    .data               port.o
    0x200000cc   0x08006088   0x00000004   Data   RW         5555    .data               mc_w.l(stdout.o)
    0x200000d0        -       0x00000028   Zero   RW          287    .bss                can.o
    0x200000f8        -       0x00000090   Zero   RW          333    .bss                usart.o
    0x20000188        -       0x00000048   Zero   RW          502    .bss                stm32f1xx_hal_timebase_tim.o
    0x200001d0        -       0x00000200   Zero   RW          804    .bss                esp8266.o
    0x200003d0        -       0x00000040   Zero   RW         3708    .bss                queue.o
    0x20000410        -       0x000004c4   Zero   RW         4126    .bss                tasks.o
    0x200008d4        -       0x00000118   Zero   RW         4457    .bss                timers.o
    0x200009ec        -       0x000006b8   Zero   RW         4682    .bss                cmsis_os2.o
    0x200010a4        -       0x00001400   Zero   RW         5125    .bss                heap_4.o
    0x200024a4   0x0800608c   0x00000004   PAD
    0x200024a8        -       0x00000400   Zero   RW            1    STACK               startup_stm32f103xb.o


==============================================================================

Image component sizes


      Code (inc. data)   RO Data    RW Data    ZI Data      Debug   Object Name

       192         22          0          0         40       1623   can.o
        88          6          0          0          0       1299   can_config.o
       208         50          0          0          0       5897   can_task.o
       618         30          0          4       1720      57899   cmsis_os2.o
      1036        366        401         36        512       5309   esp8266.o
         0          0          0          0          0      19628   event_groups.o
       120         24        260         24          0       2741   freertos.o
       152         14          0          0          0        915   gpio.o
       472         24          0         32       5120       4735   heap_4.o
       138          0          0          0          0       3362   list.o
       174         14          0          0          0     449278   main.o
       700         14       2608          0          0       8790   oled.o
       408        122          0          0          0        664   oled_task.o
       662         70          0         12          0      10637   port.o
      1734         20          0          0         64      19361   queue.o
        36          8        236          0       1024        796   startup_stm32f103xb.o
       100         18          0         12          0       5186   stm32f1xx_hal.o
      1420          0          0          0          0      12464   stm32f1xx_hal_can.o
       158         14          0          0          0      28158   stm32f1xx_hal_cortex.o
       222          4          0          0          0       1747   stm32f1xx_hal_dma.o
       490         34          0          0          0       2868   stm32f1xx_hal_gpio.o
        72         10          0          0          0        854   stm32f1xx_hal_msp.o
      1304         94         18          0          0       5681   stm32f1xx_hal_rcc.o
       612         24          0          0          0       7092   stm32f1xx_hal_tim.o
         4          0          0          0          0       1557   stm32f1xx_hal_tim_ex.o
       152         20          0          0         72       1451   stm32f1xx_hal_timebase_tim.o
      1554         10          0          0          0      10844   stm32f1xx_hal_uart.o
        48         18          0          0          0       3832   stm32f1xx_it.o
         2          0         24          4          0       1095   system_stm32f1xx.o
      2084        168          0         60       1220      25992   tasks.o
       972         80          0         20        280      31939   timers.o
       386         38          0          0        144       5382   usart.o
       184         76          0          0          0        668   wifi_task.o

    ----------------------------------------------------------------------
     16536       1392       3584        204      10200     739744   Object Totals
         0          0         32          0          0          0   (incl. Generated)
        34          0          5          0          4          0   (incl. Padding)

    ----------------------------------------------------------------------

      Code (inc. data)   RO Data    RW Data    ZI Data      Debug   Library Member Name

         0          0          0          0          0          0   entry.o
         0          0          0          0          0          0   entry10a.o
         0          0          0          0          0          0   entry11a.o
         4          0          0          0          0          0   entry12b.o
         8          4          0          0          0          0   entry2.o
         4          0          0          0          0          0   entry5.o
         0          0          0          0          0          0   entry7b.o
         0          0          0          0          0          0   entry8b.o
         8          4          0          0          0          0   entry9a.o
        30          0          0          0          0          0   handlers.o
        36          8          0          0          0         68   init.o
         0          0          0          0          0          0   iusefp.o
        30          0          0          0          0         68   llshl.o
        36          0          0          0          0         68   llsshr.o
        32          0          0          0          0         68   llushr.o
        36          0          0          0          0         68   memcpya.o
        36          0          0          0          0        108   memseta.o
      2268         96          0          0          0        616   printfa.o
         0          0          0          4          0          0   stdout.o
        14          0          0          0          0         68   strlen.o
        36          0          0          0          0         80   strstr.o
        44          0          0          0          0         80   uidiv.o
        98          0          0          0          0         92   uldiv.o
        48          0          0          0          0         68   cdrcmple.o
       334          0          0          0          0        148   dadd.o
       222          0          0          0          0        100   ddiv.o
       186          0          0          0          0        176   depilogue.o
        48          0          0          0          0         68   dfixul.o
       228          0          0          0          0         96   dmul.o
        38          0          0          0          0         68   f2d.o
       176          0          0          0          0        140   fadd.o
       124          0          0          0          0         88   fdiv.o
       110          0          0          0          0        168   fepilogue.o
        40          0          0          0          0         68   ffixui.o
        10          0          0          0          0         68   ffltui.o
       100          0          0          0          0         76   fmul.o

    ----------------------------------------------------------------------
      4388        112          0          4          0       2716   Library Totals
         4          0          0          0          0          0   (incl. Padding)

    ----------------------------------------------------------------------

      Code (inc. data)   RO Data    RW Data    ZI Data      Debug   Library Name

      2720        112          0          4          0       1384   mc_w.l
      1664          0          0          0          0       1332   mf_w.l

    ----------------------------------------------------------------------
      4388        112          0          4          0       2716   Library Totals

    ----------------------------------------------------------------------

==============================================================================


      Code (inc. data)   RO Data    RW Data    ZI Data      Debug   

     20924       1504       3584        208      10200     731588   Grand Totals
     20924       1504       3584        208      10200     731588   ELF Image Totals
     20924       1504       3584        208          0          0   ROM Totals

==============================================================================

    Total RO  Size (Code + RO Data)                24508 (  23.93kB)
    Total RW  Size (RW Data + ZI Data)             10408 (  10.16kB)
    Total ROM Size (Code + RO Data + RW Data)      24716 (  24.14kB)

==============================================================================

