Component: ARM Compiler 5.06 update 7 (build 960) Tool: armlink [4d3601]

==============================================================================

Section Cross References

    startup_stm32f103xb.o(RESET) refers to startup_stm32f103xb.o(STACK) for __initial_sp
    startup_stm32f103xb.o(RESET) refers to startup_stm32f103xb.o(.text) for Reset_Handler
    startup_stm32f103xb.o(RESET) refers to stm32f1xx_it.o(i.NMI_Handler) for NMI_Handler
    startup_stm32f103xb.o(RESET) refers to stm32f1xx_it.o(i.HardFault_Handler) for HardFault_Handler
    startup_stm32f103xb.o(RESET) refers to stm32f1xx_it.o(i.MemManage_Handler) for MemManage_Handler
    startup_stm32f103xb.o(RESET) refers to stm32f1xx_it.o(i.BusFault_Handler) for BusFault_Handler
    startup_stm32f103xb.o(RESET) refers to stm32f1xx_it.o(i.UsageFault_Handler) for UsageFault_Handler
    startup_stm32f103xb.o(RESET) refers to port.o(.emb_text) for SVC_Handler
    startup_stm32f103xb.o(RESET) refers to stm32f1xx_it.o(i.DebugMon_Handler) for DebugMon_Handler
    startup_stm32f103xb.o(RESET) refers to cmsis_os2.o(i.SysTick_Handler) for SysTick_Handler
    startup_stm32f103xb.o(RESET) refers to stm32f1xx_it.o(i.USB_LP_CAN1_RX0_IRQHandler) for USB_LP_CAN1_RX0_IRQHandler
    startup_stm32f103xb.o(RESET) refers to stm32f1xx_it.o(i.TIM4_IRQHandler) for TIM4_IRQHandler
    startup_stm32f103xb.o(.text) refers to system_stm32f1xx.o(i.SystemInit) for SystemInit
    startup_stm32f103xb.o(.text) refers to entry.o(.ARM.Collect$$$$00000000) for __main
    main.o(i.HAL_TIM_PeriodElapsedCallback) refers to stm32f1xx_hal.o(i.HAL_IncTick) for HAL_IncTick
    main.o(i.SystemClock_Config) refers to memseta.o(.text) for __aeabi_memclr4
    main.o(i.SystemClock_Config) refers to stm32f1xx_hal_rcc.o(i.HAL_RCC_OscConfig) for HAL_RCC_OscConfig
    main.o(i.SystemClock_Config) refers to main.o(i.Error_Handler) for Error_Handler
    main.o(i.SystemClock_Config) refers to stm32f1xx_hal_rcc.o(i.HAL_RCC_ClockConfig) for HAL_RCC_ClockConfig
    main.o(i.main) refers to stm32f1xx_hal.o(i.HAL_Init) for HAL_Init
    main.o(i.main) refers to main.o(i.SystemClock_Config) for SystemClock_Config
    main.o(i.main) refers to gpio.o(i.MX_GPIO_Init) for MX_GPIO_Init
    main.o(i.main) refers to can.o(i.MX_CAN_Init) for MX_CAN_Init
    main.o(i.main) refers to tim.o(i.MX_TIM3_Init) for MX_TIM3_Init
    main.o(i.main) refers to usart.o(i.MX_USART1_UART_Init) for MX_USART1_UART_Init
    main.o(i.main) refers to cmsis_os2.o(i.osKernelInitialize) for osKernelInitialize
    main.o(i.main) refers to freertos.o(i.MX_FREERTOS_Init) for MX_FREERTOS_Init
    main.o(i.main) refers to cmsis_os2.o(i.osKernelStart) for osKernelStart
    gpio.o(i.MX_GPIO_Init) refers to stm32f1xx_hal_gpio.o(i.HAL_GPIO_WritePin) for HAL_GPIO_WritePin
    gpio.o(i.MX_GPIO_Init) refers to stm32f1xx_hal_gpio.o(i.HAL_GPIO_Init) for HAL_GPIO_Init
    freertos.o(i.HAL_CAN_RxFifo0MsgPendingCallback) refers to can_config.o(i.CAN_ReceiveHandler) for CAN_ReceiveHandler
    freertos.o(i.MX_FREERTOS_Init) refers to cmsis_os2.o(i.osMessageQueueNew) for osMessageQueueNew
    freertos.o(i.MX_FREERTOS_Init) refers to cmsis_os2.o(i.osThreadNew) for osThreadNew
    freertos.o(i.MX_FREERTOS_Init) refers to freertos.o(.constdata) for OLEDQueue_attributes
    freertos.o(i.MX_FREERTOS_Init) refers to freertos.o(.data) for OLEDQueueHandle
    freertos.o(i.MX_FREERTOS_Init) refers to freertos.o(i.StartDefaultTask) for StartDefaultTask
    freertos.o(i.MX_FREERTOS_Init) refers to oled_task.o(i.OLEDStartTask) for OLEDStartTask
    freertos.o(i.MX_FREERTOS_Init) refers to dht11_task.o(i.DHT11StartTask) for DHT11StartTask
    freertos.o(i.MX_FREERTOS_Init) refers to can_task.o(i.CANStartTask) for CANStartTask
    freertos.o(i.StartDefaultTask) refers to cmsis_os2.o(i.osDelay) for osDelay
    freertos.o(.constdata) refers to freertos.o(.conststring) for .conststring
    can.o(i.HAL_CAN_MspDeInit) refers to stm32f1xx_hal_gpio.o(i.HAL_GPIO_DeInit) for HAL_GPIO_DeInit
    can.o(i.HAL_CAN_MspDeInit) refers to stm32f1xx_hal_cortex.o(i.HAL_NVIC_DisableIRQ) for HAL_NVIC_DisableIRQ
    can.o(i.HAL_CAN_MspInit) refers to stm32f1xx_hal_gpio.o(i.HAL_GPIO_Init) for HAL_GPIO_Init
    can.o(i.HAL_CAN_MspInit) refers to stm32f1xx_hal_cortex.o(i.HAL_NVIC_SetPriority) for HAL_NVIC_SetPriority
    can.o(i.HAL_CAN_MspInit) refers to stm32f1xx_hal_cortex.o(i.HAL_NVIC_EnableIRQ) for HAL_NVIC_EnableIRQ
    can.o(i.MX_CAN_Init) refers to stm32f1xx_hal_can.o(i.HAL_CAN_Init) for HAL_CAN_Init
    can.o(i.MX_CAN_Init) refers to main.o(i.Error_Handler) for Error_Handler
    can.o(i.MX_CAN_Init) refers to can.o(.bss) for hcan
    tim.o(i.MX_TIM3_Init) refers to stm32f1xx_hal_tim.o(i.HAL_TIM_Base_Init) for HAL_TIM_Base_Init
    tim.o(i.MX_TIM3_Init) refers to main.o(i.Error_Handler) for Error_Handler
    tim.o(i.MX_TIM3_Init) refers to stm32f1xx_hal_tim.o(i.HAL_TIM_ConfigClockSource) for HAL_TIM_ConfigClockSource
[...]
    UART_EndRxTransfer                       0x08003413   Thumb Code   108  stm32f1xx_hal_uart.o(i.UART_EndRxTransfer)
    i.UART_SetConfig                         0x08003480   Section        0  stm32f1xx_hal_uart.o(i.UART_SetConfig)
    UART_SetConfig                           0x08003481   Thumb Code   248  stm32f1xx_hal_uart.o(i.UART_SetConfig)
    i.UART_WaitOnFlagUntilTimeout            0x0800357c   Section        0  stm32f1xx_hal_uart.o(i.UART_WaitOnFlagUntilTimeout)
    UART_WaitOnFlagUntilTimeout              0x0800357d   Thumb Code   140  stm32f1xx_hal_uart.o(i.UART_WaitOnFlagUntilTimeout)
    i.USB_LP_CAN1_RX0_IRQHandler             0x08003608   Section        0  stm32f1xx_it.o(i.USB_LP_CAN1_RX0_IRQHandler)
    i.UsageFault_Handler                     0x08003618   Section        0  stm32f1xx_it.o(i.UsageFault_Handler)
    i.__0printf                              0x0800361c   Section        0  printfa.o(i.__0printf)
    i.__NVIC_GetPriorityGrouping             0x0800363c   Section        0  stm32f1xx_hal_cortex.o(i.__NVIC_GetPriorityGrouping)
    __NVIC_GetPriorityGrouping               0x0800363d   Thumb Code    10  stm32f1xx_hal_cortex.o(i.__NVIC_GetPriorityGrouping)
    i.__NVIC_SetPriority                     0x0800364c   Section        0  stm32f1xx_hal_cortex.o(i.__NVIC_SetPriority)
    __NVIC_SetPriority                       0x0800364d   Thumb Code    32  stm32f1xx_hal_cortex.o(i.__NVIC_SetPriority)
    i.__get_IPSR                             0x08003674   Section        0  cmsis_os2.o(i.__get_IPSR)
    __get_IPSR                               0x08003675   Thumb Code     6  cmsis_os2.o(i.__get_IPSR)
    i.__scatterload_copy                     0x0800367a   Section       14  handlers.o(i.__scatterload_copy)
    i.__scatterload_null                     0x08003688   Section        2  handlers.o(i.__scatterload_null)
    i.__scatterload_zeroinit                 0x0800368a   Section       14  handlers.o(i.__scatterload_zeroinit)
    i._fp_digits                             0x08003698   Section        0  printfa.o(i._fp_digits)
    _fp_digits                               0x08003699   Thumb Code   366  printfa.o(i._fp_digits)
    i._printf_core                           0x0800381c   Section        0  printfa.o(i._printf_core)
    _printf_core                             0x0800381d   Thumb Code  1704  printfa.o(i._printf_core)
    i._printf_post_padding                   0x08003ed0   Section        0  printfa.o(i._printf_post_padding)
    _printf_post_padding                     0x08003ed1   Thumb Code    36  printfa.o(i._printf_post_padding)
    i._printf_pre_padding                    0x08003ef4   Section        0  printfa.o(i._printf_pre_padding)
    _printf_pre_padding                      0x08003ef5   Thumb Code    46  printfa.o(i._printf_pre_padding)
    i.fputc                                  0x08003f24   Section        0  usart.o(i.fputc)
    i.main                                   0x08003f40   Section        0  main.o(i.main)
    i.osDelay                                0x08003f68   Section        0  cmsis_os2.o(i.osDelay)
    i.osKernelInitialize                     0x08003f88   Section        0  cmsis_os2.o(i.osKernelInitialize)
    i.osKernelStart                          0x08003fb4   Section        0  cmsis_os2.o(i.osKernelStart)
    i.osMessageQueueGet                      0x08004014   Section        0  cmsis_os2.o(i.osMessageQueueGet)
    i.osMessageQueueNew                      0x08004094   Section        0  cmsis_os2.o(i.osMessageQueueNew)
    i.osMessageQueuePut                      0x08004130   Section        0  cmsis_os2.o(i.osMessageQueuePut)
    i.osThreadNew                            0x080041b4   Section        0  cmsis_os2.o(i.osThreadNew)
    i.prvAddCurrentTaskToDelayedList         0x0800426c   Section        0  tasks.o(i.prvAddCurrentTaskToDelayedList)
    prvAddCurrentTaskToDelayedList           0x0800426d   Thumb Code   100  tasks.o(i.prvAddCurrentTaskToDelayedList)
    i.prvAddNewTaskToReadyList               0x080042e8   Section        0  tasks.o(i.prvAddNewTaskToReadyList)
    prvAddNewTaskToReadyList                 0x080042e9   Thumb Code   154  tasks.o(i.prvAddNewTaskToReadyList)
    i.prvCheckForValidListAndQueue           0x080043a0   Section        0  timers.o(i.prvCheckForValidListAndQueue)
    prvCheckForValidListAndQueue             0x080043a1   Thumb Code    78  timers.o(i.prvCheckForValidListAndQueue)
    i.prvCheckTasksWaitingTermination        0x08004414   Section        0  tasks.o(i.prvCheckTasksWaitingTermination)
    prvCheckTasksWaitingTermination          0x08004415   Thumb Code    60  tasks.o(i.prvCheckTasksWaitingTermination)
    i.prvCopyDataFromQueue                   0x0800445c   Section        0  queue.o(i.prvCopyDataFromQueue)
    prvCopyDataFromQueue                     0x0800445d   Thumb Code    42  queue.o(i.prvCopyDataFromQueue)
    i.prvCopyDataToQueue                     0x08004486   Section        0  queue.o(i.prvCopyDataToQueue)
    prvCopyDataToQueue                       0x08004487   Thumb Code   126  queue.o(i.prvCopyDataToQueue)
    i.prvDeleteTCB                           0x08004504   Section        0  tasks.o(i.prvDeleteTCB)
    prvDeleteTCB                             0x08004505   Thumb Code    80  tasks.o(i.prvDeleteTCB)
    i.prvGetNextExpireTime                   0x08004554   Section        0  timers.o(i.prvGetNextExpireTime)
    prvGetNextExpireTime                     0x08004555   Thumb Code    36  timers.o(i.prvGetNextExpireTime)
    i.prvHeapInit                            0x0800457c   Section        0  heap_4.o(i.prvHeapInit)
    prvHeapInit                              0x0800457d   Thumb Code    98  heap_4.o(i.prvHeapInit)
    i.prvIdleTask                            0x080045f8   Section        0  tasks.o(i.prvIdleTask)
    prvIdleTask                              0x080045f9   Thumb Code    32  tasks.o(i.prvIdleTask)
    i.prvInitialiseNewQueue                  0x08004620   Section        0  queue.o(i.prvInitialiseNewQueue)
    prvInitialiseNewQueue                    0x08004621   Thumb Code    42  queue.o(i.prvInitialiseNewQueue)
    i.prvInitialiseNewTask                   0x0800464a   Section        0  tasks.o(i.prvInitialiseNewTask)
    prvInitialiseNewTask                     0x0800464b   Thumb Code   190  tasks.o(i.prvInitialiseNewTask)
    i.prvInitialiseTaskLists                 0x08004708   Section        0  tasks.o(i.prvInitialiseTaskLists)
    prvInitialiseTaskLists                   0x08004709   Thumb Code    70  tasks.o(i.prvInitialiseTaskLists)
    i.prvInsertBlockIntoFreeList             0x08004770   Section        0  heap_4.o(i.prvInsertBlockIntoFreeList)
    prvInsertBlockIntoFreeList               0x08004771   Thumb Code    96  heap_4.o(i.prvInsertBlockIntoFreeList)
    i.prvInsertTimerInActiveList             0x080047d8   Section        0  timers.o(i.prvInsertTimerInActiveList)
    prvInsertTimerInActiveList               0x080047d9   Thumb Code    80  timers.o(i.prvInsertTimerInActiveList)
    i.prvIsQueueEmpty                        0x08004830   Section        0  queue.o(i.prvIsQueueEmpty)
    prvIsQueueEmpty                          0x08004831   Thumb Code    26  queue.o(i.prvIsQueueEmpty)
    i.prvIsQueueFull                         0x0800484a   Section        0  queue.o(i.prvIsQueueFull)
    prvIsQueueFull                           0x0800484b   Thumb Code    30  queue.o(i.prvIsQueueFull)
    i.prvProcessExpiredTimer                 0x08004868   Section        0  timers.o(i.prvProcessExpiredTimer)
    prvProcessExpiredTimer                   0x08004869   Thumb Code   110  timers.o(i.prvProcessExpiredTimer)
    i.prvProcessReceivedCommands             0x080048dc   Section        0  timers.o(i.prvProcessReceivedCommands)
    prvProcessReceivedCommands               0x080048dd   Thumb Code   350  timers.o(i.prvProcessReceivedCommands)
    i.prvProcessTimerOrBlockTask             0x08004a40   Section        0  timers.o(i.prvProcessTimerOrBlockTask)
    prvProcessTimerOrBlockTask               0x08004a41   Thumb Code   102  timers.o(i.prvProcessTimerOrBlockTask)
    i.prvResetNextTaskUnblockTime            0x08004ab4   Section        0  tasks.o(i.prvResetNextTaskUnblockTime)
    prvResetNextTaskUnblockTime              0x08004ab5   Thumb Code    42  tasks.o(i.prvResetNextTaskUnblockTime)
    i.prvSampleTimeNow                       0x08004ae8   Section        0  timers.o(i.prvSampleTimeNow)
    prvSampleTimeNow                         0x08004ae9   Thumb Code    40  timers.o(i.prvSampleTimeNow)
    i.prvSwitchTimerLists                    0x08004b14   Section        0  timers.o(i.prvSwitchTimerLists)
    prvSwitchTimerLists                      0x08004b15   Thumb Code   154  timers.o(i.prvSwitchTimerLists)
    i.prvTaskExitError                       0x08004bb8   Section        0  port.o(i.prvTaskExitError)
    prvTaskExitError                         0x08004bb9   Thumb Code    60  port.o(i.prvTaskExitError)
    i.prvTimerTask                           0x08004bf8   Section        0  timers.o(i.prvTimerTask)
    prvTimerTask                             0x08004bf9   Thumb Code    26  timers.o(i.prvTimerTask)
    i.prvUnlockQueue                         0x08004c12   Section        0  queue.o(i.prvUnlockQueue)
    prvUnlockQueue                           0x08004c13   Thumb Code   126  queue.o(i.prvUnlockQueue)
    i.pvPortMalloc                           0x08004c90   Section        0  heap_4.o(i.pvPortMalloc)
    i.pxPortInitialiseStack                  0x08004ddc   Section        0  port.o(i.pxPortInitialiseStack)
    i.uxListRemove                           0x08004e00   Section        0  list.o(i.uxListRemove)
    i.vApplicationGetIdleTaskMemory          0x08004e28   Section        0  cmsis_os2.o(i.vApplicationGetIdleTaskMemory)
    i.vApplicationGetTimerTaskMemory         0x08004e40   Section        0  cmsis_os2.o(i.vApplicationGetTimerTaskMemory)
    i.vListInitialise                        0x08004e58   Section        0  list.o(i.vListInitialise)
    i.vListInitialiseItem                    0x08004e72   Section        0  list.o(i.vListInitialiseItem)
    i.vListInsert                            0x08004e78   Section        0  list.o(i.vListInsert)
    i.vListInsertEnd                         0x08004eac   Section        0  list.o(i.vListInsertEnd)
    i.vPortEnterCritical                     0x08004ec4   Section        0  port.o(i.vPortEnterCritical)
    i.vPortExitCritical                      0x08004f18   Section        0  port.o(i.vPortExitCritical)
    i.vPortFree                              0x08004f54   Section        0  heap_4.o(i.vPortFree)
    i.vPortSetupTimerInterrupt               0x08004ff8   Section        0  port.o(i.vPortSetupTimerInterrupt)
    i.vPortValidateInterruptPriority         0x08005020   Section        0  port.o(i.vPortValidateInterruptPriority)
    i.vQueueAddToRegistry                    0x08005098   Section        0  queue.o(i.vQueueAddToRegistry)
    i.vQueueWaitForMessageRestricted         0x080050c4   Section        0  queue.o(i.vQueueWaitForMessageRestricted)
    i.vTaskDelay                             0x08005110   Section        0  tasks.o(i.vTaskDelay)
    i.vTaskInternalSetTimeOutState           0x0800516c   Section        0  tasks.o(i.vTaskInternalSetTimeOutState)
    i.vTaskMissedYield                       0x08005184   Section        0  tasks.o(i.vTaskMissedYield)
    i.vTaskPlaceOnEventList                  0x08005190   Section        0  tasks.o(i.vTaskPlaceOnEventList)
    i.vTaskPlaceOnEventListRestricted        0x080051c8   Section        0  tasks.o(i.vTaskPlaceOnEventListRestricted)
    i.vTaskStartScheduler                    0x08005208   Section        0  tasks.o(i.vTaskStartScheduler)
    i.vTaskSuspendAll                        0x080052c0   Section        0  tasks.o(i.vTaskSuspendAll)
    i.vTaskSwitchContext                     0x080052d0   Section        0  tasks.o(i.vTaskSwitchContext)
    i.xPortStartScheduler                    0x08005360   Section        0  port.o(i.xPortStartScheduler)
    i.xPortSysTickHandler                    0x08005458   Section        0  port.o(i.xPortSysTickHandler)
    i.xQueueGenericCreate                    0x0800548c   Section        0  queue.o(i.xQueueGenericCreate)
    i.xQueueGenericCreateStatic              0x080054e6   Section        0  queue.o(i.xQueueGenericCreateStatic)
    i.xQueueGenericReset                     0x080055c8   Section        0  queue.o(i.xQueueGenericReset)
    i.xQueueGenericSend                      0x08005660   Section        0  queue.o(i.xQueueGenericSend)
    i.xQueueGenericSendFromISR               0x08005808   Section        0  queue.o(i.xQueueGenericSendFromISR)
    i.xQueueReceive                          0x08005904   Section        0  queue.o(i.xQueueReceive)
    i.xQueueReceiveFromISR                   0x08005a6c   Section        0  queue.o(i.xQueueReceiveFromISR)
    i.xTaskCheckForTimeOut                   0x08005b38   Section        0  tasks.o(i.xTaskCheckForTimeOut)
    i.xTaskCreate                            0x08005bc4   Section        0  tasks.o(i.xTaskCreate)
    i.xTaskCreateStatic                      0x08005c28   Section        0  tasks.o(i.xTaskCreateStatic)
    i.xTaskGetSchedulerState                 0x08005ce4   Section        0  tasks.o(i.xTaskGetSchedulerState)
    i.xTaskGetTickCount                      0x08005d04   Section        0  tasks.o(i.xTaskGetTickCount)
    i.xTaskIncrementTick                     0x08005d10   Section        0  tasks.o(i.xTaskIncrementTick)
    i.xTaskPriorityDisinherit                0x08005e54   Section        0  tasks.o(i.xTaskPriorityDisinherit)
    i.xTaskRemoveFromEventList               0x08005ef8   Section        0  tasks.o(i.xTaskRemoveFromEventList)
    i.xTaskResumeAll                         0x08005f90   Section        0  tasks.o(i.xTaskResumeAll)
    i.xTimerCreateTimerTask                  0x08006094   Section        0  timers.o(i.xTimerCreateTimerTask)
    i.xTimerGenericCommand                   0x0800610c   Section        0  timers.o(i.xTimerGenericCommand)
    .constdata                               0x08006190   Section      192  freertos.o(.constdata)
    .constdata                               0x08006250   Section     2608  oled.o(.constdata)
    .constdata                               0x08006c80   Section       18  stm32f1xx_hal_rcc.o(.constdata)
    aPLLMULFactorTable                       0x08006c80   Data          16  stm32f1xx_hal_rcc.o(.constdata)
    aPredivFactorTable                       0x08006c90   Data           2  stm32f1xx_hal_rcc.o(.constdata)
    .constdata                               0x08006c92   Section       24  system_stm32f1xx.o(.constdata)
    .conststring                             0x08006cac   Section       68  freertos.o(.conststring)
    .data                                    0x20000000   Section       24  freertos.o(.data)
    .data                                    0x20000018   Section        9  stm32f1xx_hal.o(.data)
    .data                                    0x20000024   Section        4  system_stm32f1xx.o(.data)
    .data                                    0x20000028   Section       60  tasks.o(.data)
    pxDelayedTaskList                        0x2000002c   Data           4  tasks.o(.data)
    pxOverflowDelayedTaskList                0x20000030   Data           4  tasks.o(.data)
    uxDeletedTasksWaitingCleanUp             0x20000034   Data           4  tasks.o(.data)
    uxCurrentNumberOfTasks                   0x20000038   Data           4  tasks.o(.data)
    xTickCount                               0x2000003c   Data           4  tasks.o(.data)
    uxTopReadyPriority                       0x20000040   Data           4  tasks.o(.data)
    xSchedulerRunning                        0x20000044   Data           4  tasks.o(.data)
    xPendedTicks                             0x20000048   Data           4  tasks.o(.data)
    xYieldPending                            0x2000004c   Data           4  tasks.o(.data)
    xNumOfOverflows                          0x20000050   Data           4  tasks.o(.data)
    uxTaskNumber                             0x20000054   Data           4  tasks.o(.data)
    xNextTaskUnblockTime                     0x20000058   Data           4  tasks.o(.data)
    xIdleTaskHandle                          0x2000005c   Data           4  tasks.o(.data)
    uxSchedulerSuspended                     0x20000060   Data           4  tasks.o(.data)
    .data                                    0x20000064   Section       20  timers.o(.data)
    pxCurrentTimerList                       0x20000064   Data           4  timers.o(.data)
    pxOverflowTimerList                      0x20000068   Data           4  timers.o(.data)
    xTimerQueue                              0x2000006c   Data           4  timers.o(.data)
    xTimerTaskHandle                         0x20000070   Data           4  timers.o(.data)
    xLastTime                                0x20000074   Data           4  timers.o(.data)
    .data                                    0x20000078   Section        4  cmsis_os2.o(.data)
    KernelState                              0x20000078   Data           4  cmsis_os2.o(.data)
    .data                                    0x2000007c   Section       32  heap_4.o(.data)
    xStart                                   0x2000007c   Data           8  heap_4.o(.data)
    pxEnd                                    0x20000084   Data           4  heap_4.o(.data)
    xFreeBytesRemaining                      0x20000088   Data           4  heap_4.o(.data)
    xMinimumEverFreeBytesRemaining           0x2000008c   Data           4  heap_4.o(.data)
    xNumberOfSuccessfulAllocations           0x20000090   Data           4  heap_4.o(.data)
    xNumberOfSuccessfulFrees                 0x20000094   Data           4  heap_4.o(.data)
    xBlockAllocatedBit                       0x20000098   Data           4  heap_4.o(.data)
    .data                                    0x2000009c   Section       12  port.o(.data)
    uxCriticalNesting                        0x2000009c   Data           4  port.o(.data)
    ucMaxSysCallPriority                     0x200000a0   Data           1  port.o(.data)
    ulMaxPRIGROUPValue                       0x200000a4   Data           4  port.o(.data)
    .data                                    0x200000a8   Section        4  stdout.o(.data)
    .bss                                     0x200000ac   Section       40  can.o(.bss)
    .bss                                     0x200000d4   Section       72  tim.o(.bss)
    .bss                                     0x2000011c   Section       72  usart.o(.bss)
    .bss                                     0x20000164   Section       72  stm32f1xx_hal_timebase_tim.o(.bss)
    .bss                                     0x200001ac   Section       64  queue.o(.bss)
    .bss                                     0x200001ec   Section     1220  tasks.o(.bss)
    pxReadyTasksLists                        0x200001ec   Data        1120  tasks.o(.bss)
    xDelayedTaskList1                        0x2000064c   Data          20  tasks.o(.bss)
    xDelayedTaskList2                        0x20000660   Data          20  tasks.o(.bss)
    xPendingReadyList                        0x20000674   Data          20  tasks.o(.bss)
    xTasksWaitingTermination                 0x20000688   Data          20  tasks.o(.bss)
    xSuspendedTaskList                       0x2000069c   Data          20  tasks.o(.bss)
    .bss                                     0x200006b0   Section      280  timers.o(.bss)
    xActiveTimerList1                        0x200006b0   Data          20  timers.o(.bss)
    xActiveTimerList2                        0x200006c4   Data          20  timers.o(.bss)
    xStaticTimerQueue                        0x200006d8   Data          80  timers.o(.bss)
    ucStaticTimerQueueStorage                0x20000728   Data         160  timers.o(.bss)
    .bss                                     0x200007c8   Section     1720  cmsis_os2.o(.bss)
    Idle_TCB                                 0x200007c8   Data          92  cmsis_os2.o(.bss)
    Idle_Stack                               0x20000824   Data         512  cmsis_os2.o(.bss)
    Timer_TCB                                0x20000a24   Data          92  cmsis_os2.o(.bss)
    Timer_Stack                              0x20000a80   Data        1024  cmsis_os2.o(.bss)
    .bss                                     0x20000e80   Section     5120  heap_4.o(.bss)
    ucHeap                                   0x20000e80   Data        5120  heap_4.o(.bss)
    STACK                                    0x20002280   Section     1024  startup_stm32f103xb.o(STACK)

    Global Symbols

    Symbol Name                              Value     Ov Type        Size  Object(Section)

    BuildAttributes$$THM_ISAv4$P$D$K$B$S$PE$A:L22UL41UL21$X:L11$S22US41US21$IEEE1$IW$USESV6$~STKCKD$USESV7$~SHL$OTIME$ROPI$EBA8$MICROLIB$REQ8$PRES8$EABIv2 0x00000000   Number         0  anon$$obj.o ABSOLUTE
    __ARM_use_no_argv                        0x00000000   Number         0  main.o ABSOLUTE
    _printf_a                                0x00000000   Number         0  stubs.o ABSOLUTE
    _printf_c                                0x00000000   Number         0  stubs.o ABSOLUTE
    _printf_charcount                        0x00000000   Number         0  stubs.o ABSOLUTE
    _printf_d                                0x00000000   Number         0  stubs.o ABSOLUTE
    _printf_e                                0x00000000   Number         0  stubs.o ABSOLUTE
    _printf_f                                0x00000000   Number         0  stubs.o ABSOLUTE
    _printf_flags                            0x00000000   Number         0  stubs.o ABSOLUTE
    _printf_fp_dec                           0x00000000   Number         0  stubs.o ABSOLUTE
    _printf_fp_hex                           0x00000000   Number         0  stubs.o ABSOLUTE
    _printf_g                                0x00000000   Number         0  stubs.o ABSOLUTE
    _printf_i                                0x00000000   Number         0  stubs.o ABSOLUTE
    _printf_int_dec                          0x00000000   Number         0  stubs.o ABSOLUTE
    _printf_l                                0x00000000   Number         0  stubs.o ABSOLUTE
    _printf_lc                               0x00000000   Number         0  stubs.o ABSOLUTE
    _printf_ll                               0x00000000   Number         0  stubs.o ABSOLUTE
    _printf_lld                              0x00000000   Number         0  stubs.o ABSOLUTE
    _printf_lli                              0x00000000   Number         0  stubs.o ABSOLUTE
    _printf_llo                              0x00000000   Number         0  stubs.o ABSOLUTE
    _printf_llu                              0x00000000   Number         0  stubs.o ABSOLUTE
    _printf_llx                              0x00000000   Number         0  stubs.o ABSOLUTE
    _printf_longlong_dec                     0x00000000   Number         0  stubs.o ABSOLUTE
    _printf_longlong_hex                     0x00000000   Number         0  stubs.o ABSOLUTE
    _printf_longlong_oct                     0x00000000   Number         0  stubs.o ABSOLUTE
    _printf_ls                               0x00000000   Number         0  stubs.o ABSOLUTE
    _printf_mbtowc                           0x00000000   Number         0  stubs.o ABSOLUTE
    _printf_n                                0x00000000   Number         0  stubs.o ABSOLUTE
    _printf_o                                0x00000000   Number         0  stubs.o ABSOLUTE
    _printf_p                                0x00000000   Number         0  stubs.o ABSOLUTE
    _printf_percent                          0x00000000   Number         0  stubs.o ABSOLUTE
    _printf_pre_padding                      0x00000000   Number         0  stubs.o ABSOLUTE
    _printf_return_value                     0x00000000   Number         0  stubs.o ABSOLUTE
    _printf_s                                0x00000000   Number         0  stubs.o ABSOLUTE
    _printf_sizespec                         0x00000000   Number         0  stubs.o ABSOLUTE
    _printf_str                              0x00000000   Number         0  stubs.o ABSOLUTE
    _printf_truncate_signed                  0x00000000   Number         0  stubs.o ABSOLUTE
    _printf_truncate_unsigned                0x00000000   Number         0  stubs.o ABSOLUTE
    _printf_u                                0x00000000   Number         0  stubs.o ABSOLUTE
    _printf_wc                               0x00000000   Number         0  stubs.o ABSOLUTE
    _printf_wctomb                           0x00000000   Number         0  stubs.o ABSOLUTE
    _printf_widthprec                        0x00000000   Number         0  stubs.o ABSOLUTE
    _printf_x                                0x00000000   Number         0  stubs.o ABSOLUTE
    __arm_fini_                               - Undefined Weak Reference
    __cpp_initialize__aeabi_                  - Undefined Weak Reference
    __cxa_finalize                            - Undefined Weak Reference
    __decompress                              - Undefined Weak Reference
    _clock_init                               - Undefined Weak Reference
    _microlib_exit                            - Undefined Weak Reference
    __Vectors_Size                           0x000000ec   Number         0  startup_stm32f103xb.o ABSOLUTE
    __Vectors                                0x08000000   Data           4  startup_stm32f103xb.o(RESET)
    __Vectors_End                            0x080000ec   Data           0  startup_stm32f103xb.o(RESET)
    __main                                   0x080000ed   Thumb Code     0  entry.o(.ARM.Collect$$$$00000000)
    _main_stk                                0x080000ed   Thumb Code     0  entry2.o(.ARM.Collect$$$$00000001)
    _main_scatterload                        0x080000f1   Thumb Code     0  entry5.o(.ARM.Collect$$$$00000004)
    __main_after_scatterload                 0x080000f5   Thumb Code     0  entry5.o(.ARM.Collect$$$$00000004)
    _main_clock                              0x080000f5   Thumb Code     0  entry7b.o(.ARM.Collect$$$$00000008)
    _main_cpp_init                           0x080000f5   Thumb Code     0  entry8b.o(.ARM.Collect$$$$0000000A)
    _main_init                               0x080000f5   Thumb Code     0  entry9a.o(.ARM.Collect$$$$0000000B)
    __rt_lib_shutdown_fini                   0x080000fd   Thumb Code     0  entry12b.o(.ARM.Collect$$$$0000000E)
    __rt_final_cpp                           0x08000101   Thumb Code     0  entry10a.o(.ARM.Collect$$$$0000000F)
    __rt_final_exit                          0x08000101   Thumb Code     0  entry11a.o(.ARM.Collect$$$$00000011)
    SVC_Handler                              0x08000105   Thumb Code    32  port.o(.emb_text)
    __asm___6_port_c_39a90d8d__prvStartFirstTask 0x08000129   Thumb Code    28  port.o(.emb_text)
    PendSV_Handler                           0x08000149   Thumb Code    72  port.o(.emb_text)
    vPortGetIPSR                             0x08000195   Thumb Code     6  port.o(.emb_text)
    Reset_Handler                            0x0800019d   Thumb Code     8  startup_stm32f103xb.o(.text)
    ADC1_2_IRQHandler                        0x080001b7   Thumb Code     0  startup_stm32f103xb.o(.text)
    CAN1_RX1_IRQHandler                      0x080001b7   Thumb Code     0  startup_stm32f103xb.o(.text)
    CAN1_SCE_IRQHandler                      0x080001b7   Thumb Code     0  startup_stm32f103xb.o(.text)
    DMA1_Channel1_IRQHandler                 0x080001b7   Thumb Code     0  startup_stm32f103xb.o(.text)
    DMA1_Channel2_IRQHandler                 0x080001b7   Thumb Code     0  startup_stm32f103xb.o(.text)
    DMA1_Channel3_IRQHandler                 0x080001b7   Thumb Code     0  startup_stm32f103xb.o(.text)
    DMA1_Channel4_IRQHandler                 0x080001b7   Thumb Code     0  startup_stm32f103xb.o(.text)
    DMA1_Channel5_IRQHandler                 0x080001b7   Thumb Code     0  startup_stm32f103xb.o(.text)
    DMA1_Channel6_IRQHandler                 0x080001b7   Thumb Code     0  startup_stm32f103xb.o(.text)
    DMA1_Channel7_IRQHandler                 0x080001b7   Thumb Code     0  startup_stm32f103xb.o(.text)
    EXTI0_IRQHandler                         0x080001b7   Thumb Code     0  startup_stm32f103xb.o(.text)
    EXTI15_10_IRQHandler                     0x080001b7   Thumb Code     0  startup_stm32f103xb.o(.text)
    EXTI1_IRQHandler                         0x080001b7   Thumb Code     0  startup_stm32f103xb.o(.text)
    EXTI2_IRQHandler                         0x080001b7   Thumb Code     0  startup_stm32f103xb.o(.text)
    EXTI3_IRQHandler                         0x080001b7   Thumb Code     0  startup_stm32f103xb.o(.text)
    EXTI4_IRQHandler                         0x080001b7   Thumb Code     0  startup_stm32f103xb.o(.text)
    EXTI9_5_IRQHandler                       0x080001b7   Thumb Code     0  startup_stm32f103xb.o(.text)
    FLASH_IRQHandler                         0x080001b7   Thumb Code     0  startup_stm32f103xb.o(.text)
    I2C1_ER_IRQHandler                       0x080001b7   Thumb Code     0  startup_stm32f103xb.o(.text)
    I2C1_EV_IRQHandler                       0x080001b7   Thumb Code     0  startup_stm32f103xb.o(.text)
    I2C2_ER_IRQHandler                       0x080001b7   Thumb Code     0  startup_stm32f103xb.o(.text)
    I2C2_EV_IRQHandler                       0x080001b7   Thumb Code     0  startup_stm32f103xb.o(.text)
    PVD_IRQHandler                           0x080001b7   Thumb Code     0  startup_stm32f103xb.o(.text)
    RCC_IRQHandler                           0x080001b7   Thumb Code     0  startup_stm32f103xb.o(.text)
    RTC_Alarm_IRQHandler                     0x080001b7   Thumb Code     0  startup_stm32f103xb.o(.text)
    RTC_IRQHandler                           0x080001b7   Thumb Code     0  startup_stm32f103xb.o(.text)
    SPI1_IRQHandler                          0x080001b7   Thumb Code     0  startup_stm32f103xb.o(.text)
    SPI2_IRQHandler                          0x080001b7   Thumb Code     0  startup_stm32f103xb.o(.text)
    TAMPER_IRQHandler                        0x080001b7   Thumb Code     0  startup_stm32f103xb.o(.text)
    TIM1_BRK_IRQHandler                      0x080001b7   Thumb Code     0  startup_stm32f103xb.o(.text)
    TIM1_CC_IRQHandler                       0x080001b7   Thumb Code     0  startup_stm32f103xb.o(.text)
    TIM1_TRG_COM_IRQHandler                  0x080001b7   Thumb Code     0  startup_stm32f103xb.o(.text)
    TIM1_UP_IRQHandler                       0x080001b7   Thumb Code     0  startup_stm32f103xb.o(.text)
    TIM2_IRQHandler                          0x080001b7   Thumb Code     0  startup_stm32f103xb.o(.text)
    TIM3_IRQHandler                          0x080001b7   Thumb Code     0  startup_stm32f103xb.o(.text)
    USART1_IRQHandler                        0x080001b7   Thumb Code     0  startup_stm32f103xb.o(.text)
    USART2_IRQHandler                        0x080001b7   Thumb Code     0  startup_stm32f103xb.o(.text)
    USART3_IRQHandler                        0x080001b7   Thumb Code     0  startup_stm32f103xb.o(.text)
    USBWakeUp_IRQHandler                     0x080001b7   Thumb Code     0  startup_stm32f103xb.o(.text)
    USB_HP_CAN1_TX_IRQHandler                0x080001b7   Thumb Code     0  startup_stm32f103xb.o(.text)
    WWDG_IRQHandler                          0x080001b7   Thumb Code     0  startup_stm32f103xb.o(.text)
    __aeabi_llsr                             0x080001c1   Thumb Code    32  llushr.o(.text)
    _ll_ushift_r                             0x080001c1   Thumb Code     0  llushr.o(.text)
    __aeabi_memcpy                           0x080001e1   Thumb Code    36  memcpya.o(.text)
    __aeabi_memcpy4                          0x080001e1   Thumb Code     0  memcpya.o(.text)
    __aeabi_memcpy8                          0x080001e1   Thumb Code     0  memcpya.o(.text)
    __aeabi_memset                           0x08000205   Thumb Code    14  memseta.o(.text)
    __aeabi_memset4                          0x08000205   Thumb Code     0  memseta.o(.text)
    __aeabi_memset8                          0x08000205   Thumb Code     0  memseta.o(.text)
    __aeabi_memclr                           0x08000213   Thumb Code     4  memseta.o(.text)
    __aeabi_memclr4                          0x08000213   Thumb Code     0  memseta.o(.text)
    __aeabi_memclr8                          0x08000213   Thumb Code     0  memseta.o(.text)
    memset                                   0x08000217   Thumb Code    18  memseta.o(.text)
    __aeabi_fadd                             0x08000229   Thumb Code   164  fadd.o(.text)
    __aeabi_fsub                             0x080002cd   Thumb Code     6  fadd.o(.text)
    __aeabi_frsub                            0x080002d3   Thumb Code     6  fadd.o(.text)
    __aeabi_fmul                             0x080002d9   Thumb Code   100  fmul.o(.text)
    __aeabi_fdiv                             0x0800033d   Thumb Code   124  fdiv.o(.text)
    __aeabi_ui2f                             0x080003b9   Thumb Code    10  ffltui.o(.text)
    __aeabi_f2uiz                            0x080003c3   Thumb Code    40  ffixui.o(.text)
    __aeabi_f2d                              0x080003eb   Thumb Code    38  f2d.o(.text)
    __aeabi_uidiv                            0x08000411   Thumb Code     0  uidiv.o(.text)
    __aeabi_uidivmod                         0x08000411   Thumb Code    44  uidiv.o(.text)
    __aeabi_uldivmod                         0x0800043d   Thumb Code    98  uldiv.o(.text)
    __I$use$fp                               0x0800049f   Thumb Code     0  iusefp.o(.text)
    _float_round                             0x0800049f   Thumb Code    18  fepilogue.o(.text)
    _float_epilogue                          0x080004b1   Thumb Code    92  fepilogue.o(.text)
    __aeabi_dadd                             0x0800050d   Thumb Code   322  dadd.o(.text)
    __aeabi_dsub                             0x0800064f   Thumb Code     6  dadd.o(.text)
    __aeabi_drsub                            0x08000655   Thumb Code     6  dadd.o(.text)
    __aeabi_dmul                             0x0800065b   Thumb Code   228  dmul.o(.text)
    __aeabi_ddiv                             0x0800073f   Thumb Code   222  ddiv.o(.text)
    __aeabi_d2ulz                            0x0800081d   Thumb Code    48  dfixul.o(.text)
    __aeabi_cdrcmple                         0x0800084d   Thumb Code    48  cdrcmple.o(.text)
    __scatterload                            0x0800087d   Thumb Code    28  init.o(.text)
    __scatterload_rt2                        0x0800087d   Thumb Code     0  init.o(.text)
    __aeabi_llsl                             0x080008a1   Thumb Code    30  llshl.o(.text)
    _ll_shift_l                              0x080008a1   Thumb Code     0  llshl.o(.text)
    __aeabi_lasr                             0x080008bf   Thumb Code    36  llsshr.o(.text)
    _ll_sshift_r                             0x080008bf   Thumb Code     0  llsshr.o(.text)
    _double_round                            0x080008e3   Thumb Code    30  depilogue.o(.text)
    _double_epilogue                         0x08000901   Thumb Code   156  depilogue.o(.text)
    BusFault_Handler                         0x0800099d   Thumb Code     4  stm32f1xx_it.o(i.BusFault_Handler)
    CANStartTask                             0x080009a1   Thumb Code   194  can_task.o(i.CANStartTask)
    CAN_Init                                 0x08000ad5   Thumb Code    92  can_config.o(i.CAN_Init)
    CAN_ReceiveHandler                       0x08000b99   Thumb Code   208  can_config.o(i.CAN_ReceiveHandler)
    CAN_SendData                             0x08000cc9   Thumb Code    42  can_config.o(i.CAN_SendData)
    DHT11StartTask                           0x08000cf9   Thumb Code   146  dht11_task.o(i.DHT11StartTask)
    DHT11_Check                              0x08000d95   Thumb Code    82  dht11.o(i.DHT11_Check)
    DHT11_IN                                 0x08000ded   Thumb Code    36  dht11.o(i.DHT11_IN)
    DHT11_Init                               0x08000e15   Thumb Code    78  dht11.o(i.DHT11_Init)
    DHT11_OUT                                0x08000e6d   Thumb Code    36  dht11.o(i.DHT11_OUT)
    DHT11_Read_Bit                           0x08000e95   Thumb Code    82  dht11.o(i.DHT11_Read_Bit)
    DHT11_Read_Byte                          0x08000eed   Thumb Code    30  dht11.o(i.DHT11_Read_Byte)
    DHT11_Read_Data                          0x08000f0b   Thumb Code    88  dht11.o(i.DHT11_Read_Data)
    DHT11_Strat                              0x08000f65   Thumb Code    40  dht11.o(i.DHT11_Strat)
    DebugMon_Handler                         0x08000f91   Thumb Code     2  stm32f1xx_it.o(i.DebugMon_Handler)
    Delay_us                                 0x08000f95   Thumb Code    38  dht11.o(i.Delay_us)
    Error_Handler                            0x08000fc1   Thumb Code     6  main.o(i.Error_Handler)
    HAL_CAN_ActivateNotification             0x08000fc7   Thumb Code    42  stm32f1xx_hal_can.o(i.HAL_CAN_ActivateNotification)
    HAL_CAN_AddTxMessage                     0x08000ff1   Thumb Code   330  stm32f1xx_hal_can.o(i.HAL_CAN_AddTxMessage)
    HAL_CAN_ConfigFilter                     0x0800113b   Thumb Code   266  stm32f1xx_hal_can.o(i.HAL_CAN_ConfigFilter)
    HAL_CAN_ErrorCallback                    0x08001245   Thumb Code     2  stm32f1xx_hal_can.o(i.HAL_CAN_ErrorCallback)
    HAL_CAN_GetRxMessage                     0x08001247   Thumb Code   404  stm32f1xx_hal_can.o(i.HAL_CAN_GetRxMessage)
    HAL_CAN_IRQHandler                       0x080013db   Thumb Code   590  stm32f1xx_hal_can.o(i.HAL_CAN_IRQHandler)
    HAL_CAN_Init                             0x08001629   Thumb Code   372  stm32f1xx_hal_can.o(i.HAL_CAN_Init)
    HAL_CAN_MspInit                          0x0800179d   Thumb Code   138  can.o(i.HAL_CAN_MspInit)
    HAL_CAN_RxFifo0FullCallback              0x08001835   Thumb Code     2  stm32f1xx_hal_can.o(i.HAL_CAN_RxFifo0FullCallback)
    HAL_CAN_RxFifo0MsgPendingCallback        0x08001837   Thumb Code    12  freertos.o(i.HAL_CAN_RxFifo0MsgPendingCallback)
    HAL_CAN_RxFifo1FullCallback              0x08001843   Thumb Code     2  stm32f1xx_hal_can.o(i.HAL_CAN_RxFifo1FullCallback)
    HAL_CAN_RxFifo1MsgPendingCallback        0x08001845   Thumb Code     2  stm32f1xx_hal_can.o(i.HAL_CAN_RxFifo1MsgPendingCallback)
    HAL_CAN_SleepCallback                    0x08001847   Thumb Code     2  stm32f1xx_hal_can.o(i.HAL_CAN_SleepCallback)
    HAL_CAN_Start                            0x08001849   Thumb Code    94  stm32f1xx_hal_can.o(i.HAL_CAN_Start)
    HAL_CAN_TxMailbox0AbortCallback          0x080018a7   Thumb Code     2  stm32f1xx_hal_can.o(i.HAL_CAN_TxMailbox0AbortCallback)
    HAL_CAN_TxMailbox0CompleteCallback       0x080018a9   Thumb Code     2  stm32f1xx_hal_can.o(i.HAL_CAN_TxMailbox0CompleteCallback)
    HAL_CAN_TxMailbox1AbortCallback          0x080018ab   Thumb Code     2  stm32f1xx_hal_can.o(i.HAL_CAN_TxMailbox1AbortCallback)
    HAL_CAN_TxMailbox1CompleteCallback       0x080018ad   Thumb Code     2  stm32f1xx_hal_can.o(i.HAL_CAN_TxMailbox1CompleteCallback)
    HAL_CAN_TxMailbox2AbortCallback          0x080018af   Thumb Code     2  stm32f1xx_hal_can.o(i.HAL_CAN_TxMailbox2AbortCallback)
    HAL_CAN_TxMailbox2CompleteCallback       0x080018b1   Thumb Code     2  stm32f1xx_hal_can.o(i.HAL_CAN_TxMailbox2CompleteCallback)
    HAL_CAN_WakeUpFromRxMsgCallback          0x080018b3   Thumb Code     2  stm32f1xx_hal_can.o(i.HAL_CAN_WakeUpFromRxMsgCallback)
    HAL_Delay                                0x080018b5   Thumb Code    36  stm32f1xx_hal.o(i.HAL_Delay)
    HAL_GPIO_Init                            0x080018dd   Thumb Code   766  stm32f1xx_hal_gpio.o(i.HAL_GPIO_Init)
    HAL_GPIO_ReadPin                         0x08001bfd   Thumb Code    16  stm32f1xx_hal_gpio.o(i.HAL_GPIO_ReadPin)
    HAL_GPIO_WritePin                        0x08001c0d   Thumb Code    12  stm32f1xx_hal_gpio.o(i.HAL_GPIO_WritePin)
    HAL_GetTick                              0x08001c19   Thumb Code     6  stm32f1xx_hal.o(i.HAL_GetTick)
    HAL_IncTick                              0x08001c25   Thumb Code    16  stm32f1xx_hal.o(i.HAL_IncTick)
    HAL_Init                                 0x08001c3d   Thumb Code    34  stm32f1xx_hal.o(i.HAL_Init)
    HAL_InitTick                             0x08001c65   Thumb Code   158  stm32f1xx_hal_timebase_tim.o(i.HAL_InitTick)
    HAL_MspInit                              0x08001d19   Thumb Code    86  stm32f1xx_hal_msp.o(i.HAL_MspInit)
    HAL_NVIC_EnableIRQ                       0x08001d79   Thumb Code    32  stm32f1xx_hal_cortex.o(i.HAL_NVIC_EnableIRQ)
    HAL_NVIC_SetPriority                     0x08001d99   Thumb Code   124  stm32f1xx_hal_cortex.o(i.HAL_NVIC_SetPriority)
    HAL_NVIC_SetPriorityGrouping             0x08001e15   Thumb Code    32  stm32f1xx_hal_cortex.o(i.HAL_NVIC_SetPriorityGrouping)
    HAL_RCC_ClockConfig                      0x08001e3d   Thumb Code   376  stm32f1xx_hal_rcc.o(i.HAL_RCC_ClockConfig)
    HAL_RCC_GetClockConfig                   0x08001fc9   Thumb Code    58  stm32f1xx_hal_rcc.o(i.HAL_RCC_GetClockConfig)
    HAL_RCC_GetHCLKFreq                      0x0800200d   Thumb Code     6  stm32f1xx_hal_rcc.o(i.HAL_RCC_GetHCLKFreq)
    HAL_RCC_GetPCLK1Freq                     0x08002019   Thumb Code    22  stm32f1xx_hal_rcc.o(i.HAL_RCC_GetPCLK1Freq)
    HAL_RCC_GetPCLK2Freq                     0x08002039   Thumb Code    22  stm32f1xx_hal_rcc.o(i.HAL_RCC_GetPCLK2Freq)
    HAL_RCC_GetSysClockFreq                  0x08002059   Thumb Code    92  stm32f1xx_hal_rcc.o(i.HAL_RCC_GetSysClockFreq)
    HAL_RCC_OscConfig                        0x080020c9   Thumb Code  1114  stm32f1xx_hal_rcc.o(i.HAL_RCC_OscConfig)
    HAL_TIMEx_BreakCallback                  0x0800252d   Thumb Code     2  stm32f1xx_hal_tim_ex.o(i.HAL_TIMEx_BreakCallback)
    HAL_TIMEx_CommutCallback                 0x0800252f   Thumb Code     2  stm32f1xx_hal_tim_ex.o(i.HAL_TIMEx_CommutCallback)
    HAL_TIMEx_MasterConfigSynchronization    0x08002531   Thumb Code   118  stm32f1xx_hal_tim_ex.o(i.HAL_TIMEx_MasterConfigSynchronization)
    HAL_TIM_Base_Init                        0x080025b5   Thumb Code   102  stm32f1xx_hal_tim.o(i.HAL_TIM_Base_Init)
    HAL_TIM_Base_MspInit                     0x0800261d   Thumb Code    40  tim.o(i.HAL_TIM_Base_MspInit)
    HAL_TIM_Base_Start                       0x0800264d   Thumb Code    94  stm32f1xx_hal_tim.o(i.HAL_TIM_Base_Start)
    HAL_TIM_Base_Start_IT                    0x080026b9   Thumb Code   106  stm32f1xx_hal_tim.o(i.HAL_TIM_Base_Start_IT)
    HAL_TIM_Base_Stop                        0x08002731   Thumb Code    50  stm32f1xx_hal_tim.o(i.HAL_TIM_Base_Stop)
    HAL_TIM_ConfigClockSource                0x08002763   Thumb Code   268  stm32f1xx_hal_tim.o(i.HAL_TIM_ConfigClockSource)
    HAL_TIM_IC_CaptureCallback               0x0800286f   Thumb Code     2  stm32f1xx_hal_tim.o(i.HAL_TIM_IC_CaptureCallback)
    HAL_TIM_IRQHandler                       0x08002871   Thumb Code   364  stm32f1xx_hal_tim.o(i.HAL_TIM_IRQHandler)
    HAL_TIM_OC_DelayElapsedCallback          0x080029dd   Thumb Code     2  stm32f1xx_hal_tim.o(i.HAL_TIM_OC_DelayElapsedCallback)
    HAL_TIM_PWM_PulseFinishedCallback        0x080029df   Thumb Code     2  stm32f1xx_hal_tim.o(i.HAL_TIM_PWM_PulseFinishedCallback)
    HAL_TIM_PeriodElapsedCallback            0x080029e1   Thumb Code    18  main.o(i.HAL_TIM_PeriodElapsedCallback)
    HAL_TIM_TriggerCallback                  0x080029f9   Thumb Code     2  stm32f1xx_hal_tim.o(i.HAL_TIM_TriggerCallback)
    HAL_UART_Init                            0x080029fb   Thumb Code   118  stm32f1xx_hal_uart.o(i.HAL_UART_Init)
    HAL_UART_MspInit                         0x08002a71   Thumb Code   122  usart.o(i.HAL_UART_MspInit)
    HAL_UART_Transmit                        0x08002af9   Thumb Code   190  stm32f1xx_hal_uart.o(i.HAL_UART_Transmit)
    HardFault_Handler                        0x08002bb7   Thumb Code     4  stm32f1xx_it.o(i.HardFault_Handler)
    MX_CAN_Init                              0x08002bbd   Thumb Code    56  can.o(i.MX_CAN_Init)
    MX_FREERTOS_Init                         0x08002bfd   Thumb Code    88  freertos.o(i.MX_FREERTOS_Init)
    MX_GPIO_Init                             0x08002c95   Thumb Code   216  gpio.o(i.MX_GPIO_Init)
    MX_TIM3_Init                             0x08002d79   Thumb Code   100  tim.o(i.MX_TIM3_Init)
    MX_USART1_UART_Init                      0x08002de5   Thumb Code    46  usart.o(i.MX_USART1_UART_Init)
    MemManage_Handler                        0x08002e1d   Thumb Code     4  stm32f1xx_it.o(i.MemManage_Handler)
    NMI_Handler                              0x08002e21   Thumb Code     4  stm32f1xx_it.o(i.NMI_Handler)
    OLEDStartTask                            0x08002e25   Thumb Code   256  oled_task.o(i.OLEDStartTask)
    OLED_Clear                               0x08002f75   Thumb Code    42  oled.o(i.OLED_Clear)
    OLED_I2C_Init                            0x08002f9f   Thumb Code    20  oled.o(i.OLED_I2C_Init)
    OLED_I2C_SendByte                        0x08002fb3   Thumb Code    62  oled.o(i.OLED_I2C_SendByte)
    OLED_I2C_Start                           0x08002ff1   Thumb Code    28  oled.o(i.OLED_I2C_Start)
    OLED_I2C_Stop                            0x0800300d   Thumb Code    22  oled.o(i.OLED_I2C_Stop)
    OLED_Init                                0x08003023   Thumb Code   174  oled.o(i.OLED_Init)
    OLED_Pow                                 0x080030d1   Thumb Code    20  oled.o(i.OLED_Pow)
    OLED_SetCursor                           0x080030e5   Thumb Code    34  oled.o(i.OLED_SetCursor)
    OLED_ShowChar                            0x08003109   Thumb Code   110  oled.o(i.OLED_ShowChar)
    OLED_ShowNum                             0x0800317d   Thumb Code    68  oled.o(i.OLED_ShowNum)
    OLED_ShowString                          0x080031c1   Thumb Code    40  oled.o(i.OLED_ShowString)
    OLED_W_SCL                               0x080031e9   Thumb Code    18  oled.o(i.OLED_W_SCL)
    OLED_W_SDA                               0x08003201   Thumb Code    18  oled.o(i.OLED_W_SDA)
    OLED_WriteCommand                        0x08003219   Thumb Code    32  oled.o(i.OLED_WriteCommand)
    OLED_WriteData                           0x08003239   Thumb Code    32  oled.o(i.OLED_WriteData)
    StartDefaultTask                         0x08003281   Thumb Code    10  freertos.o(i.StartDefaultTask)
    SysTick_Handler                          0x0800328b   Thumb Code    22  cmsis_os2.o(i.SysTick_Handler)
    SystemClock_Config                       0x080032a1   Thumb Code   102  main.o(i.SystemClock_Config)
    SystemInit                               0x08003307   Thumb Code     2  system_stm32f1xx.o(i.SystemInit)
    TIM4_IRQHandler                          0x08003309   Thumb Code    10  stm32f1xx_it.o(i.TIM4_IRQHandler)
    TIM_Base_SetConfig                       0x08003319   Thumb Code   120  stm32f1xx_hal_tim.o(i.TIM_Base_SetConfig)
    TIM_ETR_SetConfig                        0x0800339d   Thumb Code    22  stm32f1xx_hal_tim.o(i.TIM_ETR_SetConfig)
    USB_LP_CAN1_RX0_IRQHandler               0x08003609   Thumb Code    10  stm32f1xx_it.o(i.USB_LP_CAN1_RX0_IRQHandler)
    UsageFault_Handler                       0x08003619   Thumb Code     4  stm32f1xx_it.o(i.UsageFault_Handler)
    __0printf                                0x0800361d   Thumb Code    22  printfa.o(i.__0printf)
    __1printf                                0x0800361d   Thumb Code     0  printfa.o(i.__0printf)
    __2printf                                0x0800361d   Thumb Code     0  printfa.o(i.__0printf)
    __c89printf                              0x0800361d   Thumb Code     0  printfa.o(i.__0printf)
    printf                                   0x0800361d   Thumb Code     0  printfa.o(i.__0printf)
    __scatterload_copy                       0x0800367b   Thumb Code    14  handlers.o(i.__scatterload_copy)
    __scatterload_null                       0x08003689   Thumb Code     2  handlers.o(i.__scatterload_null)
    __scatterload_zeroinit                   0x0800368b   Thumb Code    14  handlers.o(i.__scatterload_zeroinit)
    fputc                                    0x08003f25   Thumb Code    22  usart.o(i.fputc)
    main                                     0x08003f41   Thumb Code    40  main.o(i.main)
    osDelay                                  0x08003f69   Thumb Code    30  cmsis_os2.o(i.osDelay)
    osKernelInitialize                       0x08003f89   Thumb Code    38  cmsis_os2.o(i.osKernelInitialize)
    osKernelStart                            0x08003fb5   Thumb Code    82  cmsis_os2.o(i.osKernelStart)
    osMessageQueueGet                        0x08004015   Thumb Code   124  cmsis_os2.o(i.osMessageQueueGet)
    osMessageQueueNew                        0x08004095   Thumb Code   154  cmsis_os2.o(i.osMessageQueueNew)
    osMessageQueuePut                        0x08004131   Thumb Code   128  cmsis_os2.o(i.osMessageQueuePut)
    osThreadNew                              0x080041b5   Thumb Code   184  cmsis_os2.o(i.osThreadNew)
    pvPortMalloc                             0x08004c91   Thumb Code   306  heap_4.o(i.pvPortMalloc)
    pxPortInitialiseStack                    0x08004ddd   Thumb Code    30  port.o(i.pxPortInitialiseStack)
    uxListRemove                             0x08004e01   Thumb Code    40  list.o(i.uxListRemove)
    vApplicationGetIdleTaskMemory            0x08004e29   Thumb Code    14  cmsis_os2.o(i.vApplicationGetIdleTaskMemory)
    vApplicationGetTimerTaskMemory           0x08004e41   Thumb Code    16  cmsis_os2.o(i.vApplicationGetTimerTaskMemory)
    vListInitialise                          0x08004e59   Thumb Code    26  list.o(i.vListInitialise)
    vListInitialiseItem                      0x08004e73   Thumb Code     6  list.o(i.vListInitialiseItem)
    vListInsert                              0x08004e79   Thumb Code    52  list.o(i.vListInsert)
    vListInsertEnd                           0x08004ead   Thumb Code    24  list.o(i.vListInsertEnd)
    vPortEnterCritical                       0x08004ec5   Thumb Code    76  port.o(i.vPortEnterCritical)
    vPortExitCritical                        0x08004f19   Thumb Code    56  port.o(i.vPortExitCritical)
    vPortFree                                0x08004f55   Thumb Code   150  heap_4.o(i.vPortFree)
    vPortSetupTimerInterrupt                 0x08004ff9   Thumb Code    36  port.o(i.vPortSetupTimerInterrupt)
    vPortValidateInterruptPriority           0x08005021   Thumb Code   106  port.o(i.vPortValidateInterruptPriority)
    vQueueAddToRegistry                      0x08005099   Thumb Code    38  queue.o(i.vQueueAddToRegistry)
    vQueueWaitForMessageRestricted           0x080050c5   Thumb Code    74  queue.o(i.vQueueWaitForMessageRestricted)
    vTaskDelay                               0x08005111   Thumb Code    82  tasks.o(i.vTaskDelay)
    vTaskInternalSetTimeOutState             0x0800516d   Thumb Code    14  tasks.o(i.vTaskInternalSetTimeOutState)
    vTaskMissedYield                         0x08005185   Thumb Code     8  tasks.o(i.vTaskMissedYield)
    vTaskPlaceOnEventList                    0x08005191   Thumb Code    52  tasks.o(i.vTaskPlaceOnEventList)
    vTaskPlaceOnEventListRestricted          0x080051c9   Thumb Code    60  tasks.o(i.vTaskPlaceOnEventListRestricted)
    vTaskStartScheduler                      0x08005209   Thumb Code   156  tasks.o(i.vTaskStartScheduler)
    vTaskSuspendAll                          0x080052c1   Thumb Code    12  tasks.o(i.vTaskSuspendAll)
    vTaskSwitchContext                       0x080052d1   Thumb Code   122  tasks.o(i.vTaskSwitchContext)
    xPortStartScheduler                      0x08005361   Thumb Code   228  port.o(i.xPortStartScheduler)
    xPortSysTickHandler                      0x08005459   Thumb Code    46  port.o(i.xPortSysTickHandler)
    xQueueGenericCreate                      0x0800548d   Thumb Code    90  queue.o(i.xQueueGenericCreate)
    xQueueGenericCreateStatic                0x080054e7   Thumb Code   224  queue.o(i.xQueueGenericCreateStatic)
    xQueueGenericReset                       0x080055c9   Thumb Code   146  queue.o(i.xQueueGenericReset)
    xQueueGenericSend                        0x08005661   Thumb Code   420  queue.o(i.xQueueGenericSend)
    xQueueGenericSendFromISR                 0x08005809   Thumb Code   252  queue.o(i.xQueueGenericSendFromISR)
    xQueueReceive                            0x08005905   Thumb Code   356  queue.o(i.xQueueReceive)
    xQueueReceiveFromISR                     0x08005a6d   Thumb Code   202  queue.o(i.xQueueReceiveFromISR)
    xTaskCheckForTimeOut                     0x08005b39   Thumb Code   132  tasks.o(i.xTaskCheckForTimeOut)
    xTaskCreate                              0x08005bc5   Thumb Code   100  tasks.o(i.xTaskCreate)
    xTaskCreateStatic                        0x08005c29   Thumb Code   186  tasks.o(i.xTaskCreateStatic)
    xTaskGetSchedulerState                   0x08005ce5   Thumb Code    24  tasks.o(i.xTaskGetSchedulerState)
    xTaskGetTickCount                        0x08005d05   Thumb Code     6  tasks.o(i.xTaskGetTickCount)
    xTaskIncrementTick                       0x08005d11   Thumb Code   280  tasks.o(i.xTaskIncrementTick)
    xTaskPriorityDisinherit                  0x08005e55   Thumb Code   152  tasks.o(i.xTaskPriorityDisinherit)
    xTaskRemoveFromEventList                 0x08005ef9   Thumb Code   126  tasks.o(i.xTaskRemoveFromEventList)
    xTaskResumeAll                           0x08005f91   Thumb Code   222  tasks.o(i.xTaskResumeAll)
    xTimerCreateTimerTask                    0x08006095   Thumb Code   100  timers.o(i.xTimerCreateTimerTask)
    xTimerGenericCommand                     0x0800610d   Thumb Code   128  timers.o(i.xTimerGenericCommand)
    defaultTask_attributes                   0x08006190   Data          36  freertos.o(.constdata)
    OLEDTask_attributes                      0x080061b4   Data          36  freertos.o(.constdata)
    DHT11Task_attributes                     0x080061d8   Data          36  freertos.o(.constdata)
    CANTask_attributes                       0x080061fc   Data          36  freertos.o(.constdata)
    OLEDQueue_attributes                     0x08006220   Data          24  freertos.o(.constdata)
    CANQueue_attributes                      0x08006238   Data          24  freertos.o(.constdata)
    OLED_F8x16                               0x08006250   Data        1520  oled.o(.constdata)
    Hzk1                                     0x08006840   Data        1088  oled.o(.constdata)
    AHBPrescTable                            0x08006c92   Data          16  system_stm32f1xx.o(.constdata)
    APBPrescTable                            0x08006ca2   Data           8  system_stm32f1xx.o(.constdata)
    Region$$Table$$Base                      0x08006cf0   Number         0  anon$$obj.o(Region$$Table)
    Region$$Table$$Limit                     0x08006d10   Number         0  anon$$obj.o(Region$$Table)
    defaultTaskHandle                        0x20000000   Data           4  freertos.o(.data)
    OLEDTaskHandle                           0x20000004   Data           4  freertos.o(.data)
    DHT11TaskHandle                          0x20000008   Data           4  freertos.o(.data)
    CANTaskHandle                            0x2000000c   Data           4  freertos.o(.data)
    OLEDQueueHandle                          0x20000010   Data           4  freertos.o(.data)
    CANQueueHandle                           0x20000014   Data           4  freertos.o(.data)
    uwTick                                   0x20000018   Data           4  stm32f1xx_hal.o(.data)
    uwTickPrio                               0x2000001c   Data           4  stm32f1xx_hal.o(.data)
    uwTickFreq                               0x20000020   Data           1  stm32f1xx_hal.o(.data)
    SystemCoreClock                          0x20000024   Data           4  system_stm32f1xx.o(.data)
    pxCurrentTCB                             0x20000028   Data           4  tasks.o(.data)
    __stdout                                 0x200000a8   Data           4  stdout.o(.data)
    hcan                                     0x200000ac   Data          40  can.o(.bss)
    htim3                                    0x200000d4   Data          72  tim.o(.bss)
    huart1                                   0x2000011c   Data          72  usart.o(.bss)
    htim4                                    0x20000164   Data          72  stm32f1xx_hal_timebase_tim.o(.bss)
    xQueueRegistry                           0x200001ac   Data          64  queue.o(.bss)
    __initial_sp                             0x20002680   Data           0  startup_stm32f103xb.o(STACK)



==============================================================================

Memory Map of the image

  Image Entry point : 0x080000ed

  Load Region LR_IROM1 (Base: 0x08000000, Size: 0x00006dbc, Max: 0x00010000, ABSOLUTE)

    Execution Region ER_IROM1 (Exec base: 0x08000000, Load base: 0x08000000, Size: 0x00006d10, Max: 0x00010000, ABSOLUTE)

    Exec Addr    Load Addr    Size         Type   Attr      Idx    E Section Name        Object

    0x08000000   0x08000000   0x000000ec   Data   RO            3    RESET               startup_stm32f103xb.o
    0x080000ec   0x080000ec   0x00000000   Code   RO         5385  * .ARM.Collect$$$$00000000  mc_w.l(entry.o)
    0x080000ec   0x080000ec   0x00000004   Code   RO         5671    .ARM.Collect$$$$00000001  mc_w.l(entry2.o)
    0x080000f0   0x080000f0   0x00000004   Code   RO         5674    .ARM.Collect$$$$00000004  mc_w.l(entry5.o)
    0x080000f4   0x080000f4   0x00000000   Code   RO         5676    .ARM.Collect$$$$00000008  mc_w.l(entry7b.o)
    0x080000f4   0x080000f4   0x00000000   Code   RO         5678    .ARM.Collect$$$$0000000A  mc_w.l(entry8b.o)
    0x080000f4   0x080000f4   0x00000008   Code   RO         5679    .ARM.Collect$$$$0000000B  mc_w.l(entry9a.o)
    0x080000fc   0x080000fc   0x00000004   Code   RO         5686    .ARM.Collect$$$$0000000E  mc_w.l(entry12b.o)
    0x08000100   0x08000100   0x00000000   Code   RO         5681    .ARM.Collect$$$$0000000F  mc_w.l(entry10a.o)
    0x08000100   0x08000100   0x00000000   Code   RO         5683    .ARM.Collect$$$$00000011  mc_w.l(entry11a.o)
    0x08000100   0x08000100   0x00000004   Code   RO         5672    .ARM.Collect$$$$00002712  mc_w.l(entry2.o)
    0x08000104   0x08000104   0x00000096   Code   RO         5308    .emb_text           port.o
    0x0800019a   0x0800019a   0x00000002   PAD
    0x0800019c   0x0800019c   0x00000024   Code   RO            4    .text               startup_stm32f103xb.o
    0x080001c0   0x080001c0   0x00000020   Code   RO         5388    .text               mc_w.l(llushr.o)
    0x080001e0   0x080001e0   0x00000024   Code   RO         5390    .text               mc_w.l(memcpya.o)
    0x08000204   0x08000204   0x00000024   Code   RO         5394    .text               mc_w.l(memseta.o)
    0x08000228   0x08000228   0x000000b0   Code   RO         5659    .text               mf_w.l(fadd.o)
    0x080002d8   0x080002d8   0x00000064   Code   RO         5661    .text               mf_w.l(fmul.o)
    0x0800033c   0x0800033c   0x0000007c   Code   RO         5663    .text               mf_w.l(fdiv.o)
    0x080003b8   0x080003b8   0x0000000a   Code   RO         5665    .text               mf_w.l(ffltui.o)
    0x080003c2   0x080003c2   0x00000028   Code   RO         5667    .text               mf_w.l(ffixui.o)
    0x080003ea   0x080003ea   0x00000026   Code   RO         5669    .text               mf_w.l(f2d.o)
    0x08000410   0x08000410   0x0000002c   Code   RO         5688    .text               mc_w.l(uidiv.o)
    0x0800043c   0x0800043c   0x00000062   Code   RO         5690    .text               mc_w.l(uldiv.o)
    0x0800049e   0x0800049e   0x00000000   Code   RO         5692    .text               mc_w.l(iusefp.o)
    0x0800049e   0x0800049e   0x0000006e   Code   RO         5693    .text               mf_w.l(fepilogue.o)
    0x0800050c   0x0800050c   0x0000014e   Code   RO         5695    .text               mf_w.l(dadd.o)
    0x0800065a   0x0800065a   0x000000e4   Code   RO         5697    .text               mf_w.l(dmul.o)
    0x0800073e   0x0800073e   0x000000de   Code   RO         5699    .text               mf_w.l(ddiv.o)
    0x0800081c   0x0800081c   0x00000030   Code   RO         5701    .text               mf_w.l(dfixul.o)
    0x0800084c   0x0800084c   0x00000030   Code   RO         5703    .text               mf_w.l(cdrcmple.o)
    0x0800087c   0x0800087c   0x00000024   Code   RO         5705    .text               mc_w.l(init.o)
    0x080008a0   0x080008a0   0x0000001e   Code   RO         5707    .text               mc_w.l(llshl.o)
    0x080008be   0x080008be   0x00000024   Code   RO         5709    .text               mc_w.l(llsshr.o)
    0x080008e2   0x080008e2   0x000000ba   Code   RO         5711    .text               mf_w.l(depilogue.o)
    0x0800099c   0x0800099c   0x00000004   Code   RO          422    i.BusFault_Handler  stm32f1xx_it.o
    0x080009a0   0x080009a0   0x00000134   Code   RO          827    i.CANStartTask      can_task.o
    0x08000ad4   0x08000ad4   0x000000c4   Code   RO          870    i.CAN_Init          can_config.o
    0x08000b98   0x08000b98   0x00000130   Code   RO          871    i.CAN_ReceiveHandler  can_config.o
    0x08000cc8   0x08000cc8   0x00000030   Code   RO          872    i.CAN_SendData      can_config.o
    0x08000cf8   0x08000cf8   0x0000009c   Code   RO          639    i.DHT11StartTask    dht11_task.o
    0x08000d94   0x08000d94   0x00000058   Code   RO          555    i.DHT11_Check       dht11.o
    0x08000dec   0x08000dec   0x00000028   Code   RO          556    i.DHT11_IN          dht11.o
    0x08000e14   0x08000e14   0x00000058   Code   RO          557    i.DHT11_Init        dht11.o
    0x08000e6c   0x08000e6c   0x00000028   Code   RO          558    i.DHT11_OUT         dht11.o
    0x08000e94   0x08000e94   0x00000058   Code   RO          559    i.DHT11_Read_Bit    dht11.o
    0x08000eec   0x08000eec   0x0000001e   Code   RO          560    i.DHT11_Read_Byte   dht11.o
    0x08000f0a   0x08000f0a   0x00000058   Code   RO          561    i.DHT11_Read_Data   dht11.o
    0x08000f62   0x08000f62   0x00000002   PAD
    0x08000f64   0x08000f64   0x0000002c   Code   RO          562    i.DHT11_Strat       dht11.o
    0x08000f90   0x08000f90   0x00000002   Code   RO          423    i.DebugMon_Handler  stm32f1xx_it.o
    0x08000f92   0x08000f92   0x00000002   PAD
    0x08000f94   0x08000f94   0x0000002c   Code   RO          565    i.Delay_us          dht11.o
    0x08000fc0   0x08000fc0   0x00000006   Code   RO           13    i.Error_Handler     main.o
    0x08000fc6   0x08000fc6   0x0000002a   Code   RO         1931    i.HAL_CAN_ActivateNotification  stm32f1xx_hal_can.o
    0x08000ff0   0x08000ff0   0x0000014a   Code   RO         1932    i.HAL_CAN_AddTxMessage  stm32f1xx_hal_can.o
    0x0800113a   0x0800113a   0x0000010a   Code   RO         1933    i.HAL_CAN_ConfigFilter  stm32f1xx_hal_can.o
    0x08001244   0x08001244   0x00000002   Code   RO         1936    i.HAL_CAN_ErrorCallback  stm32f1xx_hal_can.o
    0x08001246   0x08001246   0x00000194   Code   RO         1939    i.HAL_CAN_GetRxMessage  stm32f1xx_hal_can.o
    0x080013da   0x080013da   0x0000024e   Code   RO         1943    i.HAL_CAN_IRQHandler  stm32f1xx_hal_can.o
    0x08001628   0x08001628   0x00000174   Code   RO         1944    i.HAL_CAN_Init      stm32f1xx_hal_can.o
    0x0800179c   0x0800179c   0x00000098   Code   RO          291    i.HAL_CAN_MspInit   can.o
    0x08001834   0x08001834   0x00000002   Code   RO         1951    i.HAL_CAN_RxFifo0FullCallback  stm32f1xx_hal_can.o
    0x08001836   0x08001836   0x0000000c   Code   RO          222    i.HAL_CAN_RxFifo0MsgPendingCallback  freertos.o
    0x08001842   0x08001842   0x00000002   Code   RO         1953    i.HAL_CAN_RxFifo1FullCallback  stm32f1xx_hal_can.o
    0x08001844   0x08001844   0x00000002   Code   RO         1954    i.HAL_CAN_RxFifo1MsgPendingCallback  stm32f1xx_hal_can.o
    0x08001846   0x08001846   0x00000002   Code   RO         1955    i.HAL_CAN_SleepCallback  stm32f1xx_hal_can.o
    0x08001848   0x08001848   0x0000005e   Code   RO         1956    i.HAL_CAN_Start     stm32f1xx_hal_can.o
    0x080018a6   0x080018a6   0x00000002   Code   RO         1958    i.HAL_CAN_TxMailbox0AbortCallback  stm32f1xx_hal_can.o
    0x080018a8   0x080018a8   0x00000002   Code   RO         1959    i.HAL_CAN_TxMailbox0CompleteCallback  stm32f1xx_hal_can.o
    0x080018aa   0x080018aa   0x00000002   Code   RO         1960    i.HAL_CAN_TxMailbox1AbortCallback  stm32f1xx_hal_can.o
    0x080018ac   0x080018ac   0x00000002   Code   RO         1961    i.HAL_CAN_TxMailbox1CompleteCallback  stm32f1xx_hal_can.o
    0x080018ae   0x080018ae   0x00000002   Code   RO         1962    i.HAL_CAN_TxMailbox2AbortCallback  stm32f1xx_hal_can.o
    0x080018b0   0x080018b0   0x00000002   Code   RO         1963    i.HAL_CAN_TxMailbox2CompleteCallback  stm32f1xx_hal_can.o
    0x080018b2   0x080018b2   0x00000002   Code   RO         1965    i.HAL_CAN_WakeUpFromRxMsgCallback  stm32f1xx_hal_can.o
    0x080018b4   0x080018b4   0x00000028   Code   RO         2171    i.HAL_Delay         stm32f1xx_hal.o
    0x080018dc   0x080018dc   0x00000320   Code   RO         2486    i.HAL_GPIO_Init     stm32f1xx_hal_gpio.o
    0x08001bfc   0x08001bfc   0x00000010   Code   RO         2488    i.HAL_GPIO_ReadPin  stm32f1xx_hal_gpio.o
    0x08001c0c   0x08001c0c   0x0000000c   Code   RO         2490    i.HAL_GPIO_WritePin  stm32f1xx_hal_gpio.o
    0x08001c18   0x08001c18   0x0000000c   Code   RO         2175    i.HAL_GetTick       stm32f1xx_hal.o
    0x08001c24   0x08001c24   0x00000018   Code   RO         2181    i.HAL_IncTick       stm32f1xx_hal.o
    0x08001c3c   0x08001c3c   0x00000028   Code   RO         2182    i.HAL_Init          stm32f1xx_hal.o
    0x08001c64   0x08001c64   0x000000b4   Code   RO          516    i.HAL_InitTick      stm32f1xx_hal_timebase_tim.o
    0x08001d18   0x08001d18   0x00000060   Code   RO          492    i.HAL_MspInit       stm32f1xx_hal_msp.o
    0x08001d78   0x08001d78   0x00000020   Code   RO         2646    i.HAL_NVIC_EnableIRQ  stm32f1xx_hal_cortex.o
    0x08001d98   0x08001d98   0x0000007c   Code   RO         2652    i.HAL_NVIC_SetPriority  stm32f1xx_hal_cortex.o
    0x08001e14   0x08001e14   0x00000028   Code   RO         2653    i.HAL_NVIC_SetPriorityGrouping  stm32f1xx_hal_cortex.o
    0x08001e3c   0x08001e3c   0x0000018c   Code   RO         2339    i.HAL_RCC_ClockConfig  stm32f1xx_hal_rcc.o
    0x08001fc8   0x08001fc8   0x00000044   Code   RO         2343    i.HAL_RCC_GetClockConfig  stm32f1xx_hal_rcc.o
    0x0800200c   0x0800200c   0x0000000c   Code   RO         2344    i.HAL_RCC_GetHCLKFreq  stm32f1xx_hal_rcc.o
    0x08002018   0x08002018   0x00000020   Code   RO         2346    i.HAL_RCC_GetPCLK1Freq  stm32f1xx_hal_rcc.o
    0x08002038   0x08002038   0x00000020   Code   RO         2347    i.HAL_RCC_GetPCLK2Freq  stm32f1xx_hal_rcc.o
    0x08002058   0x08002058   0x00000070   Code   RO         2348    i.HAL_RCC_GetSysClockFreq  stm32f1xx_hal_rcc.o
    0x080020c8   0x080020c8   0x00000464   Code   RO         2351    i.HAL_RCC_OscConfig  stm32f1xx_hal_rcc.o
    0x0800252c   0x0800252c   0x00000002   Code   RO         1663    i.HAL_TIMEx_BreakCallback  stm32f1xx_hal_tim_ex.o
    0x0800252e   0x0800252e   0x00000002   Code   RO         1664    i.HAL_TIMEx_CommutCallback  stm32f1xx_hal_tim_ex.o
    0x08002530   0x08002530   0x00000084   Code   RO         1682    i.HAL_TIMEx_MasterConfigSynchronization  stm32f1xx_hal_tim_ex.o
    0x080025b4   0x080025b4   0x00000066   Code   RO          948    i.HAL_TIM_Base_Init  stm32f1xx_hal_tim.o
    0x0800261a   0x0800261a   0x00000002   PAD
    0x0800261c   0x0800261c   0x00000030   Code   RO          333    i.HAL_TIM_Base_MspInit  tim.o
    0x0800264c   0x0800264c   0x0000006c   Code   RO          951    i.HAL_TIM_Base_Start  stm32f1xx_hal_tim.o
    0x080026b8   0x080026b8   0x00000078   Code   RO          953    i.HAL_TIM_Base_Start_IT  stm32f1xx_hal_tim.o
    0x08002730   0x08002730   0x00000032   Code   RO          954    i.HAL_TIM_Base_Stop  stm32f1xx_hal_tim.o
    0x08002762   0x08002762   0x0000010c   Code   RO          957    i.HAL_TIM_ConfigClockSource  stm32f1xx_hal_tim.o
    0x0800286e   0x0800286e   0x00000002   Code   RO          982    i.HAL_TIM_IC_CaptureCallback  stm32f1xx_hal_tim.o
    0x08002870   0x08002870   0x0000016c   Code   RO          996    i.HAL_TIM_IRQHandler  stm32f1xx_hal_tim.o
    0x080029dc   0x080029dc   0x00000002   Code   RO          999    i.HAL_TIM_OC_DelayElapsedCallback  stm32f1xx_hal_tim.o
    0x080029de   0x080029de   0x00000002   Code   RO         1026    i.HAL_TIM_PWM_PulseFinishedCallback  stm32f1xx_hal_tim.o
    0x080029e0   0x080029e0   0x00000018   Code   RO           14    i.HAL_TIM_PeriodElapsedCallback  main.o
    0x080029f8   0x080029f8   0x00000002   Code   RO         1039    i.HAL_TIM_TriggerCallback  stm32f1xx_hal_tim.o
    0x080029fa   0x080029fa   0x00000076   Code   RO         3202    i.HAL_UART_Init     stm32f1xx_hal_uart.o
    0x08002a70   0x08002a70   0x00000088   Code   RO          375    i.HAL_UART_MspInit  usart.o
    0x08002af8   0x08002af8   0x000000be   Code   RO         3210    i.HAL_UART_Transmit  stm32f1xx_hal_uart.o
    0x08002bb6   0x08002bb6   0x00000004   Code   RO          424    i.HardFault_Handler  stm32f1xx_it.o
    0x08002bba   0x08002bba   0x00000002   PAD
    0x08002bbc   0x08002bbc   0x00000040   Code   RO          292    i.MX_CAN_Init       can.o
    0x08002bfc   0x08002bfc   0x00000098   Code   RO          223    i.MX_FREERTOS_Init  freertos.o
    0x08002c94   0x08002c94   0x000000e4   Code   RO          198    i.MX_GPIO_Init      gpio.o
    0x08002d78   0x08002d78   0x0000006c   Code   RO          334    i.MX_TIM3_Init      tim.o
    0x08002de4   0x08002de4   0x00000038   Code   RO          376    i.MX_USART1_UART_Init  usart.o
    0x08002e1c   0x08002e1c   0x00000004   Code   RO          425    i.MemManage_Handler  stm32f1xx_it.o
    0x08002e20   0x08002e20   0x00000004   Code   RO          426    i.NMI_Handler       stm32f1xx_it.o
    0x08002e24   0x08002e24   0x00000150   Code   RO          802    i.OLEDStartTask     oled_task.o
    0x08002f74   0x08002f74   0x0000002a   Code   RO          664    i.OLED_Clear        oled.o
    0x08002f9e   0x08002f9e   0x00000014   Code   RO          665    i.OLED_I2C_Init     oled.o
    0x08002fb2   0x08002fb2   0x0000003e   Code   RO          666    i.OLED_I2C_SendByte  oled.o
    0x08002ff0   0x08002ff0   0x0000001c   Code   RO          667    i.OLED_I2C_Start    oled.o
    0x0800300c   0x0800300c   0x00000016   Code   RO          668    i.OLED_I2C_Stop     oled.o
    0x08003022   0x08003022   0x000000ae   Code   RO          669    i.OLED_Init         oled.o
    0x080030d0   0x080030d0   0x00000014   Code   RO          670    i.OLED_Pow          oled.o
    0x080030e4   0x080030e4   0x00000022   Code   RO          671    i.OLED_SetCursor    oled.o
    0x08003106   0x08003106   0x00000002   PAD
    0x08003108   0x08003108   0x00000074   Code   RO          673    i.OLED_ShowChar     oled.o
    0x0800317c   0x0800317c   0x00000044   Code   RO          676    i.OLED_ShowNum      oled.o
    0x080031c0   0x080031c0   0x00000028   Code   RO          678    i.OLED_ShowString   oled.o
    0x080031e8   0x080031e8   0x00000018   Code   RO          679    i.OLED_W_SCL        oled.o
    0x08003200   0x08003200   0x00000018   Code   RO          680    i.OLED_W_SDA        oled.o
    0x08003218   0x08003218   0x00000020   Code   RO          681    i.OLED_WriteCommand  oled.o
    0x08003238   0x08003238   0x00000020   Code   RO          682    i.OLED_WriteData    oled.o
    0x08003258   0x08003258   0x00000028   Code   RO         2352    i.RCC_Delay         stm32f1xx_hal_rcc.o
    0x08003280   0x08003280   0x0000000a   Code   RO          224    i.StartDefaultTask  freertos.o
    0x0800328a   0x0800328a   0x00000016   Code   RO         4726    i.SysTick_Handler   cmsis_os2.o
    0x080032a0   0x080032a0   0x00000066   Code   RO           15    i.SystemClock_Config  main.o
    0x08003306   0x08003306   0x00000002   Code   RO         3546    i.SystemInit        system_stm32f1xx.o
    0x08003308   0x08003308   0x00000010   Code   RO          427    i.TIM4_IRQHandler   stm32f1xx_it.o
    0x08003318   0x08003318   0x00000084   Code   RO         1041    i.TIM_Base_SetConfig  stm32f1xx_hal_tim.o
    0x0800339c   0x0800339c   0x00000016   Code   RO         1052    i.TIM_ETR_SetConfig  stm32f1xx_hal_tim.o
    0x080033b2   0x080033b2   0x00000012   Code   RO         1053    i.TIM_ITRx_SetConfig  stm32f1xx_hal_tim.o
    0x080033c4   0x080033c4   0x00000026   Code   RO         1059    i.TIM_TI1_ConfigInputStage  stm32f1xx_hal_tim.o
    0x080033ea   0x080033ea   0x00000028   Code   RO         1061    i.TIM_TI2_ConfigInputStage  stm32f1xx_hal_tim.o
    0x08003412   0x08003412   0x0000006c   Code   RO         3225    i.UART_EndRxTransfer  stm32f1xx_hal_uart.o
    0x0800347e   0x0800347e   0x00000002   PAD
    0x08003480   0x08003480   0x000000fc   Code   RO         3229    i.UART_SetConfig    stm32f1xx_hal_uart.o
    0x0800357c   0x0800357c   0x0000008c   Code   RO         3233    i.UART_WaitOnFlagUntilTimeout  stm32f1xx_hal_uart.o
    0x08003608   0x08003608   0x00000010   Code   RO          428    i.USB_LP_CAN1_RX0_IRQHandler  stm32f1xx_it.o
    0x08003618   0x08003618   0x00000004   Code   RO          429    i.UsageFault_Handler  stm32f1xx_it.o
    0x0800361c   0x0800361c   0x00000020   Code   RO         5631    i.__0printf         mc_w.l(printfa.o)
    0x0800363c   0x0800363c   0x00000010   Code   RO         2659    i.__NVIC_GetPriorityGrouping  stm32f1xx_hal_cortex.o
    0x0800364c   0x0800364c   0x00000028   Code   RO         2660    i.__NVIC_SetPriority  stm32f1xx_hal_cortex.o
    0x08003674   0x08003674   0x00000006   Code   RO         4728    i.__get_IPSR        cmsis_os2.o
    0x0800367a   0x0800367a   0x0000000e   Code   RO         5715    i.__scatterload_copy  mc_w.l(handlers.o)
    0x08003688   0x08003688   0x00000002   Code   RO         5716    i.__scatterload_null  mc_w.l(handlers.o)
    0x0800368a   0x0800368a   0x0000000e   Code   RO         5717    i.__scatterload_zeroinit  mc_w.l(handlers.o)
    0x08003698   0x08003698   0x00000184   Code   RO         5638    i._fp_digits        mc_w.l(printfa.o)
    0x0800381c   0x0800381c   0x000006b4   Code   RO         5639    i._printf_core      mc_w.l(printfa.o)
    0x08003ed0   0x08003ed0   0x00000024   Code   RO         5640    i._printf_post_padding  mc_w.l(printfa.o)
    0x08003ef4   0x08003ef4   0x0000002e   Code   RO         5641    i._printf_pre_padding  mc_w.l(printfa.o)
    0x08003f22   0x08003f22   0x00000002   PAD
    0x08003f24   0x08003f24   0x0000001c   Code   RO          377    i.fputc             usart.o
    0x08003f40   0x08003f40   0x00000028   Code   RO           16    i.main              main.o
    0x08003f68   0x08003f68   0x0000001e   Code   RO         4729    i.osDelay           cmsis_os2.o
    0x08003f86   0x08003f86   0x00000002   PAD
    0x08003f88   0x08003f88   0x0000002c   Code   RO         4743    i.osKernelInitialize  cmsis_os2.o
    0x08003fb4   0x08003fb4   0x00000060   Code   RO         4746    i.osKernelStart     cmsis_os2.o
    0x08004014   0x08004014   0x00000080   Code   RO         4758    i.osMessageQueueGet  cmsis_os2.o
    0x08004094   0x08004094   0x0000009a   Code   RO         4763    i.osMessageQueueNew  cmsis_os2.o
    0x0800412e   0x0800412e   0x00000002   PAD
    0x08004130   0x08004130   0x00000084   Code   RO         4764    i.osMessageQueuePut  cmsis_os2.o
    0x080041b4   0x080041b4   0x000000b8   Code   RO         4788    i.osThreadNew       cmsis_os2.o
    0x0800426c   0x0800426c   0x0000007c   Code   RO         4163    i.prvAddCurrentTaskToDelayedList  tasks.o
    0x080042e8   0x080042e8   0x000000b8   Code   RO         4164    i.prvAddNewTaskToReadyList  tasks.o
    0x080043a0   0x080043a0   0x00000074   Code   RO         4539    i.prvCheckForValidListAndQueue  timers.o
    0x08004414   0x08004414   0x00000048   Code   RO         4165    i.prvCheckTasksWaitingTermination  tasks.o
    0x0800445c   0x0800445c   0x0000002a   Code   RO         3750    i.prvCopyDataFromQueue  queue.o
    0x08004486   0x08004486   0x0000007e   Code   RO         3751    i.prvCopyDataToQueue  queue.o
    0x08004504   0x08004504   0x00000050   Code   RO         4166    i.prvDeleteTCB      tasks.o
    0x08004554   0x08004554   0x00000028   Code   RO         4540    i.prvGetNextExpireTime  timers.o
    0x0800457c   0x0800457c   0x0000007c   Code   RO         5253    i.prvHeapInit       heap_4.o
    0x080045f8   0x080045f8   0x00000028   Code   RO         4167    i.prvIdleTask       tasks.o
    0x08004620   0x08004620   0x0000002a   Code   RO         3754    i.prvInitialiseNewQueue  queue.o
    0x0800464a   0x0800464a   0x000000be   Code   RO         4168    i.prvInitialiseNewTask  tasks.o
    0x08004708   0x08004708   0x00000068   Code   RO         4169    i.prvInitialiseTaskLists  tasks.o
    0x08004770   0x08004770   0x00000068   Code   RO         5254    i.prvInsertBlockIntoFreeList  heap_4.o
    0x080047d8   0x080047d8   0x00000058   Code   RO         4542    i.prvInsertTimerInActiveList  timers.o
    0x08004830   0x08004830   0x0000001a   Code   RO         3755    i.prvIsQueueEmpty   queue.o
    0x0800484a   0x0800484a   0x0000001e   Code   RO         3756    i.prvIsQueueFull    queue.o
    0x08004868   0x08004868   0x00000074   Code   RO         4543    i.prvProcessExpiredTimer  timers.o
    0x080048dc   0x080048dc   0x00000164   Code   RO         4544    i.prvProcessReceivedCommands  timers.o
    0x08004a40   0x08004a40   0x00000074   Code   RO         4545    i.prvProcessTimerOrBlockTask  timers.o
    0x08004ab4   0x08004ab4   0x00000034   Code   RO         4171    i.prvResetNextTaskUnblockTime  tasks.o
    0x08004ae8   0x08004ae8   0x0000002c   Code   RO         4546    i.prvSampleTimeNow  timers.o
    0x08004b14   0x08004b14   0x000000a4   Code   RO         4547    i.prvSwitchTimerLists  timers.o
    0x08004bb8   0x08004bb8   0x00000040   Code   RO         5309    i.prvTaskExitError  port.o
    0x08004bf8   0x08004bf8   0x0000001a   Code   RO         4548    i.prvTimerTask      timers.o
    0x08004c12   0x08004c12   0x0000007e   Code   RO         3757    i.prvUnlockQueue    queue.o
    0x08004c90   0x08004c90   0x0000014c   Code   RO         5255    i.pvPortMalloc      heap_4.o
    0x08004ddc   0x08004ddc   0x00000024   Code   RO         5310    i.pxPortInitialiseStack  port.o
    0x08004e00   0x08004e00   0x00000028   Code   RO         3710    i.uxListRemove      list.o
    0x08004e28   0x08004e28   0x00000018   Code   RO         4800    i.vApplicationGetIdleTaskMemory  cmsis_os2.o
    0x08004e40   0x08004e40   0x00000018   Code   RO         4801    i.vApplicationGetTimerTaskMemory  cmsis_os2.o
    0x08004e58   0x08004e58   0x0000001a   Code   RO         3711    i.vListInitialise   list.o
    0x08004e72   0x08004e72   0x00000006   Code   RO         3712    i.vListInitialiseItem  list.o
    0x08004e78   0x08004e78   0x00000034   Code   RO         3713    i.vListInsert       list.o
    0x08004eac   0x08004eac   0x00000018   Code   RO         3714    i.vListInsertEnd    list.o
    0x08004ec4   0x08004ec4   0x00000054   Code   RO         5312    i.vPortEnterCritical  port.o
    0x08004f18   0x08004f18   0x0000003c   Code   RO         5313    i.vPortExitCritical  port.o
    0x08004f54   0x08004f54   0x000000a4   Code   RO         5256    i.vPortFree         heap_4.o
    0x08004ff8   0x08004ff8   0x00000028   Code   RO         5314    i.vPortSetupTimerInterrupt  port.o
    0x08005020   0x08005020   0x00000078   Code   RO         5315    i.vPortValidateInterruptPriority  port.o
    0x08005098   0x08005098   0x0000002c   Code   RO         3763    i.vQueueAddToRegistry  queue.o
    0x080050c4   0x080050c4   0x0000004a   Code   RO         3767    i.vQueueWaitForMessageRestricted  queue.o
    0x0800510e   0x0800510e   0x00000002   PAD
    0x08005110   0x08005110   0x0000005c   Code   RO         4184    i.vTaskDelay        tasks.o
    0x0800516c   0x0800516c   0x00000018   Code   RO         4189    i.vTaskInternalSetTimeOutState  tasks.o
    0x08005184   0x08005184   0x0000000c   Code   RO         4190    i.vTaskMissedYield  tasks.o
    0x08005190   0x08005190   0x00000038   Code   RO         4192    i.vTaskPlaceOnEventList  tasks.o
    0x080051c8   0x080051c8   0x00000040   Code   RO         4193    i.vTaskPlaceOnEventListRestricted  tasks.o
    0x08005208   0x08005208   0x000000b8   Code   RO         4201    i.vTaskStartScheduler  tasks.o
    0x080052c0   0x080052c0   0x00000010   Code   RO         4203    i.vTaskSuspendAll   tasks.o
    0x080052d0   0x080052d0   0x00000090   Code   RO         4204    i.vTaskSwitchContext  tasks.o
    0x08005360   0x08005360   0x000000f8   Code   RO         5316    i.xPortStartScheduler  port.o
    0x08005458   0x08005458   0x00000034   Code   RO         5317    i.xPortSysTickHandler  port.o
    0x0800548c   0x0800548c   0x0000005a   Code   RO         3772    i.xQueueGenericCreate  queue.o
    0x080054e6   0x080054e6   0x000000e0   Code   RO         3773    i.xQueueGenericCreateStatic  queue.o
    0x080055c6   0x080055c6   0x00000002   PAD
    0x080055c8   0x080055c8   0x00000098   Code   RO         3774    i.xQueueGenericReset  queue.o
    0x08005660   0x08005660   0x000001a8   Code   RO         3775    i.xQueueGenericSend  queue.o
    0x08005808   0x08005808   0x000000fc   Code   RO         3776    i.xQueueGenericSendFromISR  queue.o
    0x08005904   0x08005904   0x00000168   Code   RO         3785    i.xQueueReceive     queue.o
    0x08005a6c   0x08005a6c   0x000000ca   Code   RO         3786    i.xQueueReceiveFromISR  queue.o
    0x08005b36   0x08005b36   0x00000002   PAD
    0x08005b38   0x08005b38   0x0000008c   Code   RO         4206    i.xTaskCheckForTimeOut  tasks.o
    0x08005bc4   0x08005bc4   0x00000064   Code   RO         4207    i.xTaskCreate       tasks.o
    0x08005c28   0x08005c28   0x000000ba   Code   RO         4208    i.xTaskCreateStatic  tasks.o
    0x08005ce2   0x08005ce2   0x00000002   PAD
    0x08005ce4   0x08005ce4   0x00000020   Code   RO         4212    i.xTaskGetSchedulerState  tasks.o
    0x08005d04   0x08005d04   0x0000000c   Code   RO         4213    i.xTaskGetTickCount  tasks.o
    0x08005d10   0x08005d10   0x00000144   Code   RO         4215    i.xTaskIncrementTick  tasks.o
    0x08005e54   0x08005e54   0x000000a4   Code   RO         4218    i.xTaskPriorityDisinherit  tasks.o
    0x08005ef8   0x08005ef8   0x00000098   Code   RO         4220    i.xTaskRemoveFromEventList  tasks.o
    0x08005f90   0x08005f90   0x00000104   Code   RO         4221    i.xTaskResumeAll    tasks.o
    0x08006094   0x08006094   0x00000078   Code   RO         4557    i.xTimerCreateTimerTask  timers.o
    0x0800610c   0x0800610c   0x00000084   Code   RO         4558    i.xTimerGenericCommand  timers.o
    0x08006190   0x08006190   0x000000c0   Data   RO          225    .constdata          freertos.o
    0x08006250   0x08006250   0x00000a30   Data   RO          683    .constdata          oled.o
    0x08006c80   0x08006c80   0x00000012   Data   RO         2353    .constdata          stm32f1xx_hal_rcc.o
    0x08006c92   0x08006c92   0x00000018   Data   RO         3547    .constdata          system_stm32f1xx.o
    0x08006caa   0x08006caa   0x00000002   PAD
    0x08006cac   0x08006cac   0x00000044   Data   RO          226    .conststring        freertos.o
    0x08006cf0   0x08006cf0   0x00000020   Data   RO         5713    Region$$Table       anon$$obj.o


    Execution Region RW_IRAM1 (Exec base: 0x20000000, Load base: 0x08006d10, Size: 0x00002680, Max: 0x00005000, ABSOLUTE)

    Exec Addr    Load Addr    Size         Type   Attr      Idx    E Section Name        Object

    0x20000000   0x08006d10   0x00000018   Data   RW          227    .data               freertos.o
    0x20000018   0x08006d28   0x00000009   Data   RW         2189    .data               stm32f1xx_hal.o
    0x20000021   0x08006d31   0x00000003   PAD
    0x20000024   0x08006d34   0x00000004   Data   RW         3548    .data               system_stm32f1xx.o
    0x20000028   0x08006d38   0x0000003c   Data   RW         4224    .data               tasks.o
    0x20000064   0x08006d74   0x00000014   Data   RW         4566    .data               timers.o
    0x20000078   0x08006d88   0x00000004   Data   RW         4803    .data               cmsis_os2.o
    0x2000007c   0x08006d8c   0x00000020   Data   RW         5262    .data               heap_4.o
    0x2000009c   0x08006dac   0x0000000c   Data   RW         5318    .data               port.o
    0x200000a8   0x08006db8   0x00000004   Data   RW         5687    .data               mc_w.l(stdout.o)
    0x200000ac        -       0x00000028   Zero   RW          293    .bss                can.o
    0x200000d4        -       0x00000048   Zero   RW          335    .bss                tim.o
    0x2000011c        -       0x00000048   Zero   RW          378    .bss                usart.o
    0x20000164        -       0x00000048   Zero   RW          519    .bss                stm32f1xx_hal_timebase_tim.o
    0x200001ac        -       0x00000040   Zero   RW         3789    .bss                queue.o
    0x200001ec        -       0x000004c4   Zero   RW         4223    .bss                tasks.o
    0x200006b0        -       0x00000118   Zero   RW         4565    .bss                timers.o
    0x200007c8        -       0x000006b8   Zero   RW         4802    .bss                cmsis_os2.o
    0x20000e80        -       0x00001400   Zero   RW         5261    .bss                heap_4.o
    0x20002280        -       0x00000400   Zero   RW            1    STACK               startup_stm32f103xb.o


==============================================================================

Image component sizes


      Code (inc. data)   RO Data    RW Data    ZI Data      Debug   Object Name

       216         22          0          0         40       1571   can.o
       548        206          0          0          0       2515   can_config.o
       308        114          0          0          0       4880   can_task.o
       844         46          0          4       1720      57343   cmsis_os2.o
       550         40          0          0          0       5092   dht11.o
       156         10          0          0          0        681   dht11_task.o
         0          0          0          0          0      19588   event_groups.o
       174         64        260         24          0       3826   freertos.o
       228         12          0          0          0        927   gpio.o
       724         74          0         32       5120       4683   heap_4.o
       148          0          0          0          0       3338   list.o
       172          6          0          0          0     450368   main.o
       738         18       2608          0          0       8388   oled.o
       336         80          0          0          0        744   oled_task.o
       854         78          0         12          0      10709   port.o
      2214         20          0          0         64      19129   queue.o
        36          8        236          0       1024        788   startup_stm32f103xb.o
       116         24          0          9          0       5130   stm32f1xx_hal.o
      2122          0          0          0          0      13427   stm32f1xx_hal_can.o
       252         22          0          0          0      28590   stm32f1xx_hal_cortex.o
       828         34          0          0          0       3247   stm32f1xx_hal_gpio.o
        96         10          0          0          0        862   stm32f1xx_hal_msp.o
      1816        108         18          0          0       6437   stm32f1xx_hal_rcc.o
      1270         40          0          0          0      10376   stm32f1xx_hal_tim.o
       136         14          0          0          0       2357   stm32f1xx_hal_tim_ex.o
       180         22          0          0         72       1415   stm32f1xx_hal_timebase_tim.o
       808          4          0          0          0       4272   stm32f1xx_hal_uart.o
        54         12          0          0          0       3416   stm32f1xx_it.o
         0          0          0          0          0        432   stream_buffer.o
         2          0         24          4          0       1071   system_stm32f1xx.o
      2808        346          0         60       1220      26182   tasks.o
       156         16          0          0         72       1550   tim.o
      1318        124          0         20        280      32423   timers.o
       220         30          0          0         72       2090   usart.o

    ----------------------------------------------------------------------
     20454       1604       3180        168       9684     737847   Object Totals
         0          0         32          0          0          0   (incl. Generated)
        26          0          2          3          0          0   (incl. Padding)

    ----------------------------------------------------------------------

      Code (inc. data)   RO Data    RW Data    ZI Data      Debug   Library Member Name

         0          0          0          0          0          0   entry.o
         0          0          0          0          0          0   entry10a.o
         0          0          0          0          0          0   entry11a.o
         4          0          0          0          0          0   entry12b.o
         8          4          0          0          0          0   entry2.o
         4          0          0          0          0          0   entry5.o
         0          0          0          0          0          0   entry7b.o
         0          0          0          0          0          0   entry8b.o
         8          4          0          0          0          0   entry9a.o
        30          0          0          0          0          0   handlers.o
        36          8          0          0          0         68   init.o
         0          0          0          0          0          0   iusefp.o
        30          0          0          0          0         68   llshl.o
        36          0          0          0          0         68   llsshr.o
        32          0          0          0          0         68   llushr.o
        36          0          0          0          0         68   memcpya.o
        36          0          0          0          0        108   memseta.o
      2218         90          0          0          0        464   printfa.o
         0          0          0          4          0          0   stdout.o
        44          0          0          0          0         80   uidiv.o
        98          0          0          0          0         92   uldiv.o
        48          0          0          0          0         68   cdrcmple.o
       334          0          0          0          0        148   dadd.o
       222          0          0          0          0        100   ddiv.o
       186          0          0          0          0        176   depilogue.o
        48          0          0          0          0         68   dfixul.o
       228          0          0          0          0         96   dmul.o
        38          0          0          0          0         68   f2d.o
       176          0          0          0          0        140   fadd.o
       124          0          0          0          0         88   fdiv.o
       110          0          0          0          0        168   fepilogue.o
        40          0          0          0          0         68   ffixui.o
        10          0          0          0          0         68   ffltui.o
       100          0          0          0          0         76   fmul.o

    ----------------------------------------------------------------------
      4286        106          0          4          0       2416   Library Totals
         2          0          0          0          0          0   (incl. Padding)

    ----------------------------------------------------------------------

      Code (inc. data)   RO Data    RW Data    ZI Data      Debug   Library Name

      2620        106          0          4          0       1084   mc_w.l
      1664          0          0          0          0       1332   mf_w.l

    ----------------------------------------------------------------------
      4286        106          0          4          0       2416   Library Totals

    ----------------------------------------------------------------------

==============================================================================


      Code (inc. data)   RO Data    RW Data    ZI Data      Debug   

     24740       1710       3180        172       9684     729131   Grand Totals
     24740       1710       3180        172       9684     729131   ELF Image Totals
     24740       1710       3180        172          0          0   ROM Totals

==============================================================================

    Total RO  Size (Code + RO Data)                27920 (  27.27kB)
    Total RW  Size (RW Data + ZI Data)              9856 (   9.63kB)
    Total ROM Size (Code + RO Data + RW Data)      28092 (  27.43kB)

==============================================================================

